正在执行...timeInterval=10000
[GC (Allocation Failure)  139776K->46526K(506816K), 0.0136536 secs]
[GC (Allocation Failure)  186302K->91272K(506816K), 0.0206729 secs]
[GC (Allocation Failure)  231048K->139024K(506816K), 0.0285056 secs]
[GC (Allocation Failure)  278800K->178284K(506816K), 0.0239108 secs]
[GC (Allocation Failure)  317347K->221036K(506816K), 0.0299472 secs]
[GC (CMS Initial Mark)  221766K(506816K), 0.0002052 secs]
[GC (Allocation Failure)  360812K->263987K(506816K), 0.0308725 secs]
[GC (Allocation Failure)  403763K->304460K(506816K), 0.0263418 secs]
[GC (Allocation Failure)  444205K->348453K(506816K), 0.0299760 secs]
[GC (CMS Final Remark)  352104K(506816K), 0.0010675 secs]
[GC (Allocation Failure)  445595K->345257K(506816K), 0.0126791 secs]
[GC (CMS Initial Mark)  346055K(506816K), 0.0001145 secs]
[GC (CMS Final Remark)  361995K(506816K), 0.0009858 secs]
[GC (Allocation Failure)  392912K->298237K(506816K), 0.0143492 secs]
[GC (CMS Initial Mark)  298601K(506816K), 0.0001246 secs]
[GC (Allocation Failure)  438013K->342494K(506816K), 0.0132587 secs]
[Full GC (Allocation Failure)  482270K->297050K(506816K), 0.0847202 secs]
[GC (Allocation Failure)  436826K->336953K(506816K), 0.0086433 secs]
[GC (CMS Initial Mark)  337292K(506816K), 0.0002311 secs]
[GC (Allocation Failure)  476729K->506015K(506816K), 0.0140102 secs]
[Full GC (Allocation Failure)  506015K->298901K(506816K), 0.0831612 secs]
[GC (Allocation Failure)  438673K->345302K(506816K), 0.0138341 secs]
[GC (CMS Initial Mark)  349009K(506816K), 0.0001763 secs]
[GC (CMS Final Remark)  367715K(506816K), 0.0010118 secs]
[GC (Allocation Failure)  447398K->353758K(506816K), 0.0167125 secs]
[GC (CMS Initial Mark)  354491K(506816K), 0.0001410 secs]
[GC (CMS Final Remark)  360653K(506816K), 0.0012950 secs]
[GC (Allocation Failure)  451959K->356869K(506816K), 0.0150572 secs]
[GC (CMS Initial Mark)  357013K(506816K), 0.0001241 secs]
[GC (CMS Final Remark)  375425K(506816K), 0.0009691 secs]
[Full GC (Allocation Failure)  462210K->326807K(506816K), 0.0737353 secs]
[GC (CMS Initial Mark)  329879K(506816K), 0.0001606 secs]
[Full GC (Allocation Failure)  466583K->326821K(506816K), 0.0912116 secs]
[Full GC (Allocation Failure)  466597K->332235K(506816K), 0.1073630 secs]
[GC (CMS Initial Mark)  335068K(506816K), 0.0053416 secs]
[Full GC (Allocation Failure)  472011K->333188K(506816K), 0.1040463 secs]
[Full GC (Allocation Failure)  472199K->338785K(506816K), 0.1012586 secs]
[GC (CMS Initial Mark)  350349K(506816K), 0.0002623 secs]
[GC (CMS Final Remark)  447401K(506816K), 0.0015871 secs]
[Full GC (Allocation Failure)  474506K->347322K(506816K), 0.1012516 secs]
[GC (CMS Initial Mark)  347610K(506816K), 0.0001552 secs]
[GC (CMS Final Remark)  366808K(506816K), 0.0017632 secs]
[Full GC (Allocation Failure)  486123K->350106K(506816K), 0.1109854 secs]
[GC (CMS Initial Mark)  350440K(506816K), 0.0001851 secs]
[GC (CMS Final Remark)  368891K(506816K), 0.0011297 secs]
[Full GC (Allocation Failure)  506313K->354763K(506816K), 0.0960383 secs]
[GC (CMS Initial Mark)  355144K(506816K), 0.0002157 secs]
[GC (CMS Final Remark)  376140K(506816K), 0.0012449 secs]
[Full GC (Allocation Failure)  506050K->360922K(506816K), 0.0866183 secs]
[GC (CMS Initial Mark)  361066K(506816K), 0.0001375 secs]
[GC (CMS Final Remark)  381927K(506816K), 0.0011604 secs]
[Full GC (Allocation Failure)  506683K->353817K(506816K), 0.0826056 secs]
[GC (CMS Initial Mark)  353950K(506816K), 0.0002570 secs]
[GC (CMS Final Remark)  373753K(506816K), 0.0017057 secs]
[Full GC (Allocation Failure)  506714K->356569K(506816K), 0.0799260 secs]
[GC (CMS Initial Mark)  357118K(506816K), 0.0001128 secs]
[GC (CMS Final Remark)  375629K(506816K), 0.0021559 secs]
[Full GC (Allocation Failure)  506256K->359602K(506816K), 0.0920267 secs]
[GC (CMS Initial Mark)  359890K(506816K), 0.0002122 secs]
[GC (CMS Final Remark)  378211K(506816K), 0.0009833 secs]
[Full GC (Allocation Failure)  506172K->359536K(506816K), 0.0907709 secs]
[GC (CMS Initial Mark)  363056K(506816K), 0.0002065 secs]
[GC (CMS Final Remark)  379190K(506816K), 0.0014367 secs]
[Full GC (Allocation Failure)  505773K->364396K(506816K), 0.1043710 secs]
[GC (CMS Initial Mark)  364726K(506816K), 0.0001469 secs]
[GC (CMS Final Remark)  389735K(506816K), 0.0013737 secs]
[Full GC (Allocation Failure)  505731K->373159K(506816K), 0.1092622 secs]
[GC (CMS Initial Mark)  373412K(506816K), 0.0001603 secs]
[GC (CMS Final Remark)  393385K(506816K), 0.0010353 secs]
[Full GC (Allocation Failure)  505757K->369884K(506816K), 0.1116817 secs]
[GC (CMS Initial Mark)  369923K(506816K), 0.0001696 secs]
[GC (CMS Final Remark)  420649K(506816K), 0.0020006 secs]
[Full GC (Allocation Failure)  505839K->372991K(506816K), 0.1241729 secs]
[GC (CMS Initial Mark)  373279K(506816K), 0.0001643 secs]
[GC (CMS Final Remark)  408252K(506816K), 0.0011462 secs]
[Full GC (Allocation Failure)  506195K->366123K(506816K), 0.1116725 secs]
[GC (CMS Initial Mark)  369228K(506816K), 0.0002111 secs]
[GC (CMS Final Remark)  373401K(506816K), 0.0022660 secs]
[Full GC (Allocation Failure)  505855K->369314K(506816K), 0.1544930 secs]
[GC (CMS Initial Mark)  372069K(506816K), 0.0002815 secs]
[GC (CMS Final Remark)  405807K(506816K), 0.0021208 secs]
[Full GC (Allocation Failure)  505647K->373346K(506816K), 0.1473589 secs]
[GC (CMS Initial Mark)  377138K(506816K), 0.0004238 secs]
[GC (CMS Final Remark)  408401K(506816K), 0.0011328 secs]
[Full GC (Allocation Failure)  504986K->373812K(506816K), 0.1618525 secs]
[GC (CMS Initial Mark)  374270K(506816K), 0.0001958 secs]
[GC (CMS Final Remark)  410422K(506816K), 0.0126155 secs]
[Full GC (Allocation Failure)  506244K->382342K(506816K), 0.1334542 secs]
[GC (CMS Initial Mark)  387874K(506816K), 0.0004444 secs]
[GC (CMS Final Remark)  443462K(506816K), 0.0050683 secs]
[Full GC (Allocation Failure)  504760K->384377K(506816K), 0.1708691 secs]
[GC (CMS Initial Mark)  384404K(506816K), 0.0002222 secs]
[GC (CMS Final Remark)  429434K(506816K), 0.0020316 secs]
[Full GC (Allocation Failure)  506537K->388717K(506816K), 0.1685319 secs]
[GC (CMS Initial Mark)  388861K(506816K), 0.0001919 secs]
[GC (CMS Final Remark)  400547K(506816K), 0.0011166 secs]
[Full GC (Allocation Failure)  506378K->389350K(506816K), 0.1550315 secs]
[GC (CMS Initial Mark)  394859K(506816K), 0.0002681 secs]
[GC (CMS Final Remark)  431963K(506816K), 0.0065905 secs]
[Full GC (Allocation Failure)  504836K->396237K(506816K), 0.1373064 secs]
[GC (CMS Initial Mark)  396523K(506816K), 0.0001552 secs]
[GC (CMS Final Remark)  420486K(506816K), 0.0010011 secs]
[Full GC (Allocation Failure)  505889K->392848K(506816K), 0.0888097 secs]
[GC (CMS Initial Mark)  488978K(506816K), 0.0009987 secs]
[GC (CMS Final Remark)  495214K(506816K), 0.0023991 secs]
[GC (Allocation Failure)  477609K->492370K(506816K), 0.0114301 secs]
[Full GC (Allocation Failure)  492370K->389287K(506816K), 0.0967910 secs]
[GC (CMS Initial Mark)  389658K(506816K), 0.0002990 secs]
[GC (CMS Final Remark)  410167K(506816K), 0.0015992 secs]
[Full GC (Allocation Failure)  506133K->387957K(506816K), 0.1646249 secs]
[GC (CMS Initial Mark)  388029K(506816K), 0.0001941 secs]
[GC (CMS Final Remark)  407704K(506816K), 0.0018652 secs]
[Full GC (Allocation Failure)  506433K->381947K(506816K), 0.1626234 secs]
[GC (CMS Initial Mark)  382212K(506816K), 0.0001500 secs]
[GC (CMS Final Remark)  400931K(506816K), 0.0009126 secs]
[Full GC (Allocation Failure)  506011K->379357K(506816K), 0.1111062 secs]
[GC (CMS Initial Mark)  379991K(506816K), 0.0002131 secs]
[GC (CMS Final Remark)  409622K(506816K), 0.0013059 secs]
[Full GC (Allocation Failure)  505590K->374261K(506816K), 0.0892884 secs]
[GC (CMS Initial Mark)  376750K(506816K), 0.0001208 secs]
[GC (CMS Final Remark)  398082K(506816K), 0.0010043 secs]
[Full GC (Allocation Failure)  506639K->378293K(506816K), 0.0786669 secs]
[GC (CMS Initial Mark)  380853K(506816K), 0.0003511 secs]
[GC (CMS Final Remark)  398072K(506816K), 0.0015932 secs]
[Full GC (Allocation Failure)  505780K->375148K(506816K), 0.0853808 secs]
[GC (CMS Initial Mark)  375935K(506816K), 0.0002197 secs]
[GC (CMS Final Remark)  401852K(506816K), 0.0012170 secs]
[Full GC (Allocation Failure)  506158K->373305K(506816K), 0.0817727 secs]
[GC (CMS Initial Mark)  376218K(506816K), 0.0001564 secs]
[GC (CMS Final Remark)  394160K(506816K), 0.0011782 secs]
[Full GC (Allocation Failure)  506443K->368245K(506816K), 0.0778033 secs]
[GC (CMS Initial Mark)  368664K(506816K), 0.0001238 secs]
[GC (CMS Final Remark)  390469K(506816K), 0.0008306 secs]
[Full GC (Allocation Failure)  506493K->362257K(506816K), 0.0828249 secs]
[GC (CMS Initial Mark)  362340K(506816K), 0.0001621 secs]
[GC (CMS Final Remark)  387338K(506816K), 0.0010710 secs]
[Full GC (Allocation Failure)  505432K->358335K(506816K), 0.0993466 secs]
[GC (CMS Initial Mark)  358683K(506816K), 0.0002492 secs]
[GC (CMS Final Remark)  381506K(506816K), 0.0010144 secs]
[Full GC (Allocation Failure)  506485K->364431K(506816K), 0.0810041 secs]
[GC (CMS Initial Mark)  375091K(506816K), 0.0002035 secs]
[GC (CMS Final Remark)  397649K(506816K), 0.0011024 secs]
[Full GC (Allocation Failure)  504628K->365191K(506816K), 0.0902177 secs]
[GC (CMS Initial Mark)  365436K(506816K), 0.0001323 secs]
[GC (CMS Final Remark)  383648K(506816K), 0.0010367 secs]
[Full GC (Allocation Failure)  506361K->371498K(506816K), 0.0800848 secs]
[GC (CMS Initial Mark)  371574K(506816K), 0.0001239 secs]
[GC (CMS Final Remark)  394414K(506816K), 0.0009159 secs]
[Full GC (Allocation Failure)  504917K->370882K(506816K), 0.0744434 secs]
[GC (CMS Initial Mark)  371600K(506816K), 0.0001354 secs]
[GC (CMS Final Remark)  397841K(506816K), 0.0009266 secs]
[Full GC (Allocation Failure)  505302K->371415K(506816K), 0.0730801 secs]
[GC (CMS Initial Mark)  374609K(506816K), 0.0003297 secs]
[GC (CMS Final Remark)  391549K(506816K), 0.0010921 secs]
[Full GC (Allocation Failure)  505208K->360858K(506816K), 0.0990970 secs]
[GC (CMS Initial Mark)  361648K(506816K), 0.0002676 secs]
[GC (CMS Final Remark)  387192K(506816K), 0.0014449 secs]
[Full GC (Allocation Failure)  505744K->363392K(506816K), 0.1535374 secs]
[GC (CMS Initial Mark)  364071K(506816K), 0.0002075 secs]
[GC (CMS Final Remark)  391922K(506816K), 0.0028381 secs]
[Full GC (Allocation Failure)  506701K->365416K(506816K), 0.1504137 secs]
[GC (CMS Initial Mark)  365584K(506816K), 0.0001645 secs]
[GC (CMS Final Remark)  388246K(506816K), 0.0013217 secs]
[Full GC (Allocation Failure)  506554K->367619K(506816K), 0.0955920 secs]
[GC (CMS Initial Mark)  368389K(506816K), 0.0001387 secs]
[GC (CMS Final Remark)  389654K(506816K), 0.0009809 secs]
[Full GC (Allocation Failure)  505486K->369086K(506816K), 0.0938955 secs]
[GC (CMS Initial Mark)  369230K(506816K), 0.0001367 secs]
[GC (CMS Final Remark)  396134K(506816K), 0.0012694 secs]
[Full GC (Allocation Failure)  506125K->368974K(506816K), 0.1022402 secs]
[GC (CMS Initial Mark)  369262K(506816K), 0.0001450 secs]
[GC (CMS Final Remark)  379324K(506816K), 0.0011891 secs]
[Full GC (Allocation Failure)  506648K->373649K(506816K), 0.1035710 secs]
[GC (CMS Initial Mark)  373937K(506816K), 0.0001792 secs]
[GC (CMS Final Remark)  417027K(506816K), 0.0015221 secs]
[Full GC (Allocation Failure)  506534K->370522K(506816K), 0.1155241 secs]
[GC (CMS Initial Mark)  370910K(506816K), 0.0001761 secs]
[GC (CMS Final Remark)  394055K(506816K), 0.0011690 secs]
[Full GC (Allocation Failure)  506595K->375047K(506816K), 0.1122486 secs]
[GC (CMS Initial Mark)  375384K(506816K), 0.0001822 secs]
[GC (CMS Final Remark)  399643K(506816K), 0.0013738 secs]
[Full GC (Allocation Failure)  506408K->377120K(506816K), 0.0992831 secs]
[GC (CMS Initial Mark)  377460K(506816K), 0.0001568 secs]
[GC (CMS Final Remark)  388335K(506816K), 0.0016583 secs]
[Full GC (Allocation Failure)  506703K->380025K(506816K), 0.1196611 secs]
[GC (CMS Initial Mark)  380319K(506816K), 0.0001736 secs]
[GC (CMS Final Remark)  404503K(506816K), 0.0008848 secs]
[Full GC (Allocation Failure)  506126K->375308K(506816K), 0.1021134 secs]
[GC (CMS Initial Mark)  375992K(506816K), 0.0001918 secs]
[GC (CMS Final Remark)  387419K(506816K), 0.0008419 secs]
[Full GC (Allocation Failure)  506278K->374532K(506816K), 0.0920847 secs]
[GC (CMS Initial Mark)  374906K(506816K), 0.0002779 secs]
[GC (CMS Final Remark)  393674K(506816K), 0.0011716 secs]
[Full GC (Allocation Failure)  506144K->381199K(506816K), 0.0790654 secs]
[GC (CMS Initial Mark)  384321K(506816K), 0.0002558 secs]
[GC (CMS Final Remark)  405574K(506816K), 0.0010028 secs]
[Full GC (Allocation Failure)  505802K->379197K(506816K), 0.0874925 secs]
[GC (CMS Initial Mark)  379824K(506816K), 0.0003031 secs]
[GC (CMS Final Remark)  397520K(506816K), 0.0015117 secs]
[Full GC (Allocation Failure)  506050K->384463K(506816K), 0.1143613 secs]
[GC (CMS Initial Mark)  384751K(506816K), 0.0001576 secs]
[GC (CMS Final Remark)  406367K(506816K), 0.0009327 secs]
[Full GC (Allocation Failure)  505979K->381245K(506816K), 0.1015937 secs]
[GC (CMS Initial Mark)  381281K(506816K), 0.0002711 secs]
[GC (CMS Final Remark)  396889K(506816K), 0.0012839 secs]
[Full GC (Allocation Failure)  506357K->377472K(506816K), 0.0979183 secs]
[GC (CMS Initial Mark)  378228K(506816K), 0.0001914 secs]
[GC (CMS Final Remark)  396987K(506816K), 0.0011747 secs]
[Full GC (Allocation Failure)  506275K->374022K(506816K), 0.1041837 secs]
[GC (CMS Initial Mark)  374730K(506816K), 0.0001844 secs]
[GC (CMS Final Remark)  393960K(506816K), 0.0016334 secs]
[Full GC (Allocation Failure)  506310K->377978K(506816K), 0.1316911 secs]
[GC (CMS Initial Mark)  378122K(506816K), 0.0002448 secs]
[GC (CMS Final Remark)  387313K(506816K), 0.0014005 secs]
[Full GC (Allocation Failure)  505160K->376699K(506816K), 0.0912251 secs]
[GC (CMS Initial Mark)  377314K(506816K), 0.0001391 secs]
执行结束!共生成对象次数:41362
