正在执行...timeInterval=10000
[GC (Allocation Failure)  409024K->110688K(4143232K), 0.0310236 secs]
[GC (Allocation Failure)  519712K->227145K(4143232K), 0.0495631 secs]
[GC (Allocation Failure)  636169K->324170K(4143232K), 0.0635310 secs]
[GC (Allocation Failure)  733194K->435462K(4143232K), 0.0690451 secs]
[GC (Allocation Failure)  844486K->534006K(4143232K), 0.0616313 secs]
[GC (Allocation Failure)  943030K->641615K(4143232K), 0.0659074 secs]
[GC (Allocation Failure)  1050639K->741584K(4143232K), 0.0606733 secs]
[GC (Allocation Failure)  1150608K->832218K(4143232K), 0.0602573 secs]
[GC (Allocation Failure)  1241242K->953792K(4143232K), 0.0658862 secs]
[GC (Allocation Failure)  1362816K->1061731K(4143232K), 0.0751636 secs]
[GC (Allocation Failure)  1470755K->1176531K(4143232K), 0.0735884 secs]
[GC (Allocation Failure)  1585555K->1293046K(4143232K), 0.1011553 secs]
[GC (Allocation Failure)  1702070K->1399143K(4143232K), 0.0585726 secs]
[GC (Allocation Failure)  1808167K->1511640K(4143232K), 0.0671888 secs]
[GC (Allocation Failure)  1920664K->1619477K(4143232K), 0.0865110 secs]
[GC (Allocation Failure)  2028501K->1730833K(4143232K), 0.1201894 secs]
[GC (Allocation Failure)  2139857K->1841901K(4143232K), 0.0768512 secs]
[GC (Allocation Failure)  2250925K->1950742K(4143232K), 0.1237275 secs]
[GC (CMS Initial Mark)  1950778K(4143232K), 0.0002086 secs]
[GC (Allocation Failure)  2359420K->2063413K(4143232K), 0.2476112 secs]
[GC (CMS Final Remark)  2063940K(4143232K), 0.0095116 secs]
[GC (Allocation Failure)  896392K->599781K(4143232K), 0.1766968 secs]
[GC (Allocation Failure)  1008762K->719214K(4143232K), 0.0385529 secs]
[GC (Allocation Failure)  1128238K->826042K(4143232K), 0.0499071 secs]
[GC (Allocation Failure)  1235066K->933123K(4143232K), 0.0462053 secs]
[GC (Allocation Failure)  1342147K->1042315K(4143232K), 0.0482188 secs]
[GC (Allocation Failure)  1451339K->1153035K(4143232K), 0.0346819 secs]
[GC (Allocation Failure)  1562059K->1256386K(4143232K), 0.0386494 secs]
[GC (Allocation Failure)  1665410K->1358906K(4143232K), 0.0344771 secs]
[GC (Allocation Failure)  1767930K->1462051K(4143232K), 0.0377630 secs]
[GC (Allocation Failure)  1871075K->1582039K(4143232K), 0.0382039 secs]
[GC (Allocation Failure)  1991063K->1693265K(4143232K), 0.0363513 secs]
[GC (Allocation Failure)  2102289K->1799652K(4143232K), 0.0359855 secs]
[GC (Allocation Failure)  2208676K->1910347K(4143232K), 0.0374848 secs]
[GC (Allocation Failure)  2319371K->2018391K(4143232K), 0.0407653 secs]
[GC (Allocation Failure)  2427415K->2126150K(4143232K), 0.0573549 secs]
[GC (Allocation Failure)  2535174K->2236452K(4143232K), 0.4441125 secs]
[GC (Allocation Failure)  2645476K->2346561K(4143232K), 0.7220543 secs]
[GC (Allocation Failure)  2755585K->2464705K(4143232K), 0.1413348 secs]
[GC (Allocation Failure)  2873729K->2579600K(4143232K), 0.0926406 secs]
[GC (Allocation Failure)  2988624K->2688432K(4143232K), 0.0893854 secs]
[GC (Allocation Failure)  3097456K->2802703K(4143232K), 0.0891104 secs]
[GC (Allocation Failure)  3211727K->2912665K(4143232K), 0.0892176 secs]
[GC (Allocation Failure)  3321689K->3019165K(4143232K), 0.0826207 secs]
[GC (Allocation Failure)  3428189K->3124244K(4143232K), 0.0830001 secs]
执行结束!共生成对象次数:67242
