正在执行...timeInterval=10000
[GC (Allocation Failure)  409024K->124991K(2046080K), 0.0263200 secs]
[GC (Allocation Failure)  534015K->237079K(2046080K), 0.0468575 secs]
[GC (Allocation Failure)  646103K->336905K(2046080K), 0.0701124 secs]
[GC (Allocation Failure)  745929K->442175K(2046080K), 0.0645976 secs]
[GC (Allocation Failure)  851199K->538514K(2046080K), 0.0553323 secs]
[GC (Allocation Failure)  947538K->648606K(2046080K), 0.0894638 secs]
[GC (Allocation Failure)  1057630K->748206K(2046080K), 0.0519728 secs]
[GC (Allocation Failure)  1157230K->850795K(2046080K), 0.0589983 secs]
[GC (CMS Initial Mark)  850867K(2046080K), 0.0001854 secs]
[GC (Allocation Failure)  1259819K->952766K(2046080K), 0.0548172 secs]
[GC (CMS Final Remark)  952869K(2046080K), 0.0017396 secs]
[GC (Allocation Failure)  859650K->556505K(2046080K), 0.0330612 secs]
[GC (Allocation Failure)  965529K->665820K(2046080K), 0.0299210 secs]
[GC (Allocation Failure)  1074844K->759469K(2046080K), 0.0327584 secs]
[GC (Allocation Failure)  1168493K->875079K(2046080K), 0.0418042 secs]
[GC (Allocation Failure)  1284103K->978524K(2046080K), 0.0415064 secs]
[GC (Allocation Failure)  1387548K->1079256K(2046080K), 0.0536758 secs]
[GC (Allocation Failure)  1488280K->1184444K(2046080K), 0.0600110 secs]
[GC (Allocation Failure)  1593468K->1289540K(2046080K), 0.0631056 secs]
[GC (Allocation Failure)  1698564K->1402243K(2046080K), 0.0682387 secs]
[GC (CMS Initial Mark)  1402305K(2046080K), 0.0001184 secs]
[GC (Allocation Failure)  1811267K->1505139K(2046080K), 0.0742412 secs]
[GC (CMS Final Remark)  1505443K(2046080K), 0.0018450 secs]
[GC (Allocation Failure)  891664K->580734K(2046080K), 0.0319782 secs]
[GC (Allocation Failure)  989758K->683935K(2046080K), 0.0302483 secs]
[GC (Allocation Failure)  1092959K->791154K(2046080K), 0.0411834 secs]
[GC (Allocation Failure)  1200178K->900092K(2046080K), 0.0442585 secs]
[GC (Allocation Failure)  1309116K->1006736K(2046080K), 0.0320651 secs]
[GC (Allocation Failure)  1415760K->1109917K(2046080K), 0.0364461 secs]
[GC (Allocation Failure)  1518941K->1220784K(2046080K), 0.0416697 secs]
[GC (Allocation Failure)  1629808K->1330867K(2046080K), 0.0372283 secs]
[GC (CMS Initial Mark)  1331011K(2046080K), 0.0001232 secs]
[GC (Allocation Failure)  1739891K->1432214K(2046080K), 0.0350599 secs]
[GC (Allocation Failure)  1841238K->1530888K(2046080K), 0.0520769 secs]
[GC (CMS Final Remark)  1531005K(2046080K), 0.0014592 secs]
[GC (Allocation Failure)  989892K->685241K(2046080K), 0.0368062 secs]
[GC (Allocation Failure)  1094265K->779907K(2046080K), 0.0368696 secs]
[GC (Allocation Failure)  1188931K->893288K(2046080K), 0.0331921 secs]
[GC (Allocation Failure)  1302312K->995626K(2046080K), 0.0291101 secs]
[GC (Allocation Failure)  1404650K->1097276K(2046080K), 0.0295784 secs]
[GC (Allocation Failure)  1506300K->1200587K(2046080K), 0.0324686 secs]
[GC (CMS Initial Mark)  1209442K(2046080K), 0.0001584 secs]
[GC (Allocation Failure)  1609611K->1306990K(2046080K), 0.0353944 secs]
[GC (Allocation Failure)  1716014K->1411521K(2046080K), 0.0337961 secs]
[GC (Allocation Failure)  1820545K->1526212K(2046080K), 0.0352200 secs]
[Full GC (Allocation Failure)  1935236K->373786K(2046080K), 0.1315603 secs]
[GC (Allocation Failure)  782810K->491216K(2046080K), 0.0244663 secs]
[GC (Allocation Failure)  900240K->598005K(2046080K), 0.0462639 secs]
[GC (Allocation Failure)  1007029K->702422K(2046080K), 0.0401487 secs]
[GC (Allocation Failure)  1111446K->803113K(2046080K), 0.0368315 secs]
[GC (Allocation Failure)  1212137K->908478K(2046080K), 0.0353394 secs]
[GC (Allocation Failure)  1317502K->1018910K(2046080K), 0.0362710 secs]
[GC (Allocation Failure)  1427934K->1119805K(2046080K), 0.0338907 secs]
[GC (Allocation Failure)  1528829K->1229750K(2046080K), 0.0448022 secs]
[GC (CMS Initial Mark)  1230038K(2046080K), 0.0001364 secs]
[GC (Allocation Failure)  1638774K->1333812K(2046080K), 0.0438622 secs]
[GC (CMS Final Remark)  1334342K(2046080K), 0.0012207 secs]
[GC (Allocation Failure)  884888K->580206K(2046080K), 0.0479009 secs]
[GC (Allocation Failure)  989230K->680698K(2046080K), 0.0465825 secs]
[GC (Allocation Failure)  1089722K->793791K(2046080K), 0.0606312 secs]
[GC (Allocation Failure)  1202815K->896789K(2046080K), 0.0505946 secs]
[GC (Allocation Failure)  1305813K->1007164K(2046080K), 0.0427007 secs]
[GC (Allocation Failure)  1416188K->1114982K(2046080K), 0.0619721 secs]
[GC (Allocation Failure)  1524006K->1219557K(2046080K), 0.0361780 secs]
[GC (Allocation Failure)  1628581K->1312392K(2046080K), 0.0327602 secs]
[GC (CMS Initial Mark)  1313185K(2046080K), 0.0001406 secs]
[GC (Allocation Failure)  1721416K->1417848K(2046080K), 0.0360849 secs]
[GC (Allocation Failure)  1826872K->1521635K(2046080K), 0.0336555 secs]
[GC (Allocation Failure)  1930659K->2045053K(2046080K), 0.0853121 secs]
[Full GC (Allocation Failure)  2045053K->385693K(2046080K), 0.0926791 secs]
[GC (Allocation Failure)  794487K->505257K(2046080K), 0.0509981 secs]
[GC (Allocation Failure)  914281K->612512K(2046080K), 0.0447475 secs]
[GC (Allocation Failure)  1021536K->722923K(2046080K), 0.0480900 secs]
[GC (Allocation Failure)  1131947K->817002K(2046080K), 0.0352588 secs]
[GC (Allocation Failure)  1226026K->913172K(2046080K), 0.0315150 secs]
[GC (Allocation Failure)  1322196K->1014799K(2046080K), 0.0431238 secs]
[GC (Allocation Failure)  1423823K->1117149K(2046080K), 0.0512704 secs]
[GC (Allocation Failure)  1526173K->1219979K(2046080K), 0.0398122 secs]
[GC (Allocation Failure)  1629003K->1328646K(2046080K), 0.0427822 secs]
[GC (CMS Initial Mark)  1329424K(2046080K), 0.0001917 secs]
[GC (Allocation Failure)  1737670K->1431392K(2046080K), 0.0308236 secs]
[GC (Allocation Failure)  1840416K->1542001K(2046080K), 0.0312870 secs]
[Full GC (Allocation Failure)  1951025K->377277K(2046080K), 0.0778108 secs]
[GC (Allocation Failure)  786301K->496201K(2046080K), 0.0220054 secs]
[GC (Allocation Failure)  905225K->592747K(2046080K), 0.0299329 secs]
[GC (Allocation Failure)  1001771K->689096K(2046080K), 0.0302297 secs]
[GC (Allocation Failure)  1098120K->803227K(2046080K), 0.0361117 secs]
[GC (Allocation Failure)  1212251K->908872K(2046080K), 0.0343235 secs]
[GC (Allocation Failure)  1317896K->1007670K(2046080K), 0.0466491 secs]
[GC (Allocation Failure)  1416694K->1109013K(2046080K), 0.0464712 secs]
[GC (Allocation Failure)  1518037K->1215765K(2046080K), 0.0402356 secs]
[GC (Allocation Failure)  1624789K->1319176K(2046080K), 0.0347729 secs]
[GC (CMS Initial Mark)  1319923K(2046080K), 0.0001243 secs]
执行结束!共生成对象次数:124638
