正在执行...timeInterval=10000
[GC (Allocation Failure)  279616K->101478K(1013632K), 0.0254056 secs]
[GC (Allocation Failure)  381094K->183721K(1013632K), 0.0243274 secs]
[GC (Allocation Failure)  463337K->263975K(1013632K), 0.0433732 secs]
[GC (Allocation Failure)  543591K->344163K(1013632K), 0.0419196 secs]
[GC (Allocation Failure)  623779K->428185K(1013632K), 0.0421326 secs]
[GC (CMS Initial Mark)  428842K(1013632K), 0.0001863 secs]
[GC (Allocation Failure)  707801K->499066K(1013632K), 0.0381725 secs]
[GC (Allocation Failure)  778682K->574816K(1013632K), 0.0373255 secs]
[GC (Allocation Failure)  854432K->655446K(1013632K), 0.0414635 secs]
[Full GC (Allocation Failure)  935062K->337103K(1013632K), 0.0779882 secs]
[GC (Allocation Failure)  616719K->423558K(1013632K), 0.0203033 secs]
[GC (CMS Initial Mark)  429139K(1013632K), 0.0002060 secs]
[GC (Allocation Failure)  703174K->503406K(1013632K), 0.0222833 secs]
[GC (Allocation Failure)  783022K->580978K(1013632K), 0.0229493 secs]
[GC (Allocation Failure)  860594K->666638K(1013632K), 0.0248664 secs]
[Full GC (Allocation Failure)  946254K->359513K(1013632K), 0.1244845 secs]
[GC (Allocation Failure)  639129K->455086K(1013632K), 0.0203193 secs]
[GC (CMS Initial Mark)  455230K(1013632K), 0.0002302 secs]
[GC (Allocation Failure)  734702K->531291K(1013632K), 0.0255284 secs]
[GC (Allocation Failure)  810500K->612690K(1013632K), 0.0264568 secs]
[GC (Allocation Failure)  892197K->694124K(1013632K), 0.0321637 secs]
[GC (CMS Final Remark)  705946K(1013632K), 0.0015103 secs]
[GC (Allocation Failure)  888797K->707857K(1013632K), 0.0323696 secs]
[GC (CMS Initial Mark)  713591K(1013632K), 0.0001304 secs]
[GC (CMS Final Remark)  730974K(1013632K), 0.0015581 secs]
[GC (Allocation Failure)  659753K->461913K(1013632K), 0.0284732 secs]
[GC (CMS Initial Mark)  461985K(1013632K), 0.0001211 secs]
[GC (Allocation Failure)  741529K->551841K(1013632K), 0.0245032 secs]
[GC (Allocation Failure)  831457K->631872K(1013632K), 0.0226100 secs]
[GC (Allocation Failure)  911488K->721897K(1013632K), 0.0287914 secs]
[GC (CMS Final Remark)  727598K(1013632K), 0.0019536 secs]
[Full GC (Allocation Failure)  919452K->369159K(1013632K), 0.0929663 secs]
[GC (Allocation Failure)  648775K->460843K(1013632K), 0.0193337 secs]
[GC (Allocation Failure)  740459K->558962K(1013632K), 0.0272976 secs]
[GC (CMS Initial Mark)  558998K(1013632K), 0.0001176 secs]
[GC (Allocation Failure)  838578K->640473K(1013632K), 0.0265763 secs]
[Full GC (Allocation Failure)  920089K->379775K(1013632K), 0.1165285 secs]
[GC (Allocation Failure)  659391K->475580K(1013632K), 0.0196066 secs]
[GC (Allocation Failure)  755196K->561361K(1013632K), 0.0244082 secs]
[GC (CMS Initial Mark)  561632K(1013632K), 0.0001340 secs]
[GC (Allocation Failure)  840977K->639462K(1013632K), 0.0239407 secs]
[Full GC (Allocation Failure)  919078K->381793K(1013632K), 0.1208509 secs]
[GC (Allocation Failure)  661409K->471892K(1013632K), 0.0202332 secs]
[GC (Allocation Failure)  751508K->556719K(1013632K), 0.0300847 secs]
[GC (CMS Initial Mark)  557306K(1013632K), 0.0001367 secs]
[GC (Allocation Failure)  836335K->637041K(1013632K), 0.0256458 secs]
[GC (CMS Final Remark)  642744K(1013632K), 0.0011443 secs]
[GC (Allocation Failure)  741675K->547333K(1013632K), 0.0302651 secs]
[GC (CMS Initial Mark)  547974K(1013632K), 0.0001403 secs]
[GC (Allocation Failure)  826949K->630301K(1013632K), 0.0451136 secs]
[GC (CMS Final Remark)  653433K(1013632K), 0.0020699 secs]
[GC (Allocation Failure)  744830K->553877K(1013632K), 0.0407728 secs]
[GC (CMS Initial Mark)  554093K(1013632K), 0.0002645 secs]
[GC (Allocation Failure)  833493K->636961K(1013632K), 0.0653580 secs]
[GC (CMS Final Remark)  660391K(1013632K), 0.0022142 secs]
[GC (Allocation Failure)  748517K->536874K(1013632K), 0.0568550 secs]
[GC (CMS Initial Mark)  536946K(1013632K), 0.0002140 secs]
[GC (Allocation Failure)  816490K->620862K(1013632K), 0.0758250 secs]
[GC (Allocation Failure)  900478K->709831K(1013632K), 0.0319704 secs]
[GC (CMS Final Remark)  710529K(1013632K), 0.0012761 secs]
[GC (Allocation Failure)  823734K->627158K(1013632K), 0.0366135 secs]
[GC (CMS Initial Mark)  627302K(1013632K), 0.0001283 secs]
[GC (Allocation Failure)  906774K->715869K(1013632K), 0.0302101 secs]
[GC (CMS Final Remark)  721912K(1013632K), 0.0014642 secs]
[GC (Allocation Failure)  751929K->549310K(1013632K), 0.0259701 secs]
[GC (CMS Initial Mark)  549988K(1013632K), 0.0001378 secs]
[GC (Allocation Failure)  828926K->629961K(1013632K), 0.0267087 secs]
[GC (Allocation Failure)  909577K->708004K(1013632K), 0.0280909 secs]
[GC (CMS Final Remark)  708076K(1013632K), 0.0011281 secs]
[GC (Allocation Failure)  821319K->628647K(1013632K), 0.0348505 secs]
[GC (CMS Initial Mark)  629346K(1013632K), 0.0001407 secs]
[GC (Allocation Failure)  908263K->708115K(1013632K), 0.0310994 secs]
[GC (CMS Final Remark)  708269K(1013632K), 0.0013470 secs]
[GC (Allocation Failure)  752781K->556358K(1013632K), 0.0424621 secs]
[GC (CMS Initial Mark)  557057K(1013632K), 0.0001269 secs]
[GC (Allocation Failure)  835974K->652411K(1013632K), 0.0588366 secs]
[Full GC (Allocation Failure)  932027K->378881K(1013632K), 0.1255009 secs]
[GC (Allocation Failure)  658497K->464790K(1013632K), 0.0200567 secs]
[GC (Allocation Failure)  744406K->555027K(1013632K), 0.0335934 secs]
[GC (CMS Initial Mark)  555105K(1013632K), 0.0001840 secs]
[GC (Allocation Failure)  834643K->635345K(1013632K), 0.0275389 secs]
[Full GC (Allocation Failure)  914961K->352675K(1013632K), 0.0984584 secs]
[GC (Allocation Failure)  632291K->449421K(1013632K), 0.0334979 secs]
[GC (Allocation Failure)  729037K->526679K(1013632K), 0.0365598 secs]
[GC (CMS Initial Mark)  532827K(1013632K), 0.0001748 secs]
[GC (Allocation Failure)  805685K->614287K(1013632K), 0.0299444 secs]
[GC (Allocation Failure)  893903K->702898K(1013632K), 0.0315399 secs]
[GC (CMS Final Remark)  708729K(1013632K), 0.0015121 secs]
[GC (Allocation Failure)  829007K->626900K(1013632K), 0.0283112 secs]
[GC (CMS Initial Mark)  627684K(1013632K), 0.0001067 secs]
[GC (Allocation Failure)  906516K->706017K(1013632K), 0.0330635 secs]
[GC (CMS Final Remark)  711799K(1013632K), 0.0015379 secs]
[GC (Allocation Failure)  741691K->546314K(1013632K), 0.0285309 secs]
[GC (CMS Initial Mark)  546912K(1013632K), 0.0000997 secs]
[GC (Allocation Failure)  825930K->633188K(1013632K), 0.0256695 secs]
[GC (Allocation Failure)  912804K->711873K(1013632K), 0.0206462 secs]
[GC (CMS Final Remark)  712131K(1013632K), 0.0008946 secs]
[GC (Allocation Failure)  827692K->624822K(1013632K), 0.0278822 secs]
[GC (CMS Initial Mark)  625110K(1013632K), 0.0001258 secs]
[GC (Allocation Failure)  904438K->702740K(1013632K), 0.0283815 secs]
[GC (CMS Final Remark)  708405K(1013632K), 0.0013628 secs]
[GC (Allocation Failure)  734712K->530939K(1013632K), 0.0231860 secs]
[GC (CMS Initial Mark)  531044K(1013632K), 0.0001263 secs]
[GC (Allocation Failure)  810555K->622199K(1013632K), 0.0242313 secs]
[GC (Allocation Failure)  901815K->701911K(1013632K), 0.0211589 secs]
[GC (CMS Final Remark)  702273K(1013632K), 0.0008317 secs]
[GC (Allocation Failure)  820677K->617079K(1013632K), 0.0226184 secs]
[GC (CMS Initial Mark)  623191K(1013632K), 0.0002733 secs]
[GC (Allocation Failure)  896695K->697977K(1013632K), 0.0214159 secs]
[GC (CMS Final Remark)  710380K(1013632K), 0.0012379 secs]
[GC (Allocation Failure)  737246K->539488K(1013632K), 0.0280027 secs]
[GC (CMS Initial Mark)  539776K(1013632K), 0.0002796 secs]
[GC (Allocation Failure)  819104K->619557K(1013632K), 0.0195588 secs]
[GC (Allocation Failure)  899173K->710845K(1013632K), 0.0329111 secs]
[GC (CMS Final Remark)  710938K(1013632K), 0.0018305 secs]
[GC (Allocation Failure)  828042K->631538K(1013632K), 0.0269768 secs]
[GC (CMS Initial Mark)  632190K(1013632K), 0.0001414 secs]
[GC (Allocation Failure)  911154K->713094K(1013632K), 0.0250462 secs]
[GC (CMS Final Remark)  713451K(1013632K), 0.0012156 secs]
[GC (Allocation Failure)  748279K->555603K(1013632K), 0.0251579 secs]
[GC (CMS Initial Mark)  561264K(1013632K), 0.0001325 secs]
[GC (Allocation Failure)  835219K->632326K(1013632K), 0.0401722 secs]
[GC (CMS Final Remark)  632614K(1013632K), 0.0014906 secs]
[GC (Allocation Failure)  746464K->554749K(1013632K), 0.0261597 secs]
[GC (CMS Initial Mark)  554893K(1013632K), 0.0001436 secs]
[GC (Allocation Failure)  834365K->641740K(1013632K), 0.0252341 secs]
[Full GC (Allocation Failure)  921356K->381888K(1013632K), 0.0820557 secs]
[GC (Allocation Failure)  661504K->477124K(1013632K), 0.0186030 secs]
[GC (Allocation Failure)  756740K->563366K(1013632K), 0.0230209 secs]
[GC (CMS Initial Mark)  564094K(1013632K), 0.0001121 secs]
[GC (Allocation Failure)  842982K->634720K(1013632K), 0.0225647 secs]
[GC (Allocation Failure)  914336K->729301K(1013632K), 0.0256848 secs]
[GC (CMS Final Remark)  729698K(1013632K), 0.0011459 secs]
[GC (Allocation Failure)  835785K->638876K(1013632K), 0.0266850 secs]
[GC (CMS Initial Mark)  639020K(1013632K), 0.0001091 secs]
[Full GC (Allocation Failure)  918492K->370355K(1013632K), 0.0792467 secs]
[GC (Allocation Failure)  649971K->472757K(1013632K), 0.0191808 secs]
[GC (Allocation Failure)  752373K->561572K(1013632K), 0.0219274 secs]
[GC (CMS Initial Mark)  562186K(1013632K), 0.0001050 secs]
[GC (Allocation Failure)  841188K->648191K(1013632K), 0.0223136 secs]
[Full GC (Allocation Failure)  927807K->389770K(1013632K), 0.0742619 secs]
[GC (Allocation Failure)  669386K->492520K(1013632K), 0.0316917 secs]
[GC (Allocation Failure)  772136K->561654K(1013632K), 0.0313138 secs]
[GC (CMS Initial Mark)  562432K(1013632K), 0.0001558 secs]
[GC (Allocation Failure)  841270K->648180K(1013632K), 0.0328313 secs]
执行结束!共生成对象次数:100523
