Н§н┌о┤лл...timeInterval=10000
[GC (Allocation Failure)  69752K->19287K(253440K), 0.0086945 secs]
[GC (Allocation Failure)  89239K->46492K(253440K), 0.0164558 secs]
[GC (Allocation Failure)  116444K->68146K(253440K), 0.0138959 secs]
[GC (Allocation Failure)  138016K->93562K(253440K), 0.0174668 secs]
[GC (Allocation Failure)  163514K->114627K(253440K), 0.0156779 secs]
[GC (CMS Initial Mark)  123053K(253440K), 0.0008990 secs]
[GC (Allocation Failure)  184359K->139170K(253440K), 0.0164578 secs]
[GC (Allocation Failure)  209122K->166755K(253440K), 0.0182691 secs]
[Full GC (Allocation Failure)  236679K->155706K(253440K), 0.0452776 secs]
[GC (Allocation Failure)  225658K->253275K(253440K), 0.0119089 secs]
[Full GC (Allocation Failure)  253275K->173281K(253440K), 0.0446707 secs]
[GC (CMS Initial Mark)  173370K(253440K), 0.0001145 secs]
[GC (CMS Final Remark)  179348K(253440K), 0.0008901 secs]
[Full GC (Allocation Failure)  242908K->186280K(253440K), 0.0467714 secs]
[GC (CMS Initial Mark)  186823K(253440K), 0.0001230 secs]
[GC (CMS Final Remark)  195374K(253440K), 0.0009960 secs]
[Full GC (Allocation Failure)  252972K->196918K(253440K), 0.0467257 secs]
[GC (CMS Initial Mark)  197002K(253440K), 0.0001788 secs]
[GC (CMS Final Remark)  204705K(253440K), 0.0009950 secs]
[Full GC (Allocation Failure)  253274K->205430K(253440K), 0.0509397 secs]
[GC (CMS Initial Mark)  207016K(253440K), 0.0001852 secs]
[GC (CMS Final Remark)  217554K(253440K), 0.0009267 secs]
[Full GC (Allocation Failure)  253353K->214312K(253440K), 0.0501352 secs]
[GC (CMS Initial Mark)  215544K(253440K), 0.0002961 secs]
[GC (CMS Final Remark)  224849K(253440K), 0.0010257 secs]
[Full GC (Allocation Failure)  253317K->221682K(253440K), 0.0678526 secs]
[GC (CMS Initial Mark)  221826K(253440K), 0.0003127 secs]
[Full GC (Allocation Failure)  253339K->228195K(253440K), 0.0715718 secs]
[Full GC (Allocation Failure)  253250K->232978K(253440K), 0.0733727 secs]
[GC (CMS Initial Mark)  233114K(253440K), 0.0002858 secs]
[GC (CMS Final Remark)  249076K(253440K), 0.0013176 secs]
[Full GC (Allocation Failure)  253280K->237843K(253440K), 0.0726939 secs]
[GC (CMS Initial Mark)  238343K(253440K), 0.0001839 secs]
[GC (CMS Final Remark)  252450K(253440K), 0.0009588 secs]
[Full GC (Allocation Failure)  252948K->240165K(253440K), 0.0723329 secs]
[Full GC (Allocation Failure)  253413K->242917K(253440K), 0.0656797 secs]
[GC (CMS Initial Mark)  243091K(253440K), 0.0002519 secs]
[GC (CMS Final Remark)  251107K(253440K), 0.0014714 secs]
[Full GC (Allocation Failure)  253211K->242723K(253440K), 0.0708143 secs]
[Full GC (Allocation Failure)  253378K->244179K(253440K), 0.0852128 secs]
[GC (CMS Initial Mark)  244528K(253440K), 0.0003148 secs]
[Full GC (Allocation Failure)  252336K->246669K(253440K), 0.0773564 secs]
[Full GC (Allocation Failure)  253132K->248340K(253440K), 0.0684028 secs]
[GC (CMS Initial Mark)  248591K(253440K), 0.0001480 secs]
[Full GC (Allocation Failure)  253120K->249262K(253440K), 0.0788896 secs]
[Full GC (Allocation Failure)  253429K->249637K(253440K), 0.0614784 secs]
[GC (CMS Initial Mark)  249709K(253440K), 0.0003969 secs]
[Full GC (Allocation Failure)  253159K->250757K(253440K), 0.0585734 secs]
[Full GC (Allocation Failure)  253085K->250499K(253440K), 0.0716516 secs]
[GC (CMS Initial Mark)  250897K(253440K), 0.0001708 secs]
[Full GC (Allocation Failure)  252987K->250881K(253440K), 0.0506586 secs]
[Full GC (Allocation Failure)  253204K->250916K(253440K), 0.0505606 secs]
[GC (CMS Initial Mark)  251345K(253440K), 0.0001407 secs]
[Full GC (Allocation Failure)  252679K->251851K(253440K), 0.0252360 secs]
[Full GC (Allocation Failure)  251851K->251832K(253440K), 0.0418211 secs]
