Н§н┌о┤лл...timeInterval=10000
[GC pause (G1 Evacuation Pause) (young) 57M->16M(1024M), 0.0039566 secs]
[GC pause (G1 Evacuation Pause) (young) 74M->34M(1024M), 0.0046947 secs]
[GC pause (G1 Evacuation Pause) (young) 94M->54M(1024M), 0.0058769 secs]
[GC pause (G1 Evacuation Pause) (young) 131M->82M(1024M), 0.0060069 secs]
[GC pause (G1 Evacuation Pause) (young) 281M->137M(1024M), 0.0107998 secs]
[GC pause (G1 Evacuation Pause) (young) 249M->175M(1024M), 0.0087142 secs]
[GC pause (G1 Evacuation Pause) (young) 337M->223M(1024M), 0.0104939 secs]
[GC pause (G1 Evacuation Pause) (young) 437M->286M(1024M), 0.0158488 secs]
[GC pause (G1 Evacuation Pause) (young) 540M->357M(1024M), 0.0176484 secs]
[GC pause (G1 Humongous Allocation) (young) (initial-mark) 631M->413M(1024M), 0.0169746 secs]
[GC concurrent-root-region-scan-start]
[GC concurrent-root-region-scan-end, 0.0001703 secs]
[GC concurrent-mark-start]
[GC concurrent-mark-end, 0.0020381 secs]
[GC remark, 0.0011972 secs]
[GC cleanup 419M->410M(1024M), 0.0005503 secs]
[GC concurrent-cleanup-start]
[GC concurrent-cleanup-end, 0.0000266 secs]
[GC pause (G1 Evacuation Pause) (young) 798M->493M(1024M), 0.0232108 secs]
[GC pause (G1 Evacuation Pause) (mixed) 499M->417M(1024M), 0.0113422 secs]
[GC pause (G1 Humongous Allocation) (young) (initial-mark) 419M->418M(1024M), 0.0015365 secs]
[GC concurrent-root-region-scan-start]
[GC concurrent-root-region-scan-end, 0.0001861 secs]
[GC concurrent-mark-start]
[GC concurrent-mark-end, 0.0059135 secs]
[GC remark, 0.0014206 secs]
[GC cleanup 450M->445M(1024M), 0.0005541 secs]
[GC concurrent-cleanup-start]
[GC concurrent-cleanup-end, 0.0000213 secs]
[GC pause (G1 Evacuation Pause) (young) 807M->509M(1024M), 0.0165669 secs]
[GC pause (G1 Evacuation Pause) (mixed) 523M->458M(1024M), 0.0114291 secs]
[GC pause (G1 Humongous Allocation) (young) (initial-mark) 461M->459M(1024M), 0.0015303 secs]
[GC concurrent-root-region-scan-start]
[GC concurrent-root-region-scan-end, 0.0001949 secs]
[GC concurrent-mark-start]
[GC concurrent-mark-end, 0.0025766 secs]
[GC remark, 0.0013938 secs]
[GC cleanup 473M->465M(1024M), 0.0005049 secs]
[GC concurrent-cleanup-start]
[GC concurrent-cleanup-end, 0.0000222 secs]
[GC pause (G1 Evacuation Pause) (young) 799M->530M(1024M), 0.0149828 secs]
[GC pause (G1 Evacuation Pause) (mixed) 547M->463M(1024M), 0.0144580 secs]
[GC pause (G1 Humongous Allocation) (young) (initial-mark) 467M->464M(1024M), 0.0026192 secs]
[GC concurrent-root-region-scan-start]
[GC concurrent-root-region-scan-end, 0.0001975 secs]
[GC concurrent-mark-start]
[GC concurrent-mark-end, 0.0026301 secs]
[GC remark, 0.0016867 secs]
[GC cleanup 477M->471M(1024M), 0.0007594 secs]
[GC concurrent-cleanup-start]
[GC concurrent-cleanup-end, 0.0000265 secs]
[GC pause (G1 Evacuation Pause) (young)-- 838M->569M(1024M), 0.0158898 secs]
[GC pause (G1 Evacuation Pause) (mixed) 583M->502M(1024M), 0.0170159 secs]
[GC pause (G1 Humongous Allocation) (young) (initial-mark) 503M->501M(1024M), 0.0017289 secs]
[GC concurrent-root-region-scan-start]
[GC concurrent-root-region-scan-end, 0.0001822 secs]
[GC concurrent-mark-start]
[GC concurrent-mark-end, 0.0027758 secs]
[GC remark, 0.0013849 secs]
[GC cleanup 512M->508M(1024M), 0.0006544 secs]
[GC concurrent-cleanup-start]
[GC concurrent-cleanup-end, 0.0000195 secs]
[GC pause (G1 Evacuation Pause) (young) 819M->564M(1024M), 0.0161968 secs]
[GC pause (G1 Evacuation Pause) (mixed) 585M->488M(1024M), 0.0118600 secs]
[GC pause (G1 Evacuation Pause) (mixed) 544M->482M(1024M), 0.0076756 secs]
[GC pause (G1 Humongous Allocation) (young) (initial-mark) 488M->485M(1024M), 0.0033032 secs]
[GC concurrent-root-region-scan-start]
[GC concurrent-root-region-scan-end, 0.0003548 secs]
[GC concurrent-mark-start]
[GC concurrent-mark-end, 0.0028423 secs]
[GC remark, 0.0018173 secs]
[GC cleanup 502M->497M(1024M), 0.0006396 secs]
[GC concurrent-cleanup-start]
[GC concurrent-cleanup-end, 0.0000590 secs]
[GC pause (G1 Evacuation Pause) (young)-- 862M->677M(1024M), 0.0124708 secs]
[GC pause (G1 Evacuation Pause) (mixed) 692M->605M(1024M), 0.0124846 secs]
[GC pause (G1 Evacuation Pause) (mixed) 663M->614M(1024M), 0.0047516 secs]
[GC pause (G1 Humongous Allocation) (young) (initial-mark) 616M->614M(1024M), 0.0018501 secs]
[GC concurrent-root-region-scan-start]
[GC concurrent-root-region-scan-end, 0.0001752 secs]
[GC concurrent-mark-start]
[GC concurrent-mark-end, 0.0035382 secs]
[GC remark, 0.0013601 secs]
[GC cleanup 640M->628M(1024M), 0.0006735 secs]
[GC concurrent-cleanup-start]
[GC concurrent-cleanup-end, 0.0000324 secs]
[GC pause (G1 Evacuation Pause) (young) 842M->660M(1024M), 0.0141954 secs]
[GC pause (G1 Evacuation Pause) (mixed) 696M->575M(1024M), 0.0091337 secs]
[GC pause (G1 Evacuation Pause) (mixed) 630M->514M(1024M), 0.0103473 secs]
[GC pause (G1 Evacuation Pause) (mixed) 571M->495M(1024M), 0.0072973 secs]
[GC pause (G1 Humongous Allocation) (young) (initial-mark) 499M->496M(1024M), 0.0020380 secs]
[GC concurrent-root-region-scan-start]
[GC concurrent-root-region-scan-end, 0.0001801 secs]
[GC concurrent-mark-start]
[GC concurrent-mark-end, 0.0025478 secs]
[GC remark, 0.0011341 secs]
[GC cleanup 509M->507M(1024M), 0.0004859 secs]
[GC concurrent-cleanup-start]
[GC concurrent-cleanup-end, 0.0000205 secs]
[GC pause (G1 Evacuation Pause) (young)-- 877M->727M(1024M), 0.0085965 secs]
[GC pause (G1 Evacuation Pause) (mixed) 747M->655M(1024M), 0.0122808 secs]
[GC pause (G1 Evacuation Pause) (mixed) 717M->664M(1024M), 0.0053382 secs]
[GC pause (G1 Humongous Allocation) (young) (initial-mark) 666M->664M(1024M), 0.0018928 secs]
[GC concurrent-root-region-scan-start]
[GC concurrent-root-region-scan-end, 0.0001481 secs]
[GC concurrent-mark-start]
[GC concurrent-mark-end, 0.0028480 secs]
[GC remark, 0.0012724 secs]
[GC cleanup 682M->671M(1024M), 0.0007070 secs]
[GC concurrent-cleanup-start]
[GC concurrent-cleanup-end, 0.0000207 secs]
[GC pause (G1 Evacuation Pause) (young) 854M->691M(1024M), 0.0107210 secs]
[GC pause (G1 Evacuation Pause) (mixed) 730M->607M(1024M), 0.0087582 secs]
[GC pause (G1 Evacuation Pause) (mixed) 665M->540M(1024M), 0.0101964 secs]
[GC pause (G1 Evacuation Pause) (mixed) 591M->487M(1024M), 0.0116533 secs]
[GC pause (G1 Evacuation Pause) (mixed) 544M->498M(1024M), 0.0060683 secs]
[GC pause (G1 Humongous Allocation) (young) (initial-mark) 501M->498M(1024M), 0.0018370 secs]
[GC concurrent-root-region-scan-start]
[GC concurrent-root-region-scan-end, 0.0001212 secs]
[GC concurrent-mark-start]
[GC concurrent-mark-end, 0.0023560 secs]
[GC remark, 0.0014142 secs]
[GC cleanup 514M->511M(1024M), 0.0004949 secs]
[GC concurrent-cleanup-start]
[GC concurrent-cleanup-end, 0.0000530 secs]
[GC pause (G1 Evacuation Pause) (young)-- 848M->662M(1024M), 0.0138554 secs]
[GC pause (G1 Evacuation Pause) (mixed) 679M->596M(1024M), 0.0122265 secs]
[GC pause (G1 Evacuation Pause) (mixed) 657M->596M(1024M), 0.0074083 secs]
[GC pause (G1 Humongous Allocation) (young) (initial-mark) 600M->597M(1024M), 0.0019199 secs]
[GC concurrent-root-region-scan-start]
[GC concurrent-root-region-scan-end, 0.0002562 secs]
[GC concurrent-mark-start]
[GC concurrent-mark-end, 0.0026159 secs]
[GC remark, 0.0011084 secs]
[GC cleanup 615M->604M(1024M), 0.0006445 secs]
[GC concurrent-cleanup-start]
[GC concurrent-cleanup-end, 0.0000214 secs]
[GC pause (G1 Evacuation Pause) (young) 826M->638M(1024M), 0.0124553 secs]
[GC pause (G1 Evacuation Pause) (mixed) 672M->560M(1024M), 0.0096914 secs]
[GC pause (G1 Evacuation Pause) (mixed) 612M->501M(1024M), 0.0112516 secs]
[GC pause (G1 Evacuation Pause) (mixed) 558M->496M(1024M), 0.0065294 secs]
[GC pause (G1 Humongous Allocation) (young) (initial-mark) 497M->497M(1024M), 0.0020337 secs]
[GC concurrent-root-region-scan-start]
[GC concurrent-root-region-scan-end, 0.0002046 secs]
[GC concurrent-mark-start]
[GC concurrent-mark-end, 0.0026969 secs]
[GC remark, 0.0011862 secs]
[GC cleanup 514M->511M(1024M), 0.0005560 secs]
[GC concurrent-cleanup-start]
[GC concurrent-cleanup-end, 0.0000208 secs]
[GC pause (G1 Evacuation Pause) (young) 820M->568M(1024M), 0.0157489 secs]
[GC pause (G1 Evacuation Pause) (mixed) 590M->502M(1024M), 0.0123454 secs]
[GC pause (G1 Evacuation Pause) (mixed) 560M->502M(1024M), 0.0082693 secs]
[GC pause (G1 Humongous Allocation) (young) (initial-mark) 505M->503M(1024M), 0.0025487 secs]
[GC concurrent-root-region-scan-start]
[GC concurrent-root-region-scan-end, 0.0001570 secs]
[GC concurrent-mark-start]
[GC concurrent-mark-end, 0.0022842 secs]
[GC remark, 0.0012466 secs]
[GC cleanup 510M->505M(1024M), 0.0007364 secs]
[GC concurrent-cleanup-start]
[GC concurrent-cleanup-end, 0.0000200 secs]
[GC pause (G1 Evacuation Pause) (young)-- 846M->584M(1024M), 0.0157218 secs]
[GC pause (G1 Evacuation Pause) (mixed) 606M->521M(1024M), 0.0137135 secs]
[GC pause (G1 Evacuation Pause) (mixed) 585M->522M(1024M), 0.0080671 secs]
[GC pause (G1 Humongous Allocation) (young) (initial-mark) 533M->525M(1024M), 0.0026177 secs]
[GC concurrent-root-region-scan-start]
[GC concurrent-root-region-scan-end, 0.0001718 secs]
[GC concurrent-mark-start]
[GC concurrent-mark-end, 0.0031691 secs]
[GC remark, 0.0020613 secs]
[GC cleanup 543M->540M(1024M), 0.0005616 secs]
[GC concurrent-cleanup-start]
[GC concurrent-cleanup-end, 0.0000186 secs]
[GC pause (G1 Evacuation Pause) (young)-- 851M->624M(1024M), 0.0156471 secs]
[GC pause (G1 Evacuation Pause) (mixed) 645M->552M(1024M), 0.0124880 secs]
[GC pause (G1 Evacuation Pause) (mixed) 604M->540M(1024M), 0.0081914 secs]
[GC pause (G1 Humongous Allocation) (young) (initial-mark) 545M->540M(1024M), 0.0021649 secs]
[GC concurrent-root-region-scan-start]
[GC concurrent-root-region-scan-end, 0.0001843 secs]
[GC concurrent-mark-start]
[GC concurrent-mark-end, 0.0027673 secs]
[GC remark, 0.0012937 secs]
[GC cleanup 558M->553M(1024M), 0.0005376 secs]
[GC concurrent-cleanup-start]
[GC concurrent-cleanup-end, 0.0000204 secs]
[GC pause (G1 Evacuation Pause) (young) 848M->608M(1024M), 0.0169552 secs]
[GC pause (G1 Evacuation Pause) (mixed) 628M->534M(1024M), 0.0120368 secs]
[GC pause (G1 Evacuation Pause) (mixed) 592M->514M(1024M), 0.0092120 secs]
[GC pause (G1 Humongous Allocation) (young) (initial-mark) 516M->515M(1024M), 0.0019391 secs]
[GC concurrent-root-region-scan-start]
[GC concurrent-root-region-scan-end, 0.0001412 secs]
[GC concurrent-mark-start]
[GC concurrent-mark-end, 0.0029155 secs]
[GC remark, 0.0013957 secs]
[GC cleanup 526M->522M(1024M), 0.0004935 secs]
[GC concurrent-cleanup-start]
[GC concurrent-cleanup-end, 0.0000382 secs]
[GC pause (G1 Evacuation Pause) (young) 835M->584M(1024M), 0.0162946 secs]
[GC pause (G1 Evacuation Pause) (mixed) 608M->516M(1024M), 0.0124806 secs]
[GC pause (G1 Evacuation Pause) (mixed) 567M->503M(1024M), 0.0069763 secs]
[GC pause (G1 Humongous Allocation) (young) (initial-mark) 506M->503M(1024M), 0.0021558 secs]
[GC concurrent-root-region-scan-start]
[GC concurrent-root-region-scan-end, 0.0001079 secs]
[GC concurrent-mark-start]
[GC concurrent-mark-end, 0.0023381 secs]
[GC remark, 0.0010968 secs]
[GC cleanup 519M->516M(1024M), 0.0005032 secs]
[GC concurrent-cleanup-start]
[GC concurrent-cleanup-end, 0.0000167 secs]
[GC pause (G1 Evacuation Pause) (young)-- 846M->637M(1024M), 0.0153296 secs]
[GC pause (G1 Evacuation Pause) (mixed) 658M->571M(1024M), 0.0132125 secs]
[GC pause (G1 Evacuation Pause) (mixed) 631M->575M(1024M), 0.0068804 secs]
[GC pause (G1 Humongous Allocation) (young) (initial-mark) 577M->576M(1024M), 0.0020920 secs]
[GC concurrent-root-region-scan-start]
[GC concurrent-root-region-scan-end, 0.0001291 secs]
[GC concurrent-mark-start]
[GC concurrent-mark-end, 0.0025932 secs]
[GC remark, 0.0011361 secs]
[GC cleanup 598M->595M(1024M), 0.0006930 secs]
[GC concurrent-cleanup-start]
[GC concurrent-cleanup-end, 0.0000170 secs]
[GC pause (G1 Evacuation Pause) (young) 834M->629M(1024M), 0.0144663 secs]
[GC pause (G1 Evacuation Pause) (mixed) 659M->552M(1024M), 0.0099141 secs]
[GC pause (G1 Evacuation Pause) (mixed) 610M->501M(1024M), 0.0122149 secs]
[GC pause (G1 Humongous Allocation) (young) (initial-mark) 502M->501M(1024M), 0.0018639 secs]
[GC concurrent-root-region-scan-start]
[GC concurrent-root-region-scan-end, 0.0001233 secs]
[GC concurrent-mark-start]
[GC concurrent-mark-end, 0.0023811 secs]
[GC remark, 0.0013003 secs]
[GC cleanup 521M->519M(1024M), 0.0007073 secs]
[GC concurrent-cleanup-start]
[GC concurrent-cleanup-end, 0.0000190 secs]
[GC pause (G1 Evacuation Pause) (young)-- 856M->693M(1024M), 0.0133611 secs]
[GC pause (G1 Evacuation Pause) (mixed) 713M->629M(1024M), 0.0145284 secs]
[GC pause (G1 Evacuation Pause) (mixed) 684M->633M(1024M), 0.0061300 secs]
[GC pause (G1 Humongous Allocation) (young) (initial-mark) 634M->632M(1024M), 0.0017911 secs]
[GC concurrent-root-region-scan-start]
[GC concurrent-root-region-scan-end, 0.0001773 secs]
[GC concurrent-mark-start]
[GC concurrent-mark-end, 0.0027241 secs]
[GC remark, 0.0011785 secs]
[GC cleanup 647M->637M(1024M), 0.0005729 secs]
[GC concurrent-cleanup-start]
[GC concurrent-cleanup-end, 0.0000233 secs]
[GC pause (G1 Evacuation Pause) (young) 853M->676M(1024M), 0.0149121 secs]
[GC pause (G1 Evacuation Pause) (mixed) 710M->588M(1024M), 0.0091133 secs]
[GC pause (G1 Evacuation Pause) (mixed) 647M->525M(1024M), 0.0094949 secs]
[GC pause (G1 Evacuation Pause) (mixed) 580M->501M(1024M), 0.0095184 secs]
[GC pause (G1 Humongous Allocation) (young) (initial-mark) 505M->502M(1024M), 0.0017385 secs]
[GC concurrent-root-region-scan-start]
[GC concurrent-root-region-scan-end, 0.0001496 secs]
[GC concurrent-mark-start]
[GC concurrent-mark-end, 0.0021867 secs]
[GC remark, 0.0010876 secs]
[GC cleanup 519M->517M(1024M), 0.0005075 secs]
[GC concurrent-cleanup-start]
[GC concurrent-cleanup-end, 0.0000163 secs]
[GC pause (G1 Evacuation Pause) (young)-- 873M->733M(1024M), 0.0108579 secs]
[GC pause (G1 Evacuation Pause) (mixed) 757M->670M(1024M), 0.0129525 secs]
[GC pause (G1 Evacuation Pause) (mixed) 729M->669M(1024M), 0.0069544 secs]
[GC pause (G1 Humongous Allocation) (young) (initial-mark) 674M->671M(1024M), 0.0025366 secs]
[GC concurrent-root-region-scan-start]
[GC concurrent-root-region-scan-end, 0.0002002 secs]
[GC concurrent-mark-start]
[GC concurrent-mark-end, 0.0031430 secs]
[GC remark, 0.0012324 secs]
[GC cleanup 691M->679M(1024M), 0.0008449 secs]
[GC concurrent-cleanup-start]
[GC concurrent-cleanup-end, 0.0000205 secs]
[GC pause (G1 Evacuation Pause) (young) 829M->690M(1024M), 0.0119646 secs]
[GC pause (G1 Evacuation Pause) (mixed) 733M->607M(1024M), 0.0083617 secs]
[GC pause (G1 Evacuation Pause) (mixed) 661M->539M(1024M), 0.0094612 secs]
[GC pause (G1 Evacuation Pause) (mixed) 599M->488M(1024M), 0.0109927 secs]
[GC pause (G1 Evacuation Pause) (mixed) 541M->497M(1024M), 0.0055964 secs]
[GC pause (G1 Humongous Allocation) (young) (initial-mark) 500M->498M(1024M), 0.0018780 secs]
[GC concurrent-root-region-scan-start]
[GC concurrent-root-region-scan-end, 0.0001330 secs]
[GC concurrent-mark-start]
[GC concurrent-mark-end, 0.0023199 secs]
[GC remark, 0.0013806 secs]
[GC cleanup 518M->515M(1024M), 0.0004231 secs]
[GC concurrent-cleanup-start]
[GC concurrent-cleanup-end, 0.0000191 secs]
[GC pause (G1 Evacuation Pause) (young) 808M->563M(1024M), 0.0167875 secs]
[GC pause (G1 Evacuation Pause) (mixed) 586M->498M(1024M), 0.0132114 secs]
[GC pause (G1 Evacuation Pause) (mixed) 553M->497M(1024M), 0.0072651 secs]
[GC pause (G1 Humongous Allocation) (young) (initial-mark) 498M->497M(1024M), 0.0018720 secs]
[GC concurrent-root-region-scan-start]
[GC concurrent-root-region-scan-end, 0.0001299 secs]
[GC concurrent-mark-start]
[GC concurrent-mark-end, 0.0024000 secs]
[GC remark, 0.0011895 secs]
[GC cleanup 517M->514M(1024M), 0.0006374 secs]
[GC concurrent-cleanup-start]
[GC concurrent-cleanup-end, 0.0000357 secs]
[GC pause (G1 Evacuation Pause) (young) 830M->574M(1024M), 0.0178856 secs]
[GC pause (G1 Evacuation Pause) (mixed) 592M->505M(1024M), 0.0119923 secs]
[GC pause (G1 Evacuation Pause) (mixed) 568M->519M(1024M), 0.0070006 secs]
[GC pause (G1 Humongous Allocation) (young) (initial-mark) 519M->520M(1024M), 0.0020932 secs]
[GC concurrent-root-region-scan-start]
[GC concurrent-root-region-scan-end, 0.0002142 secs]
[GC concurrent-mark-start]
[GC concurrent-mark-end, 0.0026183 secs]
[GC remark, 0.0016397 secs]
[GC cleanup 538M->536M(1024M), 0.0006039 secs]
[GC concurrent-cleanup-start]
[GC concurrent-cleanup-end, 0.0000188 secs]
[GC pause (G1 Evacuation Pause) (young) 833M->590M(1024M), 0.0203184 secs]
[GC pause (G1 Evacuation Pause) (mixed) 614M->521M(1024M), 0.0123409 secs]
[GC pause (G1 Evacuation Pause) (mixed) 579M->513M(1024M), 0.0078792 secs]
[GC pause (G1 Humongous Allocation) (young) (initial-mark) 519M->514M(1024M), 0.0021282 secs]
[GC concurrent-root-region-scan-start]
[GC concurrent-root-region-scan-end, 0.0001480 secs]
[GC concurrent-mark-start]
[GC concurrent-mark-end, 0.0026956 secs]
[GC remark, 0.0012062 secs]
[GC cleanup 532M->529M(1024M), 0.0006299 secs]
[GC concurrent-cleanup-start]
[GC concurrent-cleanup-end, 0.0000167 secs]
[GC pause (G1 Evacuation Pause) (young) 812M->577M(1024M), 0.0187305 secs]
[GC pause (G1 Evacuation Pause) (mixed) 604M->507M(1024M), 0.0124710 secs]
[GC pause (G1 Evacuation Pause) (mixed) 564M->513M(1024M), 0.0068563 secs]
[GC pause (G1 Humongous Allocation) (young) (initial-mark) 513M->513M(1024M), 0.0017126 secs]
[GC concurrent-root-region-scan-start]
[GC concurrent-root-region-scan-end, 0.0001204 secs]
[GC concurrent-mark-start]
[GC concurrent-mark-end, 0.0023696 secs]
[GC remark, 0.0011541 secs]
[GC cleanup 535M->532M(1024M), 0.0006996 secs]
[GC concurrent-cleanup-start]
[GC concurrent-cleanup-end, 0.0000160 secs]
[GC pause (G1 Evacuation Pause) (young) 839M->585M(1024M), 0.0194778 secs]
[GC pause (G1 Evacuation Pause) (mixed) 605M->511M(1024M), 0.0116212 secs]
[GC pause (G1 Evacuation Pause) (mixed) 569M->513M(1024M), 0.0066214 secs]
[GC pause (G1 Humongous Allocation) (young) (initial-mark) 519M->516M(1024M), 0.0021967 secs]
[GC concurrent-root-region-scan-start]
[GC concurrent-root-region-scan-end, 0.0001215 secs]
[GC concurrent-mark-start]
[GC concurrent-mark-end, 0.0021567 secs]
[GC remark, 0.0011942 secs]
[GC cleanup 533M->532M(1024M), 0.0006352 secs]
[GC concurrent-cleanup-start]
[GC concurrent-cleanup-end, 0.0000291 secs]
[GC pause (G1 Evacuation Pause) (young) 834M->591M(1024M), 0.0196926 secs]
[GC pause (G1 Evacuation Pause) (mixed) 614M->521M(1024M), 0.0117287 secs]
[GC pause (G1 Evacuation Pause) (mixed) 580M->515M(1024M), 0.0078742 secs]
[GC pause (G1 Humongous Allocation) (young) (initial-mark) 515M->515M(1024M), 0.0017579 secs]
[GC concurrent-root-region-scan-start]
[GC concurrent-root-region-scan-end, 0.0001279 secs]
[GC concurrent-mark-start]
[GC concurrent-mark-end, 0.0020764 secs]
[GC remark, 0.0012111 secs]
[GC cleanup 530M->529M(1024M), 0.0005999 secs]
[GC concurrent-cleanup-start]
[GC concurrent-cleanup-end, 0.0000162 secs]
[GC pause (G1 Evacuation Pause) (young) 832M->579M(1024M), 0.0198656 secs]
[GC pause (G1 Evacuation Pause) (mixed) 604M->511M(1024M), 0.0131533 secs]
[GC pause (G1 Evacuation Pause) (mixed) 568M->511M(1024M), 0.0076514 secs]
[GC pause (G1 Humongous Allocation) (young) (initial-mark) 517M->514M(1024M), 0.0028514 secs]
[GC concurrent-root-region-scan-start]
[GC concurrent-root-region-scan-end, 0.0001794 secs]
[GC concurrent-mark-start]
[GC concurrent-mark-end, 0.0025200 secs]
[GC remark, 0.0015750 secs]
[GC cleanup 525M->524M(1024M), 0.0009783 secs]
[GC concurrent-cleanup-start]
[GC concurrent-cleanup-end, 0.0000191 secs]
[GC pause (G1 Evacuation Pause) (young) 786M->574M(1024M), 0.0166890 secs]
[GC pause (G1 Evacuation Pause) (mixed) 600M->506M(1024M), 0.0125295 secs]
[GC pause (G1 Evacuation Pause) (mixed) 561M->502M(1024M), 0.0075795 secs]
[GC pause (G1 Humongous Allocation) (young) (initial-mark) 508M->502M(1024M), 0.0024344 secs]
[GC concurrent-root-region-scan-start]
[GC concurrent-root-region-scan-end, 0.0001408 secs]
[GC concurrent-mark-start]
[GC concurrent-mark-end, 0.0024501 secs]
[GC remark, 0.0015466 secs]
[GC cleanup 517M->514M(1024M), 0.0005938 secs]
[GC concurrent-cleanup-start]
[GC concurrent-cleanup-end, 0.0000408 secs]
[GC pause (G1 Evacuation Pause) (young) 811M->572M(1024M), 0.0183175 secs]
[GC pause (G1 Evacuation Pause) (mixed) 594M->507M(1024M), 0.0133472 secs]
[GC pause (G1 Evacuation Pause) (mixed) 567M->519M(1024M), 0.0068876 secs]
[GC pause (G1 Humongous Allocation) (young) (initial-mark) 519M->519M(1024M), 0.0019744 secs]
[GC concurrent-root-region-scan-start]
[GC concurrent-root-region-scan-end, 0.0002115 secs]
[GC concurrent-mark-start]
[GC concurrent-mark-end, 0.0025476 secs]
[GC remark, 0.0013467 secs]
[GC cleanup 527M->525M(1024M), 0.0005531 secs]
[GC concurrent-cleanup-start]
[GC concurrent-cleanup-end, 0.0000171 secs]
[GC pause (G1 Evacuation Pause) (young) 823M->584M(1024M), 0.0174132 secs]
[GC pause (G1 Evacuation Pause) (mixed) 606M->517M(1024M), 0.0120121 secs]
[GC pause (G1 Evacuation Pause) (mixed) 571M->504M(1024M), 0.0080307 secs]
[GC pause (G1 Humongous Allocation) (young) (initial-mark) 505M->505M(1024M), 0.0019945 secs]
[GC concurrent-root-region-scan-start]
[GC concurrent-root-region-scan-end, 0.0002096 secs]
[GC concurrent-mark-start]
[GC concurrent-mark-end, 0.0026196 secs]
[GC remark, 0.0011628 secs]
[GC cleanup 521M->519M(1024M), 0.0008051 secs]
[GC concurrent-cleanup-start]
[GC concurrent-cleanup-end, 0.0000169 secs]
[GC pause (G1 Evacuation Pause) (young)-- 847M->607M(1024M), 0.0188707 secs]
[GC pause (G1 Evacuation Pause) (mixed) 627M->536M(1024M), 0.0127936 secs]
[GC pause (G1 Evacuation Pause) (mixed) 588M->535M(1024M), 0.0062868 secs]
[GC pause (G1 Humongous Allocation) (young) (initial-mark) 540M->536M(1024M), 0.0022128 secs]
[GC concurrent-root-region-scan-start]
[GC concurrent-root-region-scan-end, 0.0001353 secs]
[GC concurrent-mark-start]
[GC concurrent-mark-end, 0.0028684 secs]
[GC remark, 0.0011124 secs]
[GC cleanup 552M->546M(1024M), 0.0005223 secs]
[GC concurrent-cleanup-start]
[GC concurrent-cleanup-end, 0.0000219 secs]
[GC pause (G1 Evacuation Pause) (young) 810M->588M(1024M), 0.0169661 secs]
[GC pause (G1 Evacuation Pause) (mixed) 615M->513M(1024M), 0.0118040 secs]
[GC pause (G1 Evacuation Pause) (mixed) 574M->499M(1024M), 0.0087313 secs]
[GC pause (G1 Humongous Allocation) (young) (initial-mark) 500M->499M(1024M), 0.0016273 secs]
[GC concurrent-root-region-scan-start]
[GC concurrent-root-region-scan-end, 0.0001359 secs]
[GC concurrent-mark-start]
[GC concurrent-mark-end, 0.0023998 secs]
[GC remark, 0.0011781 secs]
[GC cleanup 517M->514M(1024M), 0.0005480 secs]
[GC concurrent-cleanup-start]
[GC concurrent-cleanup-end, 0.0000192 secs]
[GC pause (G1 Evacuation Pause) (young) 831M->569M(1024M), 0.0205276 secs]
[GC pause (G1 Evacuation Pause) (mixed) 588M->499M(1024M), 0.0134272 secs]
[GC pause (G1 Evacuation Pause) (mixed) 552M->502M(1024M), 0.0055892 secs]
[GC pause (G1 Humongous Allocation) (young) (initial-mark) 505M->504M(1024M), 0.0018052 secs]
[GC concurrent-root-region-scan-start]
[GC concurrent-root-region-scan-end, 0.0001706 secs]
[GC concurrent-mark-start]
[GC concurrent-mark-end, 0.0020429 secs]
[GC remark, 0.0010963 secs]
[GC cleanup 519M->519M(1024M), 0.0005016 secs]
[GC pause (G1 Evacuation Pause) (young) 838M->594M(1024M), 0.0200470 secs]
[GC pause (G1 Evacuation Pause) (mixed) 613M->522M(1024M), 0.0119034 secs]
[GC pause (G1 Evacuation Pause) (mixed) 586M->519M(1024M), 0.0082226 secs]
[GC pause (G1 Humongous Allocation) (young) (initial-mark) 521M->519M(1024M), 0.0017275 secs]
[GC concurrent-root-region-scan-start]
[GC concurrent-root-region-scan-end, 0.0001379 secs]
[GC concurrent-mark-start]
[GC concurrent-mark-end, 0.0021990 secs]
[GC remark, 0.0011904 secs]
[GC cleanup 535M->533M(1024M), 0.0005802 secs]
[GC concurrent-cleanup-start]
[GC concurrent-cleanup-end, 0.0000169 secs]
[GC pause (G1 Evacuation Pause) (young) 809M->584M(1024M), 0.0173872 secs]
[GC pause (G1 Evacuation Pause) (mixed) 606M->515M(1024M), 0.0116536 secs]
[GC pause (G1 Evacuation Pause) (mixed) 575M->512M(1024M), 0.0078251 secs]
[GC pause (G1 Humongous Allocation) (young) (initial-mark) 515M->512M(1024M), 0.0022490 secs]
[GC concurrent-root-region-scan-start]
[GC concurrent-root-region-scan-end, 0.0001903 secs]
[GC concurrent-mark-start]
[GC concurrent-mark-end, 0.0032005 secs]
[GC remark, 0.0012281 secs]
[GC cleanup 527M->527M(1024M), 0.0006956 secs]
[GC pause (G1 Evacuation Pause) (young) 810M->570M(1024M), 0.0172581 secs]
[GC pause (G1 Evacuation Pause) (mixed) 596M->502M(1024M), 0.0124182 secs]
[GC pause (G1 Evacuation Pause) (mixed) 557M->508M(1024M), 0.0066655 secs]
[GC pause (G1 Humongous Allocation) (young) (initial-mark) 508M->508M(1024M), 0.0015535 secs]
[GC concurrent-root-region-scan-start]
[GC concurrent-root-region-scan-end, 0.0001051 secs]
[GC concurrent-mark-start]
[GC concurrent-mark-end, 0.0022814 secs]
[GC remark, 0.0013673 secs]
[GC cleanup 528M->526M(1024M), 0.0004971 secs]
[GC concurrent-cleanup-start]
[GC concurrent-cleanup-end, 0.0000186 secs]
[GC pause (G1 Evacuation Pause) (young)-- 845M->597M(1024M), 0.0193234 secs]
[GC pause (G1 Evacuation Pause) (mixed) 618M->528M(1024M), 0.0122253 secs]
[GC pause (G1 Evacuation Pause) (mixed) 587M->520M(1024M), 0.0071854 secs]
[GC pause (G1 Humongous Allocation) (young) (initial-mark) 521M->519M(1024M), 0.0015723 secs]
[GC concurrent-root-region-scan-start]
[GC concurrent-root-region-scan-end, 0.0001063 secs]
[GC concurrent-mark-start]
[GC concurrent-mark-end, 0.0022545 secs]
[GC remark, 0.0010744 secs]
[GC cleanup 538M->535M(1024M), 0.0004658 secs]
[GC concurrent-cleanup-start]
[GC concurrent-cleanup-end, 0.0000158 secs]
[GC pause (G1 Evacuation Pause) (young)-- 849M->589M(1024M), 0.0187628 secs]
[GC pause (G1 Evacuation Pause) (mixed) 608M->511M(1024M), 0.0104861 secs]
[GC pause (G1 Evacuation Pause) (mixed) 568M->497M(1024M), 0.0083212 secs]
[GC pause (G1 Humongous Allocation) (young) (initial-mark) 498M->496M(1024M), 0.0016779 secs]
[GC concurrent-root-region-scan-start]
[GC concurrent-root-region-scan-end, 0.0000716 secs]
[GC concurrent-mark-start]
[GC concurrent-mark-end, 0.0022055 secs]
[GC remark, 0.0011501 secs]
[GC cleanup 514M->511M(1024M), 0.0006028 secs]
[GC concurrent-cleanup-start]
[GC concurrent-cleanup-end, 0.0000282 secs]
[GC pause (G1 Evacuation Pause) (young)-- 869M->721M(1024M), 0.0163932 secs]
[GC pause (G1 Evacuation Pause) (mixed) 738M->652M(1024M), 0.0126823 secs]
[GC pause (G1 Evacuation Pause) (mixed) 709M->650M(1024M), 0.0061146 secs]
[GC pause (G1 Humongous Allocation) (young) (initial-mark) 652M->651M(1024M), 0.0017422 secs]
[GC concurrent-root-region-scan-start]
[GC concurrent-root-region-scan-end, 0.0002125 secs]
[GC concurrent-mark-start]
[GC concurrent-mark-end, 0.0027354 secs]
[GC remark, 0.0010922 secs]
[GC cleanup 673M->659M(1024M), 0.0005123 secs]
[GC concurrent-cleanup-start]
[GC concurrent-cleanup-end, 0.0000251 secs]
[GC pause (G1 Evacuation Pause) (young) 858M->697M(1024M), 0.0144385 secs]
[GC pause (G1 Evacuation Pause) (mixed) 737M->616M(1024M), 0.0086963 secs]
[GC pause (G1 Evacuation Pause) (mixed) 675M->548M(1024M), 0.0092418 secs]
[GC pause (G1 Evacuation Pause) (mixed) 601M->503M(1024M), 0.0097569 secs]
[GC pause (G1 Humongous Allocation) (young) (initial-mark) 509M->504M(1024M), 0.0022948 secs]
[GC concurrent-root-region-scan-start]
[GC concurrent-root-region-scan-end, 0.0001328 secs]
[GC concurrent-mark-start]
[GC concurrent-mark-end, 0.0022761 secs]
[GC remark, 0.0010926 secs]
[GC cleanup 523M->522M(1024M), 0.0004797 secs]
[GC concurrent-cleanup-start]
[GC concurrent-cleanup-end, 0.0000163 secs]
[GC pause (G1 Evacuation Pause) (young)-- 859M->685M(1024M), 0.0158236 secs]
[GC pause (G1 Evacuation Pause) (mixed) 701M->616M(1024M), 0.0122862 secs]
[GC pause (G1 Evacuation Pause) (mixed) 679M->624M(1024M), 0.0060197 secs]
[GC pause (G1 Humongous Allocation) (young) (initial-mark) 632M->625M(1024M), 0.0026809 secs]
[GC concurrent-root-region-scan-start]
[GC concurrent-root-region-scan-end, 0.0001124 secs]
[GC concurrent-mark-start]
[GC concurrent-mark-end, 0.0026326 secs]
[GC remark, 0.0012704 secs]
[GC cleanup 646M->630M(1024M), 0.0007223 secs]
[GC concurrent-cleanup-start]
[GC concurrent-cleanup-end, 0.0000213 secs]
[GC pause (G1 Evacuation Pause) (young) 842M->655M(1024M), 0.0149029 secs]
[GC pause (G1 Evacuation Pause) (mixed) 687M->570M(1024M), 0.0080647 secs]
[GC pause (G1 Evacuation Pause) (mixed) 626M->517M(1024M), 0.0105885 secs]
[GC pause (G1 Evacuation Pause) (mixed) 572M->500M(1024M), 0.0082513 secs]
[GC pause (G1 Humongous Allocation) (young) (initial-mark) 501M->501M(1024M), 0.0019752 secs]
[GC concurrent-root-region-scan-start]
[GC concurrent-root-region-scan-end, 0.0001541 secs]
[GC concurrent-mark-start]
[GC concurrent-mark-end, 0.0024123 secs]
[GC remark, 0.0011340 secs]
[GC cleanup 515M->513M(1024M), 0.0005917 secs]
[GC concurrent-cleanup-start]
[GC concurrent-cleanup-end, 0.0000163 secs]
[GC pause (G1 Evacuation Pause) (young) 836M->584M(1024M), 0.0202352 secs]
[GC pause (G1 Evacuation Pause) (mixed) 607M->515M(1024M), 0.0130711 secs]
[GC pause (G1 Evacuation Pause) (mixed) 567M->515M(1024M), 0.0065259 secs]
[GC pause (G1 Humongous Allocation) (young) (initial-mark) 517M->513M(1024M), 0.0020846 secs]
[GC concurrent-root-region-scan-start]
[GC concurrent-root-region-scan-end, 0.0001557 secs]
[GC concurrent-mark-start]
[GC concurrent-mark-end, 0.0022442 secs]
[GC remark, 0.0013364 secs]
[GC cleanup 531M->529M(1024M), 0.0007772 secs]
[GC concurrent-cleanup-start]
[GC concurrent-cleanup-end, 0.0000175 secs]
[GC pause (G1 Evacuation Pause) (young) 830M->573M(1024M), 0.0190123 secs]
[GC pause (G1 Evacuation Pause) (mixed) 596M->507M(1024M), 0.0124174 secs]
[GC pause (G1 Evacuation Pause) (mixed) 567M->502M(1024M), 0.0083349 secs]
[GC pause (G1 Humongous Allocation) (young) (initial-mark) 504M->502M(1024M), 0.0018607 secs]
[GC concurrent-root-region-scan-start]
[GC concurrent-root-region-scan-end, 0.0001860 secs]
[GC concurrent-mark-start]
[GC concurrent-mark-end, 0.0024550 secs]
[GC remark, 0.0010773 secs]
[GC cleanup 520M->516M(1024M), 0.0004802 secs]
[GC concurrent-cleanup-start]
[GC concurrent-cleanup-end, 0.0000180 secs]
[GC pause (G1 Evacuation Pause) (young) 814M->559M(1024M), 0.0179999 secs]
[GC pause (G1 Evacuation Pause) (mixed) 579M->490M(1024M), 0.0123013 secs]
[GC pause (G1 Evacuation Pause) (mixed) 550M->489M(1024M), 0.0067840 secs]
[GC pause (G1 Humongous Allocation) (young) (initial-mark) 490M->489M(1024M), 0.0015635 secs]
[GC concurrent-root-region-scan-start]
[GC concurrent-root-region-scan-end, 0.0001402 secs]
[GC concurrent-mark-start]
[GC concurrent-mark-end, 0.0021989 secs]
[GC remark, 0.0011021 secs]
[GC cleanup 505M->503M(1024M), 0.0004691 secs]
[GC concurrent-cleanup-start]
[GC concurrent-cleanup-end, 0.0000166 secs]
[GC pause (G1 Evacuation Pause) (young)-- 848M->635M(1024M), 0.0195556 secs]
[GC pause (G1 Evacuation Pause) (mixed) 651M->567M(1024M), 0.0128143 secs]
[GC pause (G1 Evacuation Pause) (mixed) 628M->575M(1024M), 0.0068451 secs]
[GC pause (G1 Humongous Allocation) (young) (initial-mark) 579M->575M(1024M), 0.0017444 secs]
[GC concurrent-root-region-scan-start]
[GC concurrent-root-region-scan-end, 0.0000993 secs]
[GC concurrent-mark-start]
[GC concurrent-mark-end, 0.0025844 secs]
[GC remark, 0.0012391 secs]
[GC cleanup 592M->584M(1024M), 0.0005673 secs]
[GC concurrent-cleanup-start]
[GC concurrent-cleanup-end, 0.0000194 secs]
[GC pause (G1 Evacuation Pause) (young) 832M->628M(1024M), 0.0166802 secs]
[GC pause (G1 Evacuation Pause) (mixed) 656M->540M(1024M), 0.0089475 secs]
[GC pause (G1 Evacuation Pause) (mixed) 595M->490M(1024M), 0.0116796 secs]
[GC pause (G1 Evacuation Pause) (mixed) 544M->495M(1024M), 0.0061444 secs]
[GC pause (G1 Humongous Allocation) (young) (initial-mark) 498M->496M(1024M), 0.0018125 secs]
[GC concurrent-root-region-scan-start]
[GC concurrent-root-region-scan-end, 0.0001105 secs]
[GC concurrent-mark-start]
[GC concurrent-mark-end, 0.0021679 secs]
[GC remark, 0.0010958 secs]
[GC cleanup 512M->508M(1024M), 0.0005335 secs]
[GC concurrent-cleanup-start]
[GC concurrent-cleanup-end, 0.0000395 secs]
[GC pause (G1 Evacuation Pause) (young) 817M->557M(1024M), 0.0191240 secs]
[GC pause (G1 Evacuation Pause) (mixed) 577M->514M(1024M), 0.0104476 secs]
[GC pause (G1 Evacuation Pause) (mixed) 571M->507M(1024M), 0.0071472 secs]
[GC pause (G1 Evacuation Pause) (mixed) 563M->506M(1024M), 0.0069182 secs]
[GC pause (G1 Humongous Allocation) (young) (initial-mark) 507M->505M(1024M), 0.0015119 secs]
[GC concurrent-root-region-scan-start]
[GC concurrent-root-region-scan-end, 0.0001562 secs]
[GC concurrent-mark-start]
[GC concurrent-mark-end, 0.0022676 secs]
[GC remark, 0.0012020 secs]
[GC cleanup 522M->517M(1024M), 0.0005476 secs]
[GC concurrent-cleanup-start]
[GC concurrent-cleanup-end, 0.0000204 secs]
[GC pause (G1 Evacuation Pause) (young) 704M->551M(1024M), 0.0130296 secs]
[GC pause (G1 Evacuation Pause) (mixed) 588M->486M(1024M), 0.0102687 secs]
[GC pause (G1 Evacuation Pause) (mixed) 538M->477M(1024M), 0.0086973 secs]
[GC pause (G1 Humongous Allocation) (young) (initial-mark) 481M->477M(1024M), 0.0019348 secs]
[GC concurrent-root-region-scan-start]
[GC concurrent-root-region-scan-end, 0.0001143 secs]
[GC concurrent-mark-start]
[GC concurrent-mark-end, 0.0024569 secs]
[GC remark, 0.0011846 secs]
[GC cleanup 495M->494M(1024M), 0.0005097 secs]
[GC concurrent-cleanup-start]
[GC concurrent-cleanup-end, 0.0000160 secs]
[GC pause (G1 Evacuation Pause) (young) 808M->547M(1024M), 0.0210035 secs]
[GC pause (G1 Evacuation Pause) (mixed) 569M->485M(1024M), 0.0137306 secs]
[GC pause (G1 Evacuation Pause) (mixed) 543M->503M(1024M), 0.0063414 secs]
[GC pause (G1 Humongous Allocation) (young) (initial-mark) 505M->503M(1024M), 0.0017033 secs]
[GC concurrent-root-region-scan-start]
[GC concurrent-root-region-scan-end, 0.0001018 secs]
[GC concurrent-mark-start]
[GC concurrent-mark-end, 0.0026004 secs]
[GC remark, 0.0011753 secs]
[GC cleanup 519M->517M(1024M), 0.0005288 secs]
[GC concurrent-cleanup-start]
[GC concurrent-cleanup-end, 0.0000178 secs]
[GC pause (G1 Evacuation Pause) (young) 810M->577M(1024M), 0.0184761 secs]
[GC pause (G1 Evacuation Pause) (mixed) 596M->507M(1024M), 0.0136065 secs]
[GC pause (G1 Evacuation Pause) (mixed) 562M->499M(1024M), 0.0083088 secs]
[GC pause (G1 Humongous Allocation) (young) (initial-mark) 506M->499M(1024M), 0.0041413 secs]
[GC concurrent-root-region-scan-start]
[GC concurrent-root-region-scan-end, 0.0001816 secs]
[GC concurrent-mark-start]
[GC concurrent-mark-end, 0.0028144 secs]
[GC remark, 0.0013319 secs]
[GC cleanup 512M->508M(1024M), 0.0008250 secs]
[GC concurrent-cleanup-start]
[GC concurrent-cleanup-end, 0.0000208 secs]
[GC pause (G1 Evacuation Pause) (young) 840M->568M(1024M), 0.0243023 secs]
[GC pause (G1 Evacuation Pause) (mixed) 588M->497M(1024M), 0.0168268 secs]
[GC pause (G1 Evacuation Pause) (mixed) 559M->494M(1024M), 0.0111739 secs]
[GC pause (G1 Humongous Allocation) (young) (initial-mark) 499M->495M(1024M), 0.0023365 secs]
[GC concurrent-root-region-scan-start]
[GC concurrent-root-region-scan-end, 0.0001299 secs]
[GC concurrent-mark-start]
[GC concurrent-mark-end, 0.0024447 secs]
[GC remark, 0.0017575 secs]
[GC cleanup 510M->508M(1024M), 0.0017892 secs]
[GC concurrent-cleanup-start]
[GC concurrent-cleanup-end, 0.0000322 secs]
[GC pause (G1 Evacuation Pause) (young)-- 880M->722M(1024M), 0.0163141 secs]
[GC pause (G1 Evacuation Pause) (mixed) 738M->647M(1024M), 0.0127782 secs]
[GC pause (G1 Evacuation Pause) (mixed) 709M->643M(1024M), 0.0074668 secs]
[GC pause (G1 Humongous Allocation) (young) (initial-mark) 648M->645M(1024M), 0.0021827 secs]
[GC concurrent-root-region-scan-start]
[GC concurrent-root-region-scan-end, 0.0002087 secs]
[GC concurrent-mark-start]
[GC concurrent-mark-end, 0.0040404 secs]
[GC remark, 0.0012099 secs]
[GC cleanup 665M->657M(1024M), 0.0005295 secs]
[GC concurrent-cleanup-start]
[GC concurrent-cleanup-end, 0.0000232 secs]
[GC pause (G1 Evacuation Pause) (young) 870M->700M(1024M), 0.0164450 secs]
[GC pause (G1 Evacuation Pause) (mixed) 733M->611M(1024M), 0.0082735 secs]
[GC pause (G1 Evacuation Pause) (mixed) 662M->540M(1024M), 0.0090641 secs]
[GC pause (G1 Evacuation Pause) (mixed) 600M->491M(1024M), 0.0116385 secs]
[GC pause (G1 Evacuation Pause) (mixed) 545M->501M(1024M), 0.0060513 secs]
[GC pause (G1 Humongous Allocation) (young) (initial-mark) 503M->501M(1024M), 0.0015814 secs]
[GC concurrent-root-region-scan-start]
[GC concurrent-root-region-scan-end, 0.0001069 secs]
[GC concurrent-mark-start]
[GC concurrent-mark-end, 0.0026683 secs]
[GC remark, 0.0011374 secs]
[GC cleanup 515M->508M(1024M), 0.0004702 secs]
[GC concurrent-cleanup-start]
[GC concurrent-cleanup-end, 0.0000189 secs]
[GC pause (G1 Evacuation Pause) (young)-- 889M->724M(1024M), 0.0150869 secs]
[GC pause (G1 Evacuation Pause) (mixed) 746M->653M(1024M), 0.0128110 secs]
[GC pause (G1 Evacuation Pause) (mixed) 713M->656M(1024M), 0.0076825 secs]
[GC pause (G1 Humongous Allocation) (young) (initial-mark) 658M->656M(1024M), 0.0017695 secs]
[GC concurrent-root-region-scan-start]
[GC concurrent-root-region-scan-end, 0.0001467 secs]
[GC concurrent-mark-start]
[GC concurrent-mark-end, 0.0030627 secs]
[GC remark, 0.0011528 secs]
[GC cleanup 680M->669M(1024M), 0.0005017 secs]
[GC concurrent-cleanup-start]
[GC concurrent-cleanup-end, 0.0000203 secs]
[GC pause (G1 Evacuation Pause) (young) 861M->695M(1024M), 0.0134245 secs]
[GC pause (G1 Evacuation Pause) (mixed) 727M->608M(1024M), 0.0080456 secs]
[GC pause (G1 Evacuation Pause) (mixed) 663M->540M(1024M), 0.0092345 secs]
[GC pause (G1 Evacuation Pause) (mixed) 595M->496M(1024M), 0.0120124 secs]
[GC pause (G1 Evacuation Pause) (mixed) 550M->502M(1024M), 0.0049076 secs]
[GC pause (G1 Humongous Allocation) (young) (initial-mark) 506M->504M(1024M), 0.0019511 secs]
[GC concurrent-root-region-scan-start]
[GC concurrent-root-region-scan-end, 0.0001204 secs]
[GC concurrent-mark-start]
[GC concurrent-mark-end, 0.0022211 secs]
[GC remark, 0.0010745 secs]
[GC cleanup 522M->521M(1024M), 0.0004895 secs]
[GC concurrent-cleanup-start]
[GC concurrent-cleanup-end, 0.0000167 secs]
[GC pause (G1 Evacuation Pause) (young)-- 875M->719M(1024M), 0.0156656 secs]
[GC pause (G1 Evacuation Pause) (mixed) 736M->645M(1024M), 0.0124541 secs]
[GC pause (G1 Evacuation Pause) (mixed) 704M->631M(1024M), 0.0081828 secs]
[GC pause (G1 Humongous Allocation) (young) (initial-mark) 631M->630M(1024M), 0.0019817 secs]
[GC concurrent-root-region-scan-start]
[GC concurrent-root-region-scan-end, 0.0001655 secs]
[GC concurrent-mark-start]
[GC concurrent-mark-end, 0.0032916 secs]
[GC remark, 0.0012828 secs]
[GC cleanup 650M->645M(1024M), 0.0005866 secs]
[GC concurrent-cleanup-start]
[GC concurrent-cleanup-end, 0.0000184 secs]
[GC pause (G1 Evacuation Pause) (young) 818M->668M(1024M), 0.0119630 secs]
[GC pause (G1 Evacuation Pause) (mixed) 706M->584M(1024M), 0.0080923 secs]
[GC pause (G1 Evacuation Pause) (mixed) 638M->512M(1024M), 0.0094194 secs]
[GC pause (G1 Evacuation Pause) (mixed) 567M->486M(1024M), 0.0102194 secs]
[GC pause (G1 Humongous Allocation) (young) (initial-mark) 487M->486M(1024M), 0.0016538 secs]
[GC concurrent-root-region-scan-start]
[GC concurrent-root-region-scan-end, 0.0001758 secs]
[GC concurrent-mark-start]
[GC concurrent-mark-end, 0.0022361 secs]
[GC remark, 0.0011115 secs]
[GC cleanup 505M->503M(1024M), 0.0005198 secs]
[GC concurrent-cleanup-start]
[GC concurrent-cleanup-end, 0.0000366 secs]
[GC pause (G1 Evacuation Pause) (young)-- 840M->621M(1024M), 0.0197070 secs]
[GC pause (G1 Evacuation Pause) (mixed) 639M->556M(1024M), 0.0129264 secs]
[GC pause (G1 Evacuation Pause) (mixed) 613M->570M(1024M), 0.0050759 secs]
[GC pause (G1 Humongous Allocation) (young) (initial-mark) 574M->570M(1024M), 0.0018906 secs]
[GC concurrent-root-region-scan-start]
[GC concurrent-root-region-scan-end, 0.0001959 secs]
[GC concurrent-mark-start]
[GC concurrent-mark-end, 0.0026503 secs]
[GC remark, 0.0010844 secs]
[GC cleanup 584M->573M(1024M), 0.0005092 secs]
[GC concurrent-cleanup-start]
[GC concurrent-cleanup-end, 0.0000199 secs]
[GC pause (G1 Evacuation Pause) (young) 842M->618M(1024M), 0.0166576 secs]
[GC pause (G1 Evacuation Pause) (mixed) 649M->543M(1024M), 0.0101251 secs]
[GC pause (G1 Evacuation Pause) (mixed) 602M->496M(1024M), 0.0119448 secs]
[GC pause (G1 Evacuation Pause) (mixed) 548M->498M(1024M), 0.0046117 secs]
[GC pause (G1 Humongous Allocation) (young) (initial-mark) 501M->501M(1024M), 0.0019490 secs]
[GC concurrent-root-region-scan-start]
[GC concurrent-root-region-scan-end, 0.0001165 secs]
[GC concurrent-mark-start]
[GC concurrent-mark-end, 0.0026968 secs]
[GC remark, 0.0011228 secs]
[GC cleanup 517M->513M(1024M), 0.0004740 secs]
[GC concurrent-cleanup-start]
[GC concurrent-cleanup-end, 0.0000177 secs]
[GC pause (G1 Evacuation Pause) (young)-- 840M->585M(1024M), 0.0197049 secs]
[GC pause (G1 Evacuation Pause) (mixed) 605M->513M(1024M), 0.0123604 secs]
[GC pause (G1 Evacuation Pause) (mixed) 569M->508M(1024M), 0.0063966 secs]
[GC pause (G1 Humongous Allocation) (young) (initial-mark) 509M->508M(1024M), 0.0017752 secs]
[GC concurrent-root-region-scan-start]
[GC concurrent-root-region-scan-end, 0.0001727 secs]
[GC concurrent-mark-start]
[GC concurrent-mark-end, 0.0022586 secs]
[GC remark, 0.0011199 secs]
[GC cleanup 529M->528M(1024M), 0.0004960 secs]
[GC concurrent-cleanup-start]
[GC concurrent-cleanup-end, 0.0000158 secs]
[GC pause (G1 Evacuation Pause) (young)-- 845M->595M(1024M), 0.0186195 secs]
[GC pause (G1 Evacuation Pause) (mixed) 616M->525M(1024M), 0.0126597 secs]
[GC pause (G1 Evacuation Pause) (mixed) 583M->514M(1024M), 0.0066836 secs]
[GC pause (G1 Humongous Allocation) (young) (initial-mark) 516M->515M(1024M), 0.0017142 secs]
[GC concurrent-root-region-scan-start]
[GC concurrent-root-region-scan-end, 0.0001094 secs]
[GC concurrent-mark-start]
[GC concurrent-mark-end, 0.0025351 secs]
[GC remark, 0.0010681 secs]
[GC cleanup 528M->527M(1024M), 0.0004616 secs]
[GC concurrent-cleanup-start]
[GC concurrent-cleanup-end, 0.0000165 secs]
[GC pause (G1 Evacuation Pause) (young) 809M->578M(1024M), 0.0227734 secs]
[GC pause (G1 Evacuation Pause) (mixed) 605M->507M(1024M), 0.0123076 secs]
[GC pause (G1 Evacuation Pause) (mixed) 560M->501M(1024M), 0.0121517 secs]
[GC pause (G1 Humongous Allocation) (young) (initial-mark) 503M->502M(1024M), 0.0020773 secs]
[GC concurrent-root-region-scan-start]
[GC concurrent-root-region-scan-end, 0.0001954 secs]
[GC concurrent-mark-start]
[GC concurrent-mark-end, 0.0028070 secs]
[GC remark, 0.0014787 secs]
[GC cleanup 521M->519M(1024M), 0.0013910 secs]
[GC concurrent-cleanup-start]
[GC concurrent-cleanup-end, 0.0000318 secs]
[GC pause (G1 Evacuation Pause) (young) 811M->577M(1024M), 0.0203038 secs]
[GC pause (G1 Evacuation Pause) (mixed) 602M->509M(1024M), 0.0138741 secs]
[GC pause (G1 Evacuation Pause) (mixed) 565M->513M(1024M), 0.0082145 secs]
[GC pause (G1 Humongous Allocation) (young) (initial-mark) 517M->514M(1024M), 0.0018594 secs]
[GC concurrent-root-region-scan-start]
[GC concurrent-root-region-scan-end, 0.0001164 secs]
[GC concurrent-mark-start]
[GC concurrent-mark-end, 0.0024021 secs]
[GC remark, 0.0016156 secs]
[GC cleanup 528M->523M(1024M), 0.0016588 secs]
[GC concurrent-cleanup-start]
[GC concurrent-cleanup-end, 0.0000254 secs]
[GC pause (G1 Evacuation Pause) (young) 827M->569M(1024M), 0.0193834 secs]
[GC pause (G1 Evacuation Pause) (mixed) 597M->503M(1024M), 0.0139498 secs]
[GC pause (G1 Evacuation Pause) (mixed) 557M->506M(1024M), 0.0065949 secs]
[GC pause (G1 Humongous Allocation) (young) (initial-mark) 509M->506M(1024M), 0.0019336 secs]
[GC concurrent-root-region-scan-start]
[GC concurrent-root-region-scan-end, 0.0001326 secs]
[GC concurrent-mark-start]
[GC concurrent-mark-end, 0.0022221 secs]
[GC remark, 0.0011039 secs]
[GC cleanup 521M->518M(1024M), 0.0004599 secs]
[GC concurrent-cleanup-start]
[GC concurrent-cleanup-end, 0.0000164 secs]
[GC pause (G1 Evacuation Pause) (young)-- 846M->600M(1024M), 0.0199766 secs]
[GC pause (G1 Evacuation Pause) (mixed) 618M->528M(1024M), 0.0134045 secs]
[GC pause (G1 Evacuation Pause) (mixed) 586M->531M(1024M), 0.0063934 secs]
[GC pause (G1 Humongous Allocation) (young) (initial-mark) 531M->531M(1024M), 0.0019450 secs]
[GC concurrent-root-region-scan-start]
[GC concurrent-root-region-scan-end, 0.0001813 secs]
[GC concurrent-mark-start]
[GC concurrent-mark-end, 0.0033704 secs]
[GC remark, 0.0012560 secs]
[GC cleanup 548M->545M(1024M), 0.0005841 secs]
[GC concurrent-cleanup-start]
[GC concurrent-cleanup-end, 0.0000220 secs]
[GC pause (G1 Evacuation Pause) (young)-- 861M->701M(1024M), 0.0168770 secs]
[GC pause (G1 Evacuation Pause) (mixed) 722M->628M(1024M), 0.0126224 secs]
[GC pause (G1 Evacuation Pause) (mixed) 681M->608M(1024M), 0.0082903 secs]
[GC pause (G1 Humongous Allocation) (young) (initial-mark) 613M->610M(1024M), 0.0021911 secs]
[GC concurrent-root-region-scan-start]
[GC concurrent-root-region-scan-end, 0.0001646 secs]
[GC concurrent-mark-start]
[GC concurrent-mark-end, 0.0031496 secs]
[GC remark, 0.0011236 secs]
[GC cleanup 626M->617M(1024M), 0.0005547 secs]
[GC concurrent-cleanup-start]
[GC concurrent-cleanup-end, 0.0000229 secs]
[GC pause (G1 Evacuation Pause) (young) 852M->657M(1024M), 0.0161178 secs]
[GC pause (G1 Evacuation Pause) (mixed) 692M->575M(1024M), 0.0102192 secs]
[GC pause (G1 Evacuation Pause) (mixed) 637M->525M(1024M), 0.0119019 secs]
[GC pause (G1 Evacuation Pause) (mixed) 578M->524M(1024M), 0.0072514 secs]
[GC pause (G1 Humongous Allocation) (young) (initial-mark) 525M->523M(1024M), 0.0019381 secs]
[GC concurrent-root-region-scan-start]
[GC concurrent-root-region-scan-end, 0.0002381 secs]
[GC concurrent-mark-start]
[GC concurrent-mark-end, 0.0030397 secs]
[GC remark, 0.0012069 secs]
[GC cleanup 540M->537M(1024M), 0.0007784 secs]
[GC concurrent-cleanup-start]
[GC concurrent-cleanup-end, 0.0000226 secs]
[GC pause (G1 Evacuation Pause) (young)-- 854M->635M(1024M), 0.0170014 secs]
[GC pause (G1 Evacuation Pause) (mixed) 656M->567M(1024M), 0.0137806 secs]
[GC pause (G1 Evacuation Pause) (mixed) 629M->564M(1024M), 0.0086025 secs]
[GC pause (G1 Humongous Allocation) (young) (initial-mark) 574M->566M(1024M), 0.0027504 secs]
[GC concurrent-root-region-scan-start]
[GC concurrent-root-region-scan-end, 0.0001517 secs]
[GC concurrent-mark-start]
[GC concurrent-mark-end, 0.0024924 secs]
[GC remark, 0.0016708 secs]
[GC cleanup 585M->581M(1024M), 0.0008096 secs]
[GC concurrent-cleanup-start]
[GC concurrent-cleanup-end, 0.0000187 secs]
[GC pause (G1 Evacuation Pause) (young) 812M->607M(1024M), 0.0160777 secs]
[GC pause (G1 Evacuation Pause) (mixed) 638M->528M(1024M), 0.0103241 secs]
[GC pause (G1 Evacuation Pause) (mixed) 582M->489M(1024M), 0.0100957 secs]
[GC pause (G1 Humongous Allocation) (young) (initial-mark) 493M->489M(1024M), 0.0018797 secs]
[GC concurrent-root-region-scan-start]
[GC concurrent-root-region-scan-end, 0.0001508 secs]
[GC concurrent-mark-start]
[GC concurrent-mark-end, 0.0019464 secs]
[GC remark, 0.0010792 secs]
[GC cleanup 504M->504M(1024M), 0.0005086 secs]
[GC pause (G1 Evacuation Pause) (young) 806M->550M(1024M), 0.0181253 secs]
[GC pause (G1 Evacuation Pause) (mixed) 570M->482M(1024M), 0.0127679 secs]
[GC pause (G1 Evacuation Pause) (mixed) 539M->488M(1024M), 0.0061289 secs]
[GC pause (G1 Humongous Allocation) (young) (initial-mark) 496M->491M(1024M), 0.0023802 secs]
[GC concurrent-root-region-scan-start]
[GC concurrent-root-region-scan-end, 0.0001280 secs]
[GC concurrent-mark-start]
[GC concurrent-mark-end, 0.0026270 secs]
[GC remark, 0.0013424 secs]
[GC cleanup 508M->505M(1024M), 0.0005800 secs]
[GC concurrent-cleanup-start]
[GC concurrent-cleanup-end, 0.0000181 secs]
[GC pause (G1 Evacuation Pause) (young)-- 845M->605M(1024M), 0.0210881 secs]
[GC pause (G1 Evacuation Pause) (mixed) 623M->538M(1024M), 0.0135991 secs]
[GC pause (G1 Evacuation Pause) (mixed) 592M->538M(1024M), 0.0059774 secs]
[GC pause (G1 Humongous Allocation) (young) (initial-mark) 540M->538M(1024M), 0.0017371 secs]
[GC concurrent-root-region-scan-start]
[GC concurrent-root-region-scan-end, 0.0001380 secs]
[GC concurrent-mark-start]
[GC concurrent-mark-end, 0.0026455 secs]
[GC remark, 0.0013228 secs]
[GC cleanup 556M->552M(1024M), 0.0005683 secs]
[GC concurrent-cleanup-start]
[GC concurrent-cleanup-end, 0.0000731 secs]
[GC pause (G1 Evacuation Pause) (young)-- 872M->702M(1024M), 0.0168284 secs]
[GC pause (G1 Evacuation Pause) (mixed) 724M->622M(1024M), 0.0114343 secs]
[GC pause (G1 Evacuation Pause) (mixed) 681M->590M(1024M), 0.0102130 secs]
[GC pause (G1 Humongous Allocation) (young) (initial-mark) 594M->591M(1024M), 0.0020477 secs]
[GC concurrent-root-region-scan-start]
[GC concurrent-root-region-scan-end, 0.0001370 secs]
[GC concurrent-mark-start]
[GC concurrent-mark-end, 0.0028032 secs]
[GC remark, 0.0011811 secs]
[GC cleanup 608M->603M(1024M), 0.0004926 secs]
[GC concurrent-cleanup-start]
[GC concurrent-cleanup-end, 0.0000199 secs]
[GC pause (G1 Evacuation Pause) (young) 855M->655M(1024M), 0.0174328 secs]
[GC pause (G1 Evacuation Pause) (mixed) 684M->572M(1024M), 0.0103087 secs]
[GC pause (G1 Evacuation Pause) (mixed) 626M->511M(1024M), 0.0103151 secs]
[GC pause (G1 Evacuation Pause) (mixed) 571M->512M(1024M), 0.0066704 secs]
[GC pause (G1 Humongous Allocation) (young) (initial-mark) 513M->512M(1024M), 0.0016528 secs]
[GC concurrent-root-region-scan-start]
[GC concurrent-root-region-scan-end, 0.0001610 secs]
[GC concurrent-mark-start]
[GC concurrent-mark-end, 0.0025268 secs]
[GC remark, 0.0013717 secs]
[GC cleanup 535M->532M(1024M), 0.0004904 secs]
[GC concurrent-cleanup-start]
[GC concurrent-cleanup-end, 0.0000172 secs]
[GC pause (G1 Evacuation Pause) (young)-- 878M->720M(1024M), 0.0139738 secs]
[GC pause (G1 Evacuation Pause) (mixed) 745M->648M(1024M), 0.0119888 secs]
[GC pause (G1 Evacuation Pause) (mixed) 705M->646M(1024M), 0.0079185 secs]
[GC pause (G1 Humongous Allocation) (young) (initial-mark) 647M->647M(1024M), 0.0020041 secs]
[GC concurrent-root-region-scan-start]
[GC concurrent-root-region-scan-end, 0.0001435 secs]
[GC concurrent-mark-start]
[GC concurrent-mark-end, 0.0036864 secs]
[GC remark, 0.0013300 secs]
[GC cleanup 666M->655M(1024M), 0.0006589 secs]
[GC concurrent-cleanup-start]
[GC concurrent-cleanup-end, 0.0000254 secs]
[GC pause (G1 Evacuation Pause) (young) 851M->682M(1024M), 0.0133649 secs]
[GC pause (G1 Evacuation Pause) (mixed) 718M->595M(1024M), 0.0087583 secs]
[GC pause (G1 Evacuation Pause) (mixed) 651M->534M(1024M), 0.0094154 secs]
[GC pause (G1 Evacuation Pause) (mixed) 589M->501M(1024M), 0.0097486 secs]
[GC pause (G1 Humongous Allocation) (young) (initial-mark) 510M->502M(1024M), 0.0020854 secs]
[GC concurrent-root-region-scan-start]
[GC concurrent-root-region-scan-end, 0.0001220 secs]
[GC concurrent-mark-start]
[GC concurrent-mark-end, 0.0025779 secs]
[GC remark, 0.0011735 secs]
[GC cleanup 518M->517M(1024M), 0.0004688 secs]
[GC concurrent-cleanup-start]
[GC concurrent-cleanup-end, 0.0000172 secs]
[GC pause (G1 Evacuation Pause) (young)-- 850M->674M(1024M), 0.0214284 secs]
[GC pause (G1 Evacuation Pause) (mixed) 693M->598M(1024M), 0.0167521 secs]
[GC pause (G1 Evacuation Pause) (mixed) 663M->598M(1024M), 0.0088381 secs]
[GC pause (G1 Humongous Allocation) (young) (initial-mark) 602M->601M(1024M), 0.0032455 secs]
[GC concurrent-root-region-scan-start]
[GC concurrent-root-region-scan-end, 0.0004346 secs]
[GC concurrent-mark-start]
[GC concurrent-mark-end, 0.0048150 secs]
[GC remark, 0.0013415 secs]
[GC cleanup 606M->596M(1024M), 0.0005175 secs]
[GC concurrent-cleanup-start]
[GC concurrent-cleanup-end, 0.0000296 secs]
[GC pause (G1 Evacuation Pause) (young) 854M->647M(1024M), 0.0213482 secs]
[GC pause (G1 Evacuation Pause) (mixed) 683M->564M(1024M), 0.0091149 secs]
[GC pause (G1 Evacuation Pause) (mixed) 617M->503M(1024M), 0.0133971 secs]
[GC pause (G1 Evacuation Pause) (mixed) 561M->495M(1024M), 0.0102211 secs]
[GC pause (G1 Humongous Allocation) (young) (initial-mark) 497M->494M(1024M), 0.0020458 secs]
[GC concurrent-root-region-scan-start]
[GC concurrent-root-region-scan-end, 0.0001264 secs]
[GC concurrent-mark-start]
[GC concurrent-mark-end, 0.0032908 secs]
[GC remark, 0.0029202 secs]
[GC cleanup 507M->504M(1024M), 0.0009430 secs]
[GC concurrent-cleanup-start]
[GC concurrent-cleanup-end, 0.0000204 secs]
[GC pause (G1 Evacuation Pause) (young)-- 865M->691M(1024M), 0.0168724 secs]
[GC pause (G1 Evacuation Pause) (mixed) 710M->627M(1024M), 0.0137284 secs]
[GC pause (G1 Evacuation Pause) (mixed) 685M->627M(1024M), 0.0071523 secs]
[GC pause (G1 Humongous Allocation) (young) (initial-mark) 629M->627M(1024M), 0.0020089 secs]
[GC concurrent-root-region-scan-start]
[GC concurrent-root-region-scan-end, 0.0001508 secs]
[GC concurrent-mark-start]
[GC concurrent-mark-end, 0.0025728 secs]
[GC remark, 0.0010798 secs]
[GC cleanup 647M->630M(1024M), 0.0005204 secs]
[GC concurrent-cleanup-start]
[GC concurrent-cleanup-end, 0.0000240 secs]
[GC pause (G1 Evacuation Pause) (young) 848M->662M(1024M), 0.0157547 secs]
[GC pause (G1 Evacuation Pause) (mixed) 695M->576M(1024M), 0.0085546 secs]
[GC pause (G1 Evacuation Pause) (mixed) 630M->515M(1024M), 0.0100258 secs]
[GC pause (G1 Evacuation Pause) (mixed) 575M->496M(1024M), 0.0093374 secs]
[GC pause (G1 Humongous Allocation) (young) (initial-mark) 497M->496M(1024M), 0.0017014 secs]
[GC concurrent-root-region-scan-start]
[GC concurrent-root-region-scan-end, 0.0001329 secs]
[GC concurrent-mark-start]
[GC concurrent-mark-end, 0.0025757 secs]
[GC remark, 0.0010727 secs]
[GC cleanup 515M->512M(1024M), 0.0006500 secs]
[GC concurrent-cleanup-start]
[GC concurrent-cleanup-end, 0.0000227 secs]
[GC pause (G1 Evacuation Pause) (young)-- 862M->694M(1024M), 0.0177145 secs]
[GC pause (G1 Evacuation Pause) (mixed) 711M->623M(1024M), 0.0133351 secs]
[GC pause (G1 Evacuation Pause) (mixed) 682M->628M(1024M), 0.0064129 secs]
[GC pause (G1 Humongous Allocation) (young) (initial-mark) 628M->628M(1024M), 0.0018805 secs]
[GC concurrent-root-region-scan-start]
[GC concurrent-root-region-scan-end, 0.0001418 secs]
[GC concurrent-mark-start]
[GC concurrent-mark-end, 0.0028205 secs]
[GC remark, 0.0011149 secs]
[GC cleanup 650M->641M(1024M), 0.0005262 secs]
[GC concurrent-cleanup-start]
[GC concurrent-cleanup-end, 0.0000222 secs]
о┤ллйр╩Э!╣▓╔Щ│╔Хн¤з┤╬╩§:129230
