正在执行...timeInterval=10000
[GC pause (G1 Evacuation Pause) (young) 125M->44M(2048M), 0.0086190 secs]
[GC pause (G1 Evacuation Pause) (young) 153M->81M(2048M), 0.0082114 secs]
[GC pause (G1 Evacuation Pause) (young) 190M->108M(2048M), 0.0071473 secs]
[GC pause (G1 Evacuation Pause) (young) 214M->139M(2048M), 0.0082030 secs]
[GC pause (G1 Evacuation Pause) (young) 255M->172M(2048M), 0.0082992 secs]
[GC pause (G1 Evacuation Pause) (young) 316M->218M(2048M), 0.0102244 secs]
[GC pause (G1 Evacuation Pause) (young)-- 1708M->837M(2048M), 0.0334614 secs]
[GC pause (G1 Evacuation Pause) (young) 927M->849M(2048M), 0.0281259 secs]
[GC pause (G1 Humongous Allocation) (young) (initial-mark) 957M->877M(2048M), 0.0096751 secs]
[GC concurrent-root-region-scan-start]
[GC concurrent-root-region-scan-end, 0.0001536 secs]
[GC concurrent-mark-start]
[GC concurrent-mark-end, 0.0043294 secs]
[GC remark, 0.0012601 secs]
[GC cleanup 902M->785M(2048M), 0.0008771 secs]
[GC concurrent-cleanup-start]
[GC concurrent-cleanup-end, 0.0001185 secs]
[GC pause (G1 Evacuation Pause) (young) 1023M->821M(2048M), 0.0158264 secs]
[GC pause (G1 Evacuation Pause) (mixed) 918M->760M(2048M), 0.0116845 secs]
[GC pause (G1 Evacuation Pause) (mixed) 869M->627M(2048M), 0.0113667 secs]
[GC pause (G1 Evacuation Pause) (mixed) 749M->586M(2048M), 0.0103460 secs]
[GC pause (G1 Evacuation Pause) (young) 1306M->716M(2048M), 0.0278380 secs]
[GC pause (G1 Humongous Allocation) (young) (initial-mark) 1422M->807M(2048M), 0.0295731 secs]
[GC concurrent-root-region-scan-start]
[GC concurrent-root-region-scan-end, 0.0002168 secs]
[GC concurrent-mark-start]
[GC concurrent-mark-end, 0.0035914 secs]
[GC remark, 0.0011889 secs]
[GC cleanup 828M->631M(2048M), 0.0008504 secs]
[GC concurrent-cleanup-start]
[GC concurrent-cleanup-end, 0.0001540 secs]
[GC pause (G1 Evacuation Pause) (young) 1248M->710M(2048M), 0.0426210 secs]
[GC pause (G1 Evacuation Pause) (mixed) 743M->564M(2048M), 0.0202569 secs]
[GC pause (G1 Humongous Allocation) (young) (initial-mark) 1530M->723M(2048M), 0.0283937 secs]
[GC concurrent-root-region-scan-start]
[GC concurrent-root-region-scan-end, 0.0003171 secs]
[GC concurrent-mark-start]
[GC concurrent-mark-end, 0.0033572 secs]
[GC remark, 0.0011868 secs]
[GC cleanup 747M->623M(2048M), 0.0007834 secs]
[GC concurrent-cleanup-start]
[GC concurrent-cleanup-end, 0.0000903 secs]
[GC pause (G1 Evacuation Pause) (young)-- 1665M->867M(2048M), 0.0334375 secs]
[GC pause (G1 Evacuation Pause) (mixed) 874M->744M(2048M), 0.0227793 secs]
[GC pause (G1 Humongous Allocation) (young) (initial-mark) 1142M->821M(2048M), 0.0168308 secs]
[GC concurrent-root-region-scan-start]
[GC concurrent-root-region-scan-end, 0.0002124 secs]
[GC concurrent-mark-start]
[GC concurrent-mark-end, 0.0031988 secs]
[GC remark, 0.0012578 secs]
[GC cleanup 844M->705M(2048M), 0.0009830 secs]
[GC concurrent-cleanup-start]
[GC concurrent-cleanup-end, 0.0001381 secs]
[GC pause (G1 Evacuation Pause) (young) 844M->704M(2048M), 0.0267038 secs]
[GC pause (G1 Evacuation Pause) (mixed) 795M->541M(2048M), 0.0164462 secs]
[GC pause (G1 Evacuation Pause) (mixed) 654M->537M(2048M), 0.0108041 secs]
[GC pause (G1 Evacuation Pause) (young) 1402M->697M(2048M), 0.0296300 secs]
[GC pause (G1 Evacuation Pause) (young) 711M->697M(2048M), 0.0161843 secs]
[GC pause (G1 Evacuation Pause) (young) 824M->728M(2048M), 0.0068673 secs]
[GC pause (G1 Evacuation Pause) (young) 858M->759M(2048M), 0.0085629 secs]
[GC pause (G1 Evacuation Pause) (young) 948M->802M(2048M), 0.0119493 secs]
[GC pause (G1 Evacuation Pause) (young) 1021M->852M(2048M), 0.0141757 secs]
[GC pause (G1 Humongous Allocation) (young) (initial-mark) 989M->883M(2048M), 0.0107152 secs]
[GC concurrent-root-region-scan-start]
[GC concurrent-root-region-scan-end, 0.0001980 secs]
[GC concurrent-mark-start]
[GC concurrent-mark-end, 0.0042368 secs]
[GC remark, 0.0013853 secs]
[GC cleanup 909M->729M(2048M), 0.0011459 secs]
[GC concurrent-cleanup-start]
[GC concurrent-cleanup-end, 0.0001394 secs]
[GC pause (G1 Evacuation Pause) (young) 1035M->768M(2048M), 0.0180782 secs]
[GC pause (G1 Evacuation Pause) (mixed) 848M->596M(2048M), 0.0144880 secs]
[GC pause (G1 Evacuation Pause) (mixed) 705M->548M(2048M), 0.0109861 secs]
[GC pause (G1 Evacuation Pause) (young) 1203M->676M(2048M), 0.0244440 secs]
[GC pause (G1 Evacuation Pause) (young) 1135M->766M(2048M), 0.0266040 secs]
[GC pause (G1 Humongous Allocation) (young) (initial-mark) 1212M->844M(2048M), 0.0244795 secs]
[GC concurrent-root-region-scan-start]
[GC concurrent-root-region-scan-end, 0.0001997 secs]
[GC concurrent-mark-start]
[GC concurrent-mark-end, 0.0038513 secs]
[GC remark, 0.0013570 secs]
[GC cleanup 868M->684M(2048M), 0.0014992 secs]
[GC concurrent-cleanup-start]
[GC concurrent-cleanup-end, 0.0002442 secs]
[GC pause (G1 Evacuation Pause) (young) 1312M->769M(2048M), 0.0418902 secs]
[GC pause (G1 Evacuation Pause) (mixed) 803M->582M(2048M), 0.0239081 secs]
[GC pause (G1 Evacuation Pause) (mixed) 696M->612M(2048M), 0.0119607 secs]
[GC pause (G1 Humongous Allocation) (young) (initial-mark) 1471M->772M(2048M), 0.0383814 secs]
[GC concurrent-root-region-scan-start]
[GC concurrent-root-region-scan-end, 0.0002134 secs]
[GC concurrent-mark-start]
[GC concurrent-mark-end, 0.0039580 secs]
[GC remark, 0.0017420 secs]
[GC cleanup 787M->663M(2048M), 0.0014166 secs]
[GC concurrent-cleanup-start]
[GC concurrent-cleanup-end, 0.0001483 secs]
[GC pause (G1 Evacuation Pause) (young) 730M->660M(2048M), 0.0303933 secs]
[GC pause (G1 Evacuation Pause) (mixed) 759M->530M(2048M), 0.0207320 secs]
[GC pause (G1 Evacuation Pause) (young) 1197M->639M(2048M), 0.0318826 secs]
[GC pause (G1 Evacuation Pause) (young) 1344M->749M(2048M), 0.0393958 secs]
[GC pause (G1 Evacuation Pause) (young) 1083M->803M(2048M), 0.0304764 secs]
[GC pause (G1 Humongous Allocation) (young) (initial-mark) 1102M->862M(2048M), 0.0283641 secs]
[GC concurrent-root-region-scan-start]
[GC concurrent-root-region-scan-end, 0.0001823 secs]
[GC concurrent-mark-start]
[GC concurrent-mark-end, 0.0058535 secs]
[GC remark, 0.0013471 secs]
[GC cleanup 885M->685M(2048M), 0.0011315 secs]
[GC concurrent-cleanup-start]
[GC concurrent-cleanup-end, 0.0002585 secs]
[GC pause (G1 Evacuation Pause) (young) 1289M->761M(2048M), 0.0305030 secs]
[GC pause (G1 Evacuation Pause) (mixed) 803M->592M(2048M), 0.0187512 secs]
[GC pause (G1 Evacuation Pause) (mixed) 699M->614M(2048M), 0.0089369 secs]
[GC pause (G1 Humongous Allocation) (young) (initial-mark) 1396M->759M(2048M), 0.0311757 secs]
[GC concurrent-root-region-scan-start]
[GC concurrent-root-region-scan-end, 0.0001651 secs]
[GC concurrent-mark-start]
[GC concurrent-mark-end, 0.0027100 secs]
[GC remark, 0.0011658 secs]
[GC cleanup 766M->643M(2048M), 0.0008384 secs]
[GC concurrent-cleanup-start]
[GC concurrent-cleanup-end, 0.0001516 secs]
[GC pause (G1 Evacuation Pause) (young)-- 1672M->927M(2048M), 0.0354843 secs]
[GC pause (G1 Evacuation Pause) (mixed) 935M->764M(2048M), 0.0228679 secs]
[GC pause (G1 Humongous Allocation) (young) (initial-mark) 1012M->831M(2048M), 0.0156111 secs]
[GC concurrent-root-region-scan-start]
[GC concurrent-root-region-scan-end, 0.0002512 secs]
[GC concurrent-mark-start]
[GC concurrent-mark-end, 0.0040688 secs]
[GC remark, 0.0011570 secs]
[GC cleanup 854M->745M(2048M), 0.0008476 secs]
[GC concurrent-cleanup-start]
[GC concurrent-cleanup-end, 0.0000829 secs]
[GC pause (G1 Evacuation Pause) (young) 1328M->814M(2048M), 0.0322134 secs]
[GC pause (G1 Evacuation Pause) (mixed) 861M->634M(2048M), 0.0175825 secs]
[GC pause (G1 Evacuation Pause) (mixed) 753M->616M(2048M), 0.0114628 secs]
[GC pause (G1 Humongous Allocation) (young) (initial-mark) 1399M->767M(2048M), 0.0314933 secs]
[GC concurrent-root-region-scan-start]
[GC concurrent-root-region-scan-end, 0.0002349 secs]
[GC concurrent-mark-start]
[GC pause (G1 Evacuation Pause) (young) 774M->776M(2048M), 0.0201614 secs]
[GC concurrent-mark-end, 0.0241908 secs]
[GC remark, 0.0012853 secs]
[GC cleanup 793M->672M(2048M), 0.0009472 secs]
[GC concurrent-cleanup-start]
[GC concurrent-cleanup-end, 0.0001103 secs]
[GC pause (G1 Evacuation Pause) (young) 778M->680M(2048M), 0.0076580 secs]
[GC pause (G1 Evacuation Pause) (mixed) 798M->664M(2048M), 0.0107625 secs]
[GC pause (G1 Evacuation Pause) (mixed) 775M->627M(2048M), 0.0099738 secs]
[GC pause (G1 Evacuation Pause) (mixed) 736M->603M(2048M), 0.0119469 secs]
[GC pause (G1 Evacuation Pause) (young) 872M->663M(2048M), 0.0174178 secs]
[GC pause (G1 Evacuation Pause) (young) 932M->728M(2048M), 0.0189331 secs]
[GC pause (G1 Evacuation Pause) (young) 1084M->798M(2048M), 0.0224925 secs]
[GC pause (G1 Humongous Allocation) (young) (initial-mark) 1072M->861M(2048M), 0.0206820 secs]
[GC concurrent-root-region-scan-start]
[GC concurrent-root-region-scan-end, 0.0002123 secs]
[GC concurrent-mark-start]
[GC concurrent-mark-end, 0.0041348 secs]
[GC remark, 0.0011766 secs]
[GC cleanup 884M->735M(2048M), 0.0009175 secs]
[GC concurrent-cleanup-start]
[GC concurrent-cleanup-end, 0.0001782 secs]
[GC pause (G1 Evacuation Pause) (young) 1184M->792M(2048M), 0.0294171 secs]
[GC pause (G1 Evacuation Pause) (mixed) 851M->624M(2048M), 0.0167057 secs]
[GC pause (G1 Evacuation Pause) (mixed) 733M->593M(2048M), 0.0114528 secs]
[GC pause (G1 Evacuation Pause) (young) 1372M->746M(2048M), 0.0352399 secs]
[GC pause (G1 Humongous Allocation) (young) (initial-mark) 1368M->844M(2048M), 0.0370151 secs]
[GC concurrent-root-region-scan-start]
[GC concurrent-root-region-scan-end, 0.0001969 secs]
[GC concurrent-mark-start]
[GC concurrent-mark-end, 0.0035736 secs]
[GC remark, 0.0010965 secs]
[GC cleanup 867M->690M(2048M), 0.0008702 secs]
[GC concurrent-cleanup-start]
[GC concurrent-cleanup-end, 0.0001814 secs]
[GC pause (G1 Evacuation Pause) (young) 1520M->779M(2048M), 0.0415114 secs]
[GC pause (G1 Evacuation Pause) (mixed) 786M->596M(2048M), 0.0189699 secs]
[GC pause (G1 Evacuation Pause) (mixed) 714M->617M(2048M), 0.0081128 secs]
[GC pause (G1 Humongous Allocation) (young) (initial-mark) 1432M->773M(2048M), 0.0366265 secs]
[GC concurrent-root-region-scan-start]
[GC concurrent-root-region-scan-end, 0.0003719 secs]
[GC concurrent-mark-start]
[GC concurrent-mark-end, 0.0033096 secs]
[GC remark, 0.0015458 secs]
[GC cleanup 797M->656M(2048M), 0.0015263 secs]
[GC concurrent-cleanup-start]
[GC concurrent-cleanup-end, 0.0000922 secs]
[GC pause (G1 Evacuation Pause) (young) 716M->653M(2048M), 0.0227699 secs]
[GC pause (G1 Evacuation Pause) (mixed) 752M->531M(2048M), 0.0149850 secs]
[GC pause (G1 Evacuation Pause) (young) 1151M->663M(2048M), 0.0313942 secs]
[GC pause (G1 Evacuation Pause) (young) 953M->714M(2048M), 0.0245320 secs]
[GC pause (G1 Evacuation Pause) (young) 1215M->807M(2048M), 0.0289943 secs]
[GC pause (G1 Humongous Allocation) (young) (initial-mark) 1074M->857M(2048M), 0.0222040 secs]
[GC concurrent-root-region-scan-start]
[GC concurrent-root-region-scan-end, 0.0002110 secs]
[GC concurrent-mark-start]
[GC concurrent-mark-end, 0.0044231 secs]
[GC remark, 0.0012754 secs]
[GC cleanup 883M->716M(2048M), 0.0010836 secs]
[GC concurrent-cleanup-start]
[GC concurrent-cleanup-end, 0.0002216 secs]
[GC pause (G1 Evacuation Pause) (young) 1334M->809M(2048M), 0.0376529 secs]
[GC pause (G1 Evacuation Pause) (mixed) 852M->638M(2048M), 0.0179309 secs]
[GC pause (G1 Evacuation Pause) (mixed) 751M->632M(2048M), 0.0105944 secs]
[GC pause (G1 Humongous Allocation) (young) (initial-mark) 1273M->747M(2048M), 0.0349770 secs]
[GC concurrent-root-region-scan-start]
[GC concurrent-root-region-scan-end, 0.0002397 secs]
[GC concurrent-mark-start]
[GC concurrent-mark-end, 0.0030496 secs]
[GC remark, 0.0013145 secs]
[GC cleanup 770M->661M(2048M), 0.0011993 secs]
[GC concurrent-cleanup-start]
[GC concurrent-cleanup-end, 0.0001003 secs]
[GC pause (G1 Evacuation Pause) (young)-- 1698M->1002M(2048M), 0.0408317 secs]
[GC pause (G1 Evacuation Pause) (mixed) 1011M->855M(2048M), 0.0233928 secs]
[GC pause (G1 Humongous Allocation) (young) (initial-mark) 873M->861M(2048M), 0.0023616 secs]
[GC concurrent-root-region-scan-start]
[GC concurrent-root-region-scan-end, 0.0001678 secs]
[GC concurrent-mark-start]
[GC concurrent-mark-end, 0.0039732 secs]
[GC remark, 0.0016118 secs]
[GC cleanup 889M->820M(2048M), 0.0012335 secs]
[GC concurrent-cleanup-start]
[GC concurrent-cleanup-end, 0.0000512 secs]
[GC pause (G1 Evacuation Pause) (young)-- 1738M->1123M(2048M), 0.0455418 secs]
[GC pause (G1 Evacuation Pause) (mixed) 1136M->931M(2048M), 0.0221378 secs]
[GC pause (G1 Evacuation Pause) (mixed) 1054M->815M(2048M), 0.0129280 secs]
[GC pause (G1 Humongous Allocation) (young) (initial-mark) 1041M->869M(2048M), 0.0157627 secs]
[GC concurrent-root-region-scan-start]
[GC concurrent-root-region-scan-end, 0.0001649 secs]
[GC concurrent-mark-start]
[GC concurrent-mark-end, 0.0048118 secs]
[GC remark, 0.0012494 secs]
[GC cleanup 893M->759M(2048M), 0.0009021 secs]
[GC concurrent-cleanup-start]
[GC concurrent-cleanup-end, 0.0001448 secs]
[GC pause (G1 Evacuation Pause) (young) 1688M->863M(2048M), 0.0464515 secs]
[GC pause (G1 Evacuation Pause) (mixed) 869M->676M(2048M), 0.0192707 secs]
[GC pause (G1 Evacuation Pause) (mixed) 801M->621M(2048M), 0.0101033 secs]
[GC pause (G1 Humongous Allocation) (young) (initial-mark) 1469M->770M(2048M), 0.0403942 secs]
[GC concurrent-root-region-scan-start]
[GC concurrent-root-region-scan-end, 0.0002814 secs]
[GC concurrent-mark-start]
[GC pause (G1 Evacuation Pause) (young) 778M->774M(2048M), 0.0205618 secs]
[GC concurrent-mark-end, 0.0238961 secs]
[GC remark, 0.0013230 secs]
[GC cleanup 785M->641M(2048M), 0.0012975 secs]
[GC concurrent-cleanup-start]
[GC concurrent-cleanup-end, 0.0001439 secs]
[GC pause (G1 Evacuation Pause) (young) 765M->664M(2048M), 0.0087748 secs]
[GC pause (G1 Evacuation Pause) (mixed) 770M->645M(2048M), 0.0095696 secs]
[GC pause (G1 Evacuation Pause) (mixed) 758M->636M(2048M), 0.0093530 secs]
[GC pause (G1 Evacuation Pause) (mixed) 740M->619M(2048M), 0.0100907 secs]
[GC pause (G1 Evacuation Pause) (mixed) 737M->619M(2048M), 0.0106196 secs]
[GC pause (G1 Evacuation Pause) (young) 775M->659M(2048M), 0.0116191 secs]
[GC pause (G1 Evacuation Pause) (young) 837M->701M(2048M), 0.0132599 secs]
[GC pause (G1 Evacuation Pause) (young) 916M->747M(2048M), 0.0153292 secs]
[GC pause (G1 Evacuation Pause) (young) 1001M->798M(2048M), 0.0173476 secs]
[GC pause (G1 Evacuation Pause) (young) 1096M->862M(2048M), 0.0203669 secs]
[GC pause (G1 Humongous Allocation) (young) (initial-mark) 946M->880M(2048M), 0.0111939 secs]
[GC concurrent-root-region-scan-start]
[GC concurrent-root-region-scan-end, 0.0001724 secs]
[GC concurrent-mark-start]
[GC concurrent-mark-end, 0.0038090 secs]
[GC remark, 0.0011472 secs]
[GC cleanup 906M->735M(2048M), 0.0008661 secs]
[GC concurrent-cleanup-start]
[GC concurrent-cleanup-end, 0.0001146 secs]
[GC pause (G1 Evacuation Pause) (young) 1237M->817M(2048M), 0.0291844 secs]
[GC pause (G1 Evacuation Pause) (mixed) 875M->644M(2048M), 0.0162711 secs]
[GC pause (G1 Evacuation Pause) (mixed) 761M->601M(2048M), 0.0133034 secs]
[GC pause (G1 Evacuation Pause) (young) 1315M->722M(2048M), 0.0354390 secs]
[GC pause (G1 Evacuation Pause) (young) 809M->743M(2048M), 0.0167476 secs]
[GC pause (G1 Evacuation Pause) (young) 1065M->816M(2048M), 0.0202197 secs]
[GC pause (G1 Humongous Allocation) (young) (initial-mark) 1117M->873M(2048M), 0.0202030 secs]
[GC concurrent-root-region-scan-start]
[GC concurrent-root-region-scan-end, 0.0001835 secs]
[GC concurrent-mark-start]
[GC concurrent-mark-end, 0.0035095 secs]
[GC remark, 0.0012493 secs]
[GC cleanup 900M->693M(2048M), 0.0009793 secs]
[GC concurrent-cleanup-start]
[GC concurrent-cleanup-end, 0.0002737 secs]
[GC pause (G1 Evacuation Pause) (young) 1133M->771M(2048M), 0.0289030 secs]
[GC pause (G1 Evacuation Pause) (mixed) 831M->606M(2048M), 0.0163993 secs]
[GC pause (G1 Evacuation Pause) (mixed) 724M->604M(2048M), 0.0102566 secs]
[GC pause (G1 Humongous Allocation) (young) (initial-mark) 1402M->759M(2048M), 0.0386927 secs]
[GC concurrent-root-region-scan-start]
[GC concurrent-root-region-scan-end, 0.0002074 secs]
[GC concurrent-mark-start]
[GC concurrent-mark-end, 0.0029989 secs]
[GC remark, 0.0012330 secs]
[GC cleanup 784M->675M(2048M), 0.0010882 secs]
[GC concurrent-cleanup-start]
[GC concurrent-cleanup-end, 0.0000812 secs]
[GC pause (G1 Evacuation Pause) (young) 1580M->755M(2048M), 0.0470757 secs]
[GC pause (G1 Evacuation Pause) (mixed) 765M->592M(2048M), 0.0212308 secs]
[GC pause (G1 Humongous Allocation) (young) (initial-mark) 1433M->742M(2048M), 0.0402780 secs]
[GC concurrent-root-region-scan-start]
[GC concurrent-root-region-scan-end, 0.0002007 secs]
[GC concurrent-mark-start]
[GC concurrent-mark-end, 0.0029794 secs]
[GC remark, 0.0012026 secs]
[GC cleanup 762M->633M(2048M), 0.0010536 secs]
[GC concurrent-cleanup-start]
[GC concurrent-cleanup-end, 0.0001347 secs]
执行结束!共生成对象次数:148518
