Н§н┌о┤лл...timeInterval=10000
[GC pause (G1 Evacuation Pause) (young) 14M->6497K(256M), 0.0048530 secs]
[GC pause (G1 Evacuation Pause) (young) 27M->13M(256M), 0.0021615 secs]
[GC pause (G1 Evacuation Pause) (young)-- 204M->141M(256M), 0.0073999 secs]
[GC pause (G1 Humongous Allocation) (young) (initial-mark) 142M->142M(256M), 0.0042474 secs]
[GC concurrent-root-region-scan-start]
[GC concurrent-root-region-scan-end, 0.0001817 secs]
[GC concurrent-mark-start]
[GC concurrent-mark-end, 0.0008997 secs]
[GC remark, 0.0010849 secs]
[GC cleanup 151M->151M(256M), 0.0004398 secs]
[GC pause (G1 Evacuation Pause) (young) 212M->160M(256M), 0.0030183 secs]
[GC pause (G1 Evacuation Pause) (mixed) 164M->138M(256M), 0.0024807 secs]
[GC pause (G1 Evacuation Pause) (mixed) 151M->121M(256M), 0.0025054 secs]
[GC pause (G1 Evacuation Pause) (mixed) 133M->112M(256M), 0.0022189 secs]
[GC pause (G1 Humongous Allocation) (young) (initial-mark) 115M->112M(256M), 0.0011987 secs]
[GC concurrent-root-region-scan-start]
[GC concurrent-root-region-scan-end, 0.0001623 secs]
[GC concurrent-mark-start]
[GC concurrent-mark-end, 0.0008520 secs]
[GC remark, 0.0007255 secs]
[GC cleanup 114M->114M(256M), 0.0002692 secs]
[GC pause (G1 Evacuation Pause) (young)-- 211M->181M(256M), 0.0042120 secs]
[GC pause (G1 Evacuation Pause) (mixed) 186M->175M(256M), 0.0037345 secs]
[GC pause (G1 Humongous Allocation) (young) (initial-mark) 176M->175M(256M), 0.0007830 secs]
[GC concurrent-root-region-scan-start]
[GC concurrent-root-region-scan-end, 0.0001307 secs]
[GC concurrent-mark-start]
[GC concurrent-mark-end, 0.0011300 secs]
[GC remark, 0.0008414 secs]
[GC cleanup 182M->182M(256M), 0.0002989 secs]
[GC pause (G1 Evacuation Pause) (young) 209M->184M(256M), 0.0022676 secs]
[GC pause (G1 Evacuation Pause) (mixed) 193M->164M(256M), 0.0026656 secs]
[GC pause (G1 Evacuation Pause) (mixed) 174M->149M(256M), 0.0029526 secs]
[GC pause (G1 Evacuation Pause) (mixed) 160M->147M(256M), 0.0025713 secs]
[GC pause (G1 Humongous Allocation) (young) (initial-mark) 151M->148M(256M), 0.0009489 secs]
[GC concurrent-root-region-scan-start]
[GC concurrent-root-region-scan-end, 0.0001603 secs]
[GC concurrent-mark-start]
[GC concurrent-mark-end, 0.0011907 secs]
[GC remark, 0.0010200 secs]
[GC cleanup 155M->155M(256M), 0.0002708 secs]
[GC pause (G1 Evacuation Pause) (young) 205M->166M(256M), 0.0040377 secs]
[GC pause (G1 Evacuation Pause) (mixed) 172M->162M(256M), 0.0039430 secs]
[GC pause (G1 Humongous Allocation) (young) (initial-mark) 171M->166M(256M), 0.0014719 secs]
[GC concurrent-root-region-scan-start]
[GC concurrent-root-region-scan-end, 0.0001845 secs]
[GC concurrent-mark-start]
[GC concurrent-mark-end, 0.0018129 secs]
[GC remark, 0.0008658 secs]
[GC cleanup 176M->176M(256M), 0.0003519 secs]
[GC pause (G1 Evacuation Pause) (young) 203M->176M(256M), 0.0030308 secs]
[GC pause (G1 Evacuation Pause) (mixed) 185M->171M(256M), 0.0035892 secs]
[GC pause (G1 Humongous Allocation) (young) (initial-mark) 177M->173M(256M), 0.0011289 secs]
[GC concurrent-root-region-scan-start]
[GC concurrent-root-region-scan-end, 0.0001402 secs]
[GC concurrent-mark-start]
[GC concurrent-mark-end, 0.0011919 secs]
[GC remark, 0.0008307 secs]
[GC cleanup 179M->179M(256M), 0.0003348 secs]
[GC pause (G1 Evacuation Pause) (young) 200M->185M(256M), 0.0035104 secs]
[GC pause (G1 Evacuation Pause) (mixed) 198M->183M(256M), 0.0036583 secs]
[GC pause (G1 Humongous Allocation) (young) (initial-mark) 183M->183M(256M), 0.0011412 secs]
[GC concurrent-root-region-scan-start]
[GC concurrent-root-region-scan-end, 0.0000370 secs]
[GC concurrent-mark-start]
[GC concurrent-mark-end, 0.0011709 secs]
[GC remark, 0.0008759 secs]
[GC cleanup 186M->186M(256M), 0.0003090 secs]
[GC pause (G1 Evacuation Pause) (young) 201M->188M(256M), 0.0013735 secs]
[GC pause (G1 Evacuation Pause) (mixed) 201M->188M(256M), 0.0033788 secs]
[GC pause (G1 Humongous Allocation) (young) (initial-mark) 192M->188M(256M), 0.0014631 secs]
[GC concurrent-root-region-scan-start]
[GC concurrent-root-region-scan-end, 0.0001146 secs]
[GC concurrent-mark-start]
[GC concurrent-mark-end, 0.0011836 secs]
[GC remark, 0.0010305 secs]
[GC cleanup 194M->194M(256M), 0.0003505 secs]
[GC pause (G1 Evacuation Pause) (young) 202M->192M(256M), 0.0015630 secs]
[GC pause (G1 Evacuation Pause) (mixed) 206M->188M(256M), 0.0033516 secs]
[GC pause (G1 Humongous Allocation) (young) (initial-mark) 197M->191M(256M), 0.0016719 secs]
[GC concurrent-root-region-scan-start]
[GC concurrent-root-region-scan-end, 0.0001915 secs]
[GC concurrent-mark-start]
[GC concurrent-mark-end, 0.0012625 secs]
[GC remark, 0.0009279 secs]
[GC cleanup 198M->198M(256M), 0.0002983 secs]
[GC pause (G1 Evacuation Pause) (young) 205M->195M(256M), 0.0014656 secs]
[GC pause (G1 Evacuation Pause) (mixed) 207M->195M(256M), 0.0026510 secs]
[GC pause (G1 Humongous Allocation) (young) (initial-mark) 196M->195M(256M), 0.0008454 secs]
[GC concurrent-root-region-scan-start]
[GC concurrent-root-region-scan-end, 0.0000717 secs]
[GC concurrent-mark-start]
[GC concurrent-mark-end, 0.0012523 secs]
[GC remark, 0.0009466 secs]
[GC cleanup 197M->197M(256M), 0.0003447 secs]
[GC pause (G1 Evacuation Pause) (young) 211M->201M(256M), 0.0018784 secs]
[GC pause (G1 Evacuation Pause) (mixed) 215M->202M(256M), 0.0023002 secs]
[GC pause (G1 Humongous Allocation) (young) (initial-mark) 208M->203M(256M), 0.0013008 secs]
[GC concurrent-root-region-scan-start]
[GC concurrent-root-region-scan-end, 0.0002139 secs]
[GC concurrent-mark-start]
[GC concurrent-mark-end, 0.0015987 secs]
[GC remark, 0.0011873 secs]
[GC cleanup 210M->210M(256M), 0.0003182 secs]
[GC pause (G1 Evacuation Pause) (young) 214M->206M(256M), 0.0015125 secs]
[GC pause (G1 Evacuation Pause) (mixed)-- 220M->217M(256M), 0.0020128 secs]
[GC pause (G1 Humongous Allocation) (young) (initial-mark) 218M->217M(256M), 0.0014746 secs]
[GC concurrent-root-region-scan-start]
[GC concurrent-root-region-scan-end, 0.0000506 secs]
[GC concurrent-mark-start]
[GC concurrent-mark-end, 0.0014454 secs]
[GC remark, 0.0010804 secs]
[GC cleanup 224M->224M(256M), 0.0003470 secs]
[GC pause (G1 Humongous Allocation) (young)-- 225M->225M(256M), 0.0006576 secs]
[GC pause (G1 Evacuation Pause) (mixed)-- 225M->225M(256M), 0.0006694 secs]
[GC pause (G1 Evacuation Pause) (mixed)-- 226M->226M(256M), 0.0005075 secs]
[Full GC (Allocation Failure)  226M->186M(256M), 0.0514344 secs]
[GC pause (G1 Humongous Allocation) (young) (initial-mark) 187M->186M(256M), 0.0006119 secs]
[GC concurrent-root-region-scan-start]
[GC concurrent-root-region-scan-end, 0.0001515 secs]
[GC concurrent-mark-start]
[GC concurrent-mark-end, 0.0016481 secs]
[GC remark, 0.0010293 secs]
[GC cleanup 200M->200M(256M), 0.0003367 secs]
[GC pause (G1 Evacuation Pause) (young) 200M->190M(256M), 0.0011978 secs]
[GC pause (G1 Humongous Allocation) (young) (initial-mark) 195M->190M(256M), 0.0010220 secs]
[GC concurrent-root-region-scan-start]
[GC concurrent-root-region-scan-end, 0.0000990 secs]
[GC concurrent-mark-start]
[GC concurrent-mark-end, 0.0016531 secs]
[GC remark, 0.0009727 secs]
[GC cleanup 197M->197M(256M), 0.0002648 secs]
[GC pause (G1 Evacuation Pause) (young) 202M->194M(256M), 0.0012822 secs]
[GC pause (G1 Humongous Allocation) (mixed)-- 205M->201M(256M), 0.0009492 secs]
[GC pause (G1 Evacuation Pause) (young) (initial-mark)-- 206M->204M(256M), 0.0006794 secs]
[GC concurrent-root-region-scan-start]
[GC concurrent-root-region-scan-end, 0.0000189 secs]
[GC concurrent-mark-start]
[GC pause (G1 Humongous Allocation) (young)-- 205M->205M(256M), 0.0004923 secs]
[GC pause (G1 Evacuation Pause) (young) 206M->205M(256M), 0.0004277 secs]
[GC pause (G1 Evacuation Pause) (young)-- 206M->206M(256M), 0.0004408 secs]
[Full GC (Allocation Failure)  206M->193M(256M), 0.0543269 secs]
[GC concurrent-mark-abort]
[GC pause (G1 Humongous Allocation) (young) (initial-mark) 194M->193M(256M), 0.0008149 secs]
[GC concurrent-root-region-scan-start]
[GC concurrent-root-region-scan-end, 0.0000833 secs]
[GC concurrent-mark-start]
[GC concurrent-mark-end, 0.0011830 secs]
[GC remark, 0.0010028 secs]
[GC cleanup 196M->196M(256M), 0.0003115 secs]
[GC pause (G1 Evacuation Pause) (young)-- 207M->204M(256M), 0.0014067 secs]
[GC pause (G1 Humongous Allocation) (young) (initial-mark) 205M->205M(256M), 0.0005454 secs]
[GC concurrent-root-region-scan-start]
[GC concurrent-root-region-scan-end, 0.0001680 secs]
[GC concurrent-mark-start]
[GC pause (G1 Humongous Allocation) (young)-- 206M->206M(256M), 0.0005629 secs]
[Full GC (Allocation Failure)  206M->197M(256M), 0.0503563 secs]
[GC concurrent-mark-abort]
[GC pause (G1 Humongous Allocation) (young) (initial-mark) 198M->197M(256M), 0.0005425 secs]
[GC concurrent-root-region-scan-start]
[GC concurrent-root-region-scan-end, 0.0001566 secs]
[GC concurrent-mark-start]
[GC concurrent-mark-end, 0.0018480 secs]
[GC remark, 0.0013429 secs]
[GC cleanup 204M->204M(256M), 0.0003882 secs]
[GC pause (G1 Humongous Allocation) (young)-- 205M->205M(256M), 0.0006689 secs]
[Full GC (Allocation Failure)  205M->200M(256M), 0.0252263 secs]
[GC pause (G1 Humongous Allocation) (young) (initial-mark) 201M->200M(256M), 0.0005514 secs]
[GC concurrent-root-region-scan-start]
[GC concurrent-root-region-scan-end, 0.0000396 secs]
[GC concurrent-mark-start]
[GC concurrent-mark-end, 0.0013839 secs]
[GC pause (G1 Evacuation Pause) (young)-- 207M->207M(256M), 0.0006764 secs]
[GC remark, 0.0010781 secs]
[Full GC (Allocation Failure)  207M->202M(256M), 0.0079553 secs]
[GC cleanup, 0.0000217 secs]
[GC concurrent-mark-abort]
[GC pause (G1 Humongous Allocation) (young) (initial-mark) 203M->202M(256M), 0.0005641 secs]
[GC concurrent-root-region-scan-start]
[GC concurrent-root-region-scan-end, 0.0000828 secs]
[GC concurrent-mark-start]
[GC pause (G1 Evacuation Pause) (young)-- 204M->203M(256M), 0.0006574 secs]
[GC pause (G1 Evacuation Pause) (young) 204M->203M(256M), 0.0004644 secs]
[GC pause (G1 Humongous Allocation) (young)-- 204M->204M(256M), 0.0005049 secs]
[Full GC (Allocation Failure)  204M->203M(256M), 0.0054365 secs]
[GC concurrent-mark-abort]
[GC pause (G1 Evacuation Pause) (young)-- 204M->204M(256M), 0.0007221 secs]
[Full GC (Allocation Failure)  204M->203M(256M), 0.0064056 secs]
[GC pause (G1 Humongous Allocation) (young) (initial-mark)-- 204M->204M(256M), 0.0031206 secs]
[GC concurrent-root-region-scan-start]
[GC concurrent-root-region-scan-end, 0.0000662 secs]
[GC concurrent-mark-start]
[GC concurrent-mark-end, 0.0046554 secs]
[GC remark, 0.0021743 secs]
[GC cleanup 204M->204M(256M), 0.0003570 secs]
[GC pause (G1 Humongous Allocation) (young) 204M->204M(256M), 0.0008276 secs]
[Full GC (Allocation Failure)  204M->203M(256M), 0.0066057 secs]
[GC pause (G1 Evacuation Pause) (young) 204M->203M(256M), 0.0005252 secs]
[GC pause (G1 Evacuation Pause) (young) (initial-mark)-- 204M->204M(256M), 0.0013881 secs]
[GC concurrent-root-region-scan-start]
[GC concurrent-root-region-scan-end, 0.0000172 secs]
[GC concurrent-mark-start]
[Full GC (Allocation Failure)  204M->203M(256M), 0.0515317 secs]
[GC concurrent-mark-abort]
[GC pause (G1 Evacuation Pause) (young)-- 204M->204M(256M), 0.0009243 secs]
[Full GC (Allocation Failure)  204M->203M(256M), 0.0143810 secs]
[GC pause (G1 Evacuation Pause) (young)-- 205M->205M(256M), 0.0008188 secs]
[Full GC (Allocation Failure)  205M->204M(256M), 0.0122798 secs]
[GC pause (G1 Evacuation Pause) (young)-- 205M->205M(256M), 0.0008196 secs]
[Full GC (Allocation Failure)  205M->203M(256M), 0.0152292 secs]
[GC pause (G1 Evacuation Pause) (young)-- 205M->205M(256M), 0.0006301 secs]
[Full GC (Allocation Failure)  205M->204M(256M), 0.0051451 secs]
[GC pause (G1 Humongous Allocation) (young) (initial-mark)-- 204M->204M(256M), 0.0044746 secs]
[GC concurrent-root-region-scan-start]
[GC concurrent-root-region-scan-end, 0.0000180 secs]
[GC concurrent-mark-start]
[GC concurrent-mark-end, 0.0025367 secs]
[GC pause (G1 Humongous Allocation) (young) 204M->204M(256M), 0.0005762 secs]
[Full GC (Allocation Failure)  204M->203M(256M), 0.0143013 secs]
[GC remark, 0.0000175 secs]
[GC concurrent-mark-abort]
[GC pause (G1 Evacuation Pause) (young) 204M->203M(256M), 0.0005359 secs]
[GC pause (G1 Evacuation Pause) (young)-- 204M->204M(256M), 0.0007640 secs]
[Full GC (Allocation Failure)  204M->203M(256M), 0.0045098 secs]
[GC pause (G1 Evacuation Pause) (young)-- 204M->204M(256M), 0.0018015 secs]
[Full GC (Allocation Failure)  204M->203M(256M), 0.0064176 secs]
[GC pause (G1 Humongous Allocation) (young) (initial-mark) 204M->203M(256M), 0.0009901 secs]
[GC concurrent-root-region-scan-start]
[GC concurrent-root-region-scan-end, 0.0000163 secs]
[GC concurrent-mark-start]
[GC pause (G1 Humongous Allocation) (young) 204M->203M(256M), 0.0024265 secs]
[GC pause (G1 Evacuation Pause) (young) 204M->204M(256M), 0.0037962 secs]
[GC pause (G1 Evacuation Pause) (young) 204M->204M(256M), 0.0007981 secs]
[GC concurrent-mark-end, 0.0103113 secs]
[GC remark, 0.0013793 secs]
[Full GC (Allocation Failure)  204M->204M(256M), 0.0042707 secs]
[Full GC (Allocation Failure)  204M->204M(256M), 0.0060033 secs]
[GC cleanup, 0.0000325 secs]
[GC concurrent-mark-abort]
[GC pause (G1 Evacuation Pause) (young) 204M->204M(256M), 0.0027327 secs]
[GC pause (G1 Evacuation Pause) (young) (initial-mark) 204M->204M(256M), 0.0008129 secs]
[GC concurrent-root-region-scan-start]
[GC concurrent-root-region-scan-end, 0.0000175 secs]
[GC concurrent-mark-start]
[GC concurrent-mark-end, 0.0009396 secs]
[Full GC (Allocation Failure)  204M->620K(256M), 0.0041539 secs]
[GC remark, 0.0000262 secs]
[GC concurrent-mark-abort]
