Н§н┌о┤лл...timeInterval=10000
[GC pause (G1 Evacuation Pause) (young) 29M->11M(512M), 0.0026789 secs]
[GC pause (G1 Evacuation Pause) (young) 37M->22M(512M), 0.0033502 secs]
[GC pause (G1 Evacuation Pause) (young) 60M->34M(512M), 0.0029599 secs]
[GC pause (G1 Evacuation Pause) (young) 128M->60M(512M), 0.0057371 secs]
[GC pause (G1 Evacuation Pause) (young) 154M->90M(512M), 0.0073691 secs]
[GC pause (G1 Evacuation Pause) (young) 195M->123M(512M), 0.0078998 secs]
[GC pause (G1 Evacuation Pause) (young) 257M->174M(512M), 0.0101905 secs]
[GC pause (G1 Humongous Allocation) (young) (initial-mark) 336M->221M(512M), 0.0111214 secs]
[GC concurrent-root-region-scan-start]
[GC concurrent-root-region-scan-end, 0.0002019 secs]
[GC concurrent-mark-start]
[GC concurrent-mark-end, 0.0016333 secs]
[GC remark, 0.0010459 secs]
[GC cleanup 231M->231M(512M), 0.0004504 secs]
[GC pause (G1 Evacuation Pause) (young)-- 403M->299M(512M), 0.0122206 secs]
[GC pause (G1 Evacuation Pause) (mixed) 304M->284M(512M), 0.0060868 secs]
[GC pause (G1 Humongous Allocation) (young) (initial-mark) 284M->284M(512M), 0.0008757 secs]
[GC concurrent-root-region-scan-start]
[GC concurrent-root-region-scan-end, 0.0001275 secs]
[GC concurrent-mark-start]
[GC concurrent-mark-end, 0.0017389 secs]
[GC remark, 0.0010633 secs]
[GC cleanup 296M->296M(512M), 0.0003905 secs]
[GC pause (G1 Evacuation Pause) (young) 413M->320M(512M), 0.0068405 secs]
[GC pause (G1 Evacuation Pause) (mixed) 335M->283M(512M), 0.0059916 secs]
[GC pause (G1 Evacuation Pause) (mixed) 313M->286M(512M), 0.0042432 secs]
[GC pause (G1 Humongous Allocation) (young) (initial-mark) 301M->289M(512M), 0.0021813 secs]
[GC concurrent-root-region-scan-start]
[GC concurrent-root-region-scan-end, 0.0001769 secs]
[GC concurrent-mark-start]
[GC concurrent-mark-end, 0.0017216 secs]
[GC remark, 0.0010551 secs]
[GC cleanup 299M->299M(512M), 0.0003732 secs]
[GC pause (G1 Evacuation Pause) (young) 411M->314M(512M), 0.0064582 secs]
[GC pause (G1 Evacuation Pause) (mixed) 329M->293M(512M), 0.0078289 secs]
[GC pause (G1 Humongous Allocation) (young) (initial-mark) 298M->293M(512M), 0.0012471 secs]
[GC concurrent-root-region-scan-start]
[GC concurrent-root-region-scan-end, 0.0001384 secs]
[GC concurrent-mark-start]
[GC concurrent-mark-end, 0.0017513 secs]
[GC remark, 0.0010513 secs]
[GC cleanup 306M->306M(512M), 0.0004636 secs]
[GC pause (G1 Evacuation Pause) (young) 406M->321M(512M), 0.0062745 secs]
[GC pause (G1 Evacuation Pause) (mixed) 336M->305M(512M), 0.0076953 secs]
[GC pause (G1 Humongous Allocation) (young) (initial-mark) 307M->306M(512M), 0.0014678 secs]
[GC concurrent-root-region-scan-start]
[GC concurrent-root-region-scan-end, 0.0001608 secs]
[GC concurrent-mark-start]
[GC concurrent-mark-end, 0.0018751 secs]
[GC remark, 0.0012189 secs]
[GC cleanup 318M->318M(512M), 0.0003683 secs]
[GC concurrent-cleanup-start]
[GC concurrent-cleanup-end, 0.0000181 secs]
[GC pause (G1 Evacuation Pause) (young) 406M->334M(512M), 0.0062485 secs]
[GC pause (G1 Evacuation Pause) (mixed) 353M->324M(512M), 0.0062826 secs]
[GC pause (G1 Humongous Allocation) (young) (initial-mark) 326M->325M(512M), 0.0012702 secs]
[GC concurrent-root-region-scan-start]
[GC concurrent-root-region-scan-end, 0.0001755 secs]
[GC concurrent-mark-start]
[GC concurrent-mark-end, 0.0018224 secs]
[GC remark, 0.0010890 secs]
[GC cleanup 343M->343M(512M), 0.0003825 secs]
[GC pause (G1 Evacuation Pause) (young) 399M->344M(512M), 0.0050806 secs]
[GC pause (G1 Evacuation Pause) (mixed) 363M->324M(512M), 0.0074512 secs]
[GC pause (G1 Evacuation Pause) (mixed) 347M->332M(512M), 0.0031116 secs]
[GC pause (G1 Humongous Allocation) (young) (initial-mark) 333M->332M(512M), 0.0015127 secs]
[GC concurrent-root-region-scan-start]
[GC concurrent-root-region-scan-end, 0.0001498 secs]
[GC concurrent-mark-start]
[GC concurrent-mark-end, 0.0019231 secs]
[GC remark, 0.0009551 secs]
[GC cleanup 345M->345M(512M), 0.0003660 secs]
[GC pause (G1 Evacuation Pause) (young) 402M->351M(512M), 0.0051911 secs]
[GC pause (G1 Evacuation Pause) (mixed) 373M->333M(512M), 0.0078179 secs]
[GC pause (G1 Evacuation Pause) (mixed) 361M->340M(512M), 0.0025691 secs]
[GC pause (G1 Humongous Allocation) (young) (initial-mark) 342M->341M(512M), 0.0012602 secs]
[GC concurrent-root-region-scan-start]
[GC concurrent-root-region-scan-end, 0.0000638 secs]
[GC concurrent-mark-start]
[GC concurrent-mark-end, 0.0018306 secs]
[GC remark, 0.0009712 secs]
[GC cleanup 354M->354M(512M), 0.0003092 secs]
[GC pause (G1 Evacuation Pause) (young) 403M->357M(512M), 0.0036957 secs]
[GC pause (G1 Evacuation Pause) (mixed) 382M->346M(512M), 0.0087100 secs]
[GC pause (G1 Evacuation Pause) (mixed) 371M->349M(512M), 0.0032424 secs]
[GC pause (G1 Humongous Allocation) (young) (initial-mark) 351M->350M(512M), 0.0011622 secs]
[GC concurrent-root-region-scan-start]
[GC concurrent-root-region-scan-end, 0.0001045 secs]
[GC concurrent-mark-start]
[GC concurrent-mark-end, 0.0021523 secs]
[GC remark, 0.0010427 secs]
[GC cleanup 366M->366M(512M), 0.0003895 secs]
[GC pause (G1 Evacuation Pause) (young) 404M->367M(512M), 0.0037196 secs]
[GC pause (G1 Evacuation Pause) (mixed) 389M->353M(512M), 0.0073055 secs]
[GC pause (G1 Humongous Allocation) (young) (initial-mark) 362M->355M(512M), 0.0016531 secs]
[GC concurrent-root-region-scan-start]
[GC concurrent-root-region-scan-end, 0.0001010 secs]
[GC concurrent-mark-start]
[GC concurrent-mark-end, 0.0016184 secs]
[GC remark, 0.0009863 secs]
[GC cleanup 369M->369M(512M), 0.0003191 secs]
[GC pause (G1 Evacuation Pause) (young) 408M->366M(512M), 0.0035509 secs]
[GC pause (G1 Evacuation Pause) (mixed) 391M->355M(512M), 0.0059644 secs]
[GC pause (G1 Humongous Allocation) (young) (initial-mark) 358M->356M(512M), 0.0015251 secs]
[GC concurrent-root-region-scan-start]
[GC concurrent-root-region-scan-end, 0.0001956 secs]
[GC concurrent-mark-start]
[GC concurrent-mark-end, 0.0019110 secs]
[GC remark, 0.0009848 secs]
[GC cleanup 373M->373M(512M), 0.0003541 secs]
[GC pause (G1 Evacuation Pause) (young) 409M->373M(512M), 0.0038975 secs]
[GC pause (G1 Evacuation Pause) (mixed) 397M->360M(512M), 0.0074104 secs]
[GC pause (G1 Humongous Allocation) (young) (initial-mark) 362M->360M(512M), 0.0012340 secs]
[GC concurrent-root-region-scan-start]
[GC concurrent-root-region-scan-end, 0.0001440 secs]
[GC concurrent-mark-start]
[GC concurrent-mark-end, 0.0020713 secs]
[GC remark, 0.0010055 secs]
[GC cleanup 378M->378M(512M), 0.0003958 secs]
[GC pause (G1 Evacuation Pause) (young) 402M->375M(512M), 0.0035141 secs]
[GC pause (G1 Evacuation Pause) (mixed) 398M->361M(512M), 0.0076957 secs]
[GC pause (G1 Humongous Allocation) (young) (initial-mark) 368M->364M(512M), 0.0021797 secs]
[GC concurrent-root-region-scan-start]
[GC concurrent-root-region-scan-end, 0.0001891 secs]
[GC concurrent-mark-start]
[GC concurrent-mark-end, 0.0023860 secs]
[GC remark, 0.0010244 secs]
[GC cleanup 377M->377M(512M), 0.0003408 secs]
[GC pause (G1 Evacuation Pause) (young) 400M->375M(512M), 0.0034046 secs]
[GC pause (G1 Evacuation Pause) (mixed) 400M->367M(512M), 0.0065391 secs]
[GC pause (G1 Humongous Allocation) (young) (initial-mark) 376M->369M(512M), 0.0016253 secs]
[GC concurrent-root-region-scan-start]
[GC concurrent-root-region-scan-end, 0.0001642 secs]
[GC concurrent-mark-start]
[GC concurrent-mark-end, 0.0018311 secs]
[GC remark, 0.0010680 secs]
[GC cleanup 383M->383M(512M), 0.0003734 secs]
[GC pause (G1 Evacuation Pause) (young) 402M->380M(512M), 0.0034117 secs]
[GC pause (G1 Evacuation Pause) (mixed) 406M->369M(512M), 0.0074141 secs]
[GC pause (G1 Humongous Allocation) (young) (initial-mark) 371M->370M(512M), 0.0017873 secs]
[GC concurrent-root-region-scan-start]
[GC concurrent-root-region-scan-end, 0.0000841 secs]
[GC concurrent-mark-start]
[GC concurrent-mark-end, 0.0024350 secs]
[GC remark, 0.0010191 secs]
[GC cleanup 385M->385M(512M), 0.0003240 secs]
[GC pause (G1 Evacuation Pause) (young) 399M->379M(512M), 0.0021923 secs]
[GC pause (G1 Evacuation Pause) (mixed) 409M->374M(512M), 0.0071012 secs]
[GC pause (G1 Humongous Allocation) (young) (initial-mark) 376M->374M(512M), 0.0011998 secs]
[GC concurrent-root-region-scan-start]
[GC concurrent-root-region-scan-end, 0.0001040 secs]
[GC concurrent-mark-start]
[GC concurrent-mark-end, 0.0018013 secs]
[GC remark, 0.0010201 secs]
[GC cleanup 388M->388M(512M), 0.0003439 secs]
[GC pause (G1 Evacuation Pause) (young) 407M->386M(512M), 0.0026521 secs]
[GC pause (G1 Evacuation Pause) (mixed) 410M->379M(512M), 0.0061767 secs]
[GC pause (G1 Humongous Allocation) (young) (initial-mark) 383M->380M(512M), 0.0015072 secs]
[GC concurrent-root-region-scan-start]
[GC concurrent-root-region-scan-end, 0.0001351 secs]
[GC concurrent-mark-start]
[GC concurrent-mark-end, 0.0025196 secs]
[GC remark, 0.0011454 secs]
[GC cleanup 388M->388M(512M), 0.0004177 secs]
[GC pause (G1 Evacuation Pause) (young) 411M->386M(512M), 0.0025327 secs]
[GC pause (G1 Evacuation Pause) (mixed) 412M->379M(512M), 0.0077505 secs]
[GC pause (G1 Humongous Allocation) (young) (initial-mark) 381M->380M(512M), 0.0014508 secs]
[GC concurrent-root-region-scan-start]
[GC concurrent-root-region-scan-end, 0.0001464 secs]
[GC concurrent-mark-start]
[GC concurrent-mark-end, 0.0023667 secs]
[GC remark, 0.0010587 secs]
[GC cleanup 396M->396M(512M), 0.0003989 secs]
[GC pause (G1 Evacuation Pause) (young) 407M->386M(512M), 0.0033358 secs]
[GC pause (G1 Evacuation Pause) (mixed) 413M->382M(512M), 0.0071271 secs]
[GC pause (G1 Humongous Allocation) (young) (initial-mark) 385M->383M(512M), 0.0020763 secs]
[GC concurrent-root-region-scan-start]
[GC concurrent-root-region-scan-end, 0.0000667 secs]
[GC concurrent-mark-start]
[GC concurrent-mark-end, 0.0023115 secs]
[GC remark, 0.0010228 secs]
[GC cleanup 396M->396M(512M), 0.0003299 secs]
[GC pause (G1 Evacuation Pause) (young) 409M->388M(512M), 0.0022734 secs]
[GC pause (G1 Evacuation Pause) (mixed)-- 417M->405M(512M), 0.0075359 secs]
[GC pause (G1 Humongous Allocation) (young) (initial-mark) 408M->405M(512M), 0.0014051 secs]
[GC concurrent-root-region-scan-start]
[GC concurrent-root-region-scan-end, 0.0000732 secs]
[GC concurrent-mark-start]
[GC concurrent-mark-end, 0.0027004 secs]
[GC remark, 0.0010628 secs]
[GC cleanup 422M->422M(512M), 0.0003553 secs]
[GC pause (G1 Evacuation Pause) (young) 435M->413M(512M), 0.0023830 secs]
[GC pause (G1 Evacuation Pause) (mixed)-- 440M->429M(512M), 0.0030357 secs]
[GC pause (G1 Humongous Allocation) (mixed)-- 452M->446M(512M), 0.0013753 secs]
[GC pause (G1 Humongous Allocation) (young) (initial-mark) 447M->446M(512M), 0.0007904 secs]
[GC concurrent-root-region-scan-start]
[GC concurrent-root-region-scan-end, 0.0000379 secs]
[GC concurrent-mark-start]
[GC pause (G1 Evacuation Pause) (young)-- 452M->450M(512M), 0.0007345 secs]
[GC pause (G1 Humongous Allocation) (young)-- 452M->451M(512M), 0.0005493 secs]
[GC pause (G1 Humongous Allocation) (young)-- 452M->451M(512M), 0.0004931 secs]
[GC pause (G1 Evacuation Pause) (young) 452M->451M(512M), 0.0005050 secs]
[GC concurrent-mark-end, 0.0047931 secs]
[GC pause (G1 Evacuation Pause) (young)-- 452M->452M(512M), 0.0005151 secs]
[Full GC (Allocation Failure)  452M->336M(512M), 0.0574049 secs]
[GC remark, 0.0000241 secs]
[GC concurrent-mark-abort]
[GC pause (G1 Humongous Allocation) (young) (initial-mark) 337M->337M(512M), 0.0007889 secs]
[GC concurrent-root-region-scan-start]
[GC concurrent-root-region-scan-end, 0.0001390 secs]
[GC concurrent-mark-start]
[GC concurrent-mark-end, 0.0022768 secs]
[GC remark, 0.0014340 secs]
[GC cleanup 350M->350M(512M), 0.0004236 secs]
[GC pause (G1 Evacuation Pause) (young) 367M->344M(512M), 0.0025220 secs]
[GC pause (G1 Humongous Allocation) (young) (initial-mark) 345M->344M(512M), 0.0011296 secs]
[GC concurrent-root-region-scan-start]
[GC concurrent-root-region-scan-end, 0.0000736 secs]
[GC concurrent-mark-start]
[GC concurrent-mark-end, 0.0024799 secs]
[GC remark, 0.0011800 secs]
[GC cleanup 350M->350M(512M), 0.0004380 secs]
[GC pause (G1 Evacuation Pause) (young) 377M->356M(512M), 0.0028611 secs]
[GC pause (G1 Evacuation Pause) (mixed) 383M->362M(512M), 0.0032450 secs]
[GC pause (G1 Humongous Allocation) (young) (initial-mark) 365M->361M(512M), 0.0013549 secs]
[GC concurrent-root-region-scan-start]
[GC concurrent-root-region-scan-end, 0.0001269 secs]
[GC concurrent-mark-start]
[GC concurrent-mark-end, 0.0025578 secs]
[GC remark, 0.0010673 secs]
[GC cleanup 379M->379M(512M), 0.0003532 secs]
[GC pause (G1 Evacuation Pause) (young) 394M->373M(512M), 0.0029736 secs]
[GC pause (G1 Evacuation Pause) (mixed)-- 397M->396M(512M), 0.0042725 secs]
[GC pause (G1 Humongous Allocation) (young) (initial-mark) 398M->395M(512M), 0.0010586 secs]
[GC concurrent-root-region-scan-start]
[GC concurrent-root-region-scan-end, 0.0001167 secs]
[GC concurrent-mark-start]
[GC concurrent-mark-end, 0.0025547 secs]
[GC remark, 0.0010976 secs]
[GC cleanup 411M->411M(512M), 0.0003212 secs]
[GC pause (G1 Humongous Allocation) (young)-- 417M->412M(512M), 0.0010578 secs]
[GC pause (G1 Evacuation Pause) (mixed)-- 418M->415M(512M), 0.0009516 secs]
[GC pause (G1 Evacuation Pause) (mixed)-- 420M->419M(512M), 0.0006576 secs]
[GC pause (G1 Humongous Allocation) (young) (initial-mark) 420M->419M(512M), 0.0004619 secs]
[GC concurrent-root-region-scan-start]
[GC concurrent-root-region-scan-end, 0.0000325 secs]
[GC concurrent-mark-start]
[GC pause (G1 Evacuation Pause) (young)-- 420M->420M(512M), 0.0005224 secs]
[GC pause (G1 Evacuation Pause) (young) 420M->420M(512M), 0.0004512 secs]
[Full GC (Allocation Failure)  420M->346M(512M), 0.0636140 secs]
[GC concurrent-mark-abort]
[GC pause (G1 Humongous Allocation) (young) (initial-mark) 347M->347M(512M), 0.0006325 secs]
[GC concurrent-root-region-scan-start]
[GC concurrent-root-region-scan-end, 0.0000649 secs]
[GC concurrent-mark-start]
[GC concurrent-mark-end, 0.0019985 secs]
[GC remark, 0.0010693 secs]
[GC cleanup 359M->359M(512M), 0.0003257 secs]
[GC pause (G1 Evacuation Pause) (young) 378M->359M(512M), 0.0026099 secs]
[GC pause (G1 Humongous Allocation) (young) (initial-mark) 360M->358M(512M), 0.0010985 secs]
[GC concurrent-root-region-scan-start]
[GC concurrent-root-region-scan-end, 0.0001367 secs]
[GC concurrent-mark-start]
[GC concurrent-mark-end, 0.0018488 secs]
[GC remark, 0.0010461 secs]
[GC cleanup 375M->375M(512M), 0.0003988 secs]
[GC pause (G1 Evacuation Pause) (young) 391M->369M(512M), 0.0029148 secs]
[GC pause (G1 Evacuation Pause) (mixed)-- 400M->388M(512M), 0.0033726 secs]
[GC pause (G1 Humongous Allocation) (young) (initial-mark) 389M->388M(512M), 0.0011718 secs]
[GC concurrent-root-region-scan-start]
[GC concurrent-root-region-scan-end, 0.0001620 secs]
[GC concurrent-mark-start]
[GC concurrent-mark-end, 0.0018815 secs]
[GC remark, 0.0010966 secs]
[GC cleanup 402M->402M(512M), 0.0003737 secs]
[GC pause (G1 Evacuation Pause) (young)-- 412M->404M(512M), 0.0014320 secs]
[GC pause (G1 Evacuation Pause) (mixed)-- 415M->412M(512M), 0.0014628 secs]
[GC pause (G1 Humongous Allocation) (young) (initial-mark) 414M->412M(512M), 0.0007475 secs]
[GC concurrent-root-region-scan-start]
[GC concurrent-root-region-scan-end, 0.0001348 secs]
[GC concurrent-mark-start]
[GC pause (G1 Evacuation Pause) (young)-- 416M->415M(512M), 0.0006100 secs]
[GC pause (G1 Humongous Allocation) (young)-- 415M->415M(512M), 0.0005283 secs]
[Full GC (Allocation Failure)  415M->353M(512M), 0.0539349 secs]
[GC concurrent-mark-abort]
[GC pause (G1 Humongous Allocation) (young) (initial-mark) 357M->355M(512M), 0.0007428 secs]
[GC concurrent-root-region-scan-start]
[GC concurrent-root-region-scan-end, 0.0001667 secs]
[GC concurrent-mark-start]
[GC concurrent-mark-end, 0.0029352 secs]
[GC remark, 0.0016037 secs]
[GC cleanup 374M->374M(512M), 0.0004091 secs]
[GC pause (G1 Evacuation Pause) (young) 387M->363M(512M), 0.0025448 secs]
[GC pause (G1 Evacuation Pause) (mixed)-- 395M->380M(512M), 0.0033490 secs]
[GC pause (G1 Humongous Allocation) (young) (initial-mark) 382M->379M(512M), 0.0012079 secs]
[GC concurrent-root-region-scan-start]
[GC concurrent-root-region-scan-end, 0.0001381 secs]
[GC concurrent-mark-start]
[GC concurrent-mark-end, 0.0023746 secs]
[GC remark, 0.0012618 secs]
[GC cleanup 395M->395M(512M), 0.0003989 secs]
[GC pause (G1 Evacuation Pause) (young)-- 406M->397M(512M), 0.0017062 secs]
[GC pause (G1 Evacuation Pause) (mixed)-- 413M->409M(512M), 0.0011116 secs]
[GC pause (G1 Humongous Allocation) (young) (initial-mark) 410M->410M(512M), 0.0006588 secs]
[GC concurrent-root-region-scan-start]
[GC concurrent-root-region-scan-end, 0.0001159 secs]
[GC concurrent-mark-start]
[GC pause (G1 Evacuation Pause) (young)-- 412M->411M(512M), 0.0006571 secs]
[GC pause (G1 Evacuation Pause) (young)-- 413M->413M(512M), 0.0005731 secs]
[Full GC (Allocation Failure)  413M->354M(512M), 0.0545873 secs]
[GC concurrent-mark-abort]
[GC pause (G1 Humongous Allocation) (young) (initial-mark) 356M->355M(512M), 0.0005806 secs]
[GC concurrent-root-region-scan-start]
[GC concurrent-root-region-scan-end, 0.0000862 secs]
[GC concurrent-mark-start]
[GC concurrent-mark-end, 0.0017601 secs]
[GC remark, 0.0011773 secs]
[GC cleanup 367M->367M(512M), 0.0004100 secs]
[GC pause (G1 Evacuation Pause) (young) 383M->358M(512M), 0.0023138 secs]
[GC pause (G1 Humongous Allocation) (young) (initial-mark) 362M->358M(512M), 0.0018221 secs]
[GC concurrent-root-region-scan-start]
[GC concurrent-root-region-scan-end, 0.0001427 secs]
[GC concurrent-mark-start]
[GC concurrent-mark-end, 0.0019908 secs]
[GC remark, 0.0011756 secs]
[GC cleanup 370M->370M(512M), 0.0004014 secs]
[GC pause (G1 Evacuation Pause) (young) 388M->367M(512M), 0.0023346 secs]
[GC pause (G1 Evacuation Pause) (mixed) 393M->370M(512M), 0.0030969 secs]
[GC pause (G1 Humongous Allocation) (young) (initial-mark) 372M->371M(512M), 0.0014823 secs]
[GC concurrent-root-region-scan-start]
[GC concurrent-root-region-scan-end, 0.0001762 secs]
[GC concurrent-mark-start]
[GC concurrent-mark-end, 0.0023830 secs]
[GC remark, 0.0012567 secs]
[GC cleanup 387M->387M(512M), 0.0004064 secs]
[GC pause (G1 Evacuation Pause) (young) 402M->380M(512M), 0.0030190 secs]
[GC pause (G1 Evacuation Pause) (mixed)-- 406M->406M(512M), 0.0025230 secs]
[GC pause (G1 Humongous Allocation) (young) (initial-mark) 408M->407M(512M), 0.0008016 secs]
[GC concurrent-root-region-scan-start]
[GC concurrent-root-region-scan-end, 0.0000983 secs]
[GC concurrent-mark-start]
[GC pause (G1 Evacuation Pause) (young)-- 416M->414M(512M), 0.0007514 secs]
[GC pause (G1 Humongous Allocation) (young)-- 416M->415M(512M), 0.0004945 secs]
[GC pause (G1 Evacuation Pause) (young) 416M->416M(512M), 0.0004996 secs]
[GC pause (G1 Evacuation Pause) (young) 416M->416M(512M), 0.0004993 secs]
[Full GC (Allocation Failure)  416M->359M(512M), 0.0570326 secs]
[GC concurrent-mark-abort]
[GC pause (G1 Humongous Allocation) (young) (initial-mark) 360M->359M(512M), 0.0006279 secs]
[GC concurrent-root-region-scan-start]
[GC concurrent-root-region-scan-end, 0.0000513 secs]
[GC concurrent-mark-start]
[GC concurrent-mark-end, 0.0023871 secs]
[GC remark, 0.0012955 secs]
[GC cleanup 378M->378M(512M), 0.0004115 secs]
[GC pause (G1 Evacuation Pause) (young) 392M->372M(512M), 0.0027378 secs]
[GC pause (G1 Humongous Allocation) (young) (initial-mark) 375M->372M(512M), 0.0012274 secs]
[GC concurrent-root-region-scan-start]
[GC concurrent-root-region-scan-end, 0.0002140 secs]
[GC concurrent-mark-start]
[GC concurrent-mark-end, 0.0025494 secs]
[GC remark, 0.0011805 secs]
[GC cleanup 388M->388M(512M), 0.0004364 secs]
[GC pause (G1 Evacuation Pause) (young)-- 403M->389M(512M), 0.0022765 secs]
[GC pause (G1 Evacuation Pause) (mixed)-- 410M->404M(512M), 0.0011461 secs]
[GC pause (G1 Humongous Allocation) (young) (initial-mark) 408M->405M(512M), 0.0006706 secs]
[GC concurrent-root-region-scan-start]
[GC concurrent-root-region-scan-end, 0.0001302 secs]
[GC concurrent-mark-start]
[GC pause (G1 Evacuation Pause) (young)-- 410M->409M(512M), 0.0007619 secs]
[GC pause (G1 Humongous Allocation) (young)-- 410M->409M(512M), 0.0005519 secs]
[GC pause (G1 Evacuation Pause) (young) 410M->409M(512M), 0.0005386 secs]
[GC pause (G1 Evacuation Pause) (young)-- 410M->410M(512M), 0.0006511 secs]
[Full GC (Allocation Failure)  410M->363M(512M), 0.0615819 secs]
[GC concurrent-mark-abort]
[GC pause (G1 Humongous Allocation) (young) (initial-mark) 364M->363M(512M), 0.0006360 secs]
[GC concurrent-root-region-scan-start]
[GC concurrent-root-region-scan-end, 0.0001101 secs]
[GC concurrent-mark-start]
[GC concurrent-mark-end, 0.0027812 secs]
[GC remark, 0.0012995 secs]
[GC cleanup 381M->381M(512M), 0.0003917 secs]
[GC pause (G1 Evacuation Pause) (young)-- 398M->388M(512M), 0.0020303 secs]
[GC pause (G1 Humongous Allocation) (young) (initial-mark) 389M->388M(512M), 0.0010549 secs]
[GC concurrent-root-region-scan-start]
[GC concurrent-root-region-scan-end, 0.0001912 secs]
[GC concurrent-mark-start]
[GC pause (G1 Evacuation Pause) (young)-- 402M->398M(512M), 0.0010586 secs]
[GC concurrent-mark-end, 0.0036696 secs]
[GC remark, 0.0010575 secs]
[GC cleanup 399M->399M(512M), 0.0005471 secs]
[GC pause (G1 Evacuation Pause) (young)-- 404M->403M(512M), 0.0009876 secs]
[GC pause (G1 Evacuation Pause) (mixed)-- 404M->403M(512M), 0.0007056 secs]
[GC pause (G1 Evacuation Pause) (young)-- 404M->404M(512M), 0.0005235 secs]
[Full GC (Allocation Failure)  404M->370M(512M), 0.0512439 secs]
[GC pause (G1 Humongous Allocation) (young) (initial-mark) 376M->371M(512M), 0.0007118 secs]
[GC concurrent-root-region-scan-start]
[GC concurrent-root-region-scan-end, 0.0000852 secs]
[GC concurrent-mark-start]
[GC concurrent-mark-end, 0.0021220 secs]
[GC remark, 0.0011479 secs]
[GC cleanup 387M->387M(512M), 0.0006565 secs]
[GC pause (G1 Evacuation Pause) (young)-- 400M->391M(512M), 0.0017543 secs]
[GC pause (G1 Humongous Allocation) (young) (initial-mark) 393M->391M(512M), 0.0012573 secs]
[GC concurrent-root-region-scan-start]
[GC concurrent-root-region-scan-end, 0.0001335 secs]
[GC concurrent-mark-start]
[GC pause (G1 Humongous Allocation) (young)-- 404M->401M(512M), 0.0013268 secs]
[GC concurrent-mark-end, 0.0035677 secs]
[GC remark, 0.0010681 secs]
[GC pause (G1 Humongous Allocation) (young) 404M->402M(512M), 0.0006274 secs]
[GC cleanup 403M->403M(512M), 0.0003437 secs]
[GC pause (G1 Evacuation Pause) (young)-- 405M->404M(512M), 0.0006844 secs]
[GC pause (G1 Evacuation Pause) (mixed)-- 405M->405M(512M), 0.0005561 secs]
[GC pause (G1 Humongous Allocation) (young)-- 406M->406M(512M), 0.0006072 secs]
[Full GC (Allocation Failure)  406M->371M(512M), 0.0490992 secs]
[GC pause (G1 Humongous Allocation) (young) (initial-mark) 377M->372M(512M), 0.0014562 secs]
[GC concurrent-root-region-scan-start]
[GC concurrent-root-region-scan-end, 0.0002249 secs]
[GC concurrent-mark-start]
[GC concurrent-mark-end, 0.0019538 secs]
[GC remark, 0.0012158 secs]
[GC cleanup 385M->385M(512M), 0.0011448 secs]
[GC pause (G1 Evacuation Pause) (young)-- 401M->394M(512M), 0.0023847 secs]
[GC pause (G1 Humongous Allocation) (young) (initial-mark) 394M->394M(512M), 0.0011706 secs]
[GC concurrent-root-region-scan-start]
[GC concurrent-root-region-scan-end, 0.0000894 secs]
[GC concurrent-mark-start]
[GC concurrent-mark-end, 0.0019206 secs]
[GC remark, 0.0015474 secs]
[GC cleanup 405M->405M(512M), 0.0009800 secs]
[GC pause (G1 Humongous Allocation) (young)-- 406M->403M(512M), 0.0008676 secs]
[GC pause (G1 Evacuation Pause) (mixed)-- 407M->404M(512M), 0.0009188 secs]
[GC pause (G1 Evacuation Pause) (young)-- 409M->407M(512M), 0.0005465 secs]
[GC pause (G1 Evacuation Pause) (young) (initial-mark)-- 410M->409M(512M), 0.0004982 secs]
[GC concurrent-root-region-scan-start]
[GC concurrent-root-region-scan-end, 0.0000145 secs]
[GC concurrent-mark-start]
[GC pause (G1 Evacuation Pause) (young)-- 411M->411M(512M), 0.0005016 secs]
[Full GC (Allocation Failure)  411M->366M(512M), 0.0538950 secs]
[GC concurrent-mark-abort]
[GC pause (G1 Humongous Allocation) (young) (initial-mark) 368M->367M(512M), 0.0011385 secs]
[GC concurrent-root-region-scan-start]
[GC concurrent-root-region-scan-end, 0.0001230 secs]
[GC concurrent-mark-start]
[GC concurrent-mark-end, 0.0021020 secs]
[GC remark, 0.0014109 secs]
[GC cleanup 382M->382M(512M), 0.0008131 secs]
[GC pause (G1 Evacuation Pause) (young) 396M->372M(512M), 0.0028734 secs]
[GC pause (G1 Humongous Allocation) (young) (initial-mark) 373M->372M(512M), 0.0012622 secs]
[GC concurrent-root-region-scan-start]
[GC concurrent-root-region-scan-end, 0.0000738 secs]
[GC concurrent-mark-start]
[GC concurrent-mark-end, 0.0025845 secs]
[GC remark, 0.0015025 secs]
[GC cleanup 392M->392M(512M), 0.0004350 secs]
[GC pause (G1 Evacuation Pause) (young)-- 405M->394M(512M), 0.0016111 secs]
[GC pause (G1 Humongous Allocation) (mixed)-- 409M->404M(512M), 0.0010771 secs]
[GC pause (G1 Humongous Allocation) (young) (initial-mark) 405M->405M(512M), 0.0006116 secs]
[GC concurrent-root-region-scan-start]
[GC concurrent-root-region-scan-end, 0.0001101 secs]
[GC concurrent-mark-start]
[GC pause (G1 Evacuation Pause) (young)-- 410M->409M(512M), 0.0007374 secs]
[GC pause (G1 Humongous Allocation) (young)-- 410M->409M(512M), 0.0005419 secs]
[GC pause (G1 Evacuation Pause) (young)-- 410M->410M(512M), 0.0005010 secs]
[Full GC (Allocation Failure)  410M->366M(512M), 0.0491729 secs]
[GC concurrent-mark-abort]
[GC pause (G1 Humongous Allocation) (young) (initial-mark) 371M->368M(512M), 0.0008648 secs]
[GC concurrent-root-region-scan-start]
[GC concurrent-root-region-scan-end, 0.0001025 secs]
[GC concurrent-mark-start]
[GC concurrent-mark-end, 0.0025093 secs]
[GC remark, 0.0013267 secs]
[GC cleanup 385M->385M(512M), 0.0007616 secs]
[GC pause (G1 Evacuation Pause) (young) 397M->374M(512M), 0.0025117 secs]
[GC pause (G1 Humongous Allocation) (young) (initial-mark) 377M->374M(512M), 0.0017351 secs]
[GC concurrent-root-region-scan-start]
[GC concurrent-root-region-scan-end, 0.0001592 secs]
[GC concurrent-mark-start]
[GC concurrent-mark-end, 0.0023400 secs]
[GC remark, 0.0012611 secs]
[GC cleanup 394M->394M(512M), 0.0007748 secs]
[GC pause (G1 Evacuation Pause) (young)-- 406M->390M(512M), 0.0023791 secs]
[GC pause (G1 Humongous Allocation) (mixed)-- 412M->404M(512M), 0.0016647 secs]
[GC pause (G1 Humongous Allocation) (young) (initial-mark) 406M->404M(512M), 0.0009617 secs]
[GC concurrent-root-region-scan-start]
[GC concurrent-root-region-scan-end, 0.0001240 secs]
[GC concurrent-mark-start]
[GC pause (G1 Evacuation Pause) (young)-- 414M->412M(512M), 0.0010236 secs]
[GC concurrent-mark-end, 0.0031776 secs]
[GC pause (G1 Evacuation Pause) (young)-- 414M->414M(512M), 0.0007810 secs]
[GC remark, 0.0011600 secs]
[GC cleanup 414M->414M(512M), 0.0003336 secs]
[GC pause (G1 Humongous Allocation) (young)-- 414M->414M(512M), 0.0006145 secs]
[Full GC (Allocation Failure)  414M->368M(512M), 0.0489833 secs]
[GC pause (G1 Humongous Allocation) (young) (initial-mark) 369M->368M(512M), 0.0011802 secs]
[GC concurrent-root-region-scan-start]
[GC concurrent-root-region-scan-end, 0.0000199 secs]
[GC concurrent-mark-start]
[GC concurrent-mark-end, 0.0023838 secs]
[GC remark, 0.0014355 secs]
[GC cleanup 378M->378M(512M), 0.0009970 secs]
[GC pause (G1 Evacuation Pause) (young)-- 400M->380M(512M), 0.0034968 secs]
[GC pause (G1 Humongous Allocation) (young) (initial-mark) 384M->382M(512M), 0.0020770 secs]
[GC concurrent-root-region-scan-start]
[GC concurrent-root-region-scan-end, 0.0001171 secs]
[GC concurrent-mark-start]
[GC concurrent-mark-end, 0.0026987 secs]
[GC remark, 0.0014800 secs]
[GC cleanup 394M->394M(512M), 0.0007573 secs]
[GC pause (G1 Evacuation Pause) (young)-- 407M->401M(512M), 0.0019863 secs]
[GC pause (G1 Evacuation Pause) (mixed)-- 408M->407M(512M), 0.0014817 secs]
[GC pause (G1 Humongous Allocation) (young) (initial-mark) 407M->407M(512M), 0.0006329 secs]
[GC concurrent-root-region-scan-start]
[GC concurrent-root-region-scan-end, 0.0000258 secs]
[GC concurrent-mark-start]
[GC pause (G1 Evacuation Pause) (young)-- 409M->409M(512M), 0.0006536 secs]
[Full GC (Allocation Failure)  409M->370M(512M), 0.0565922 secs]
[GC concurrent-mark-abort]
[GC pause (G1 Humongous Allocation) (young) (initial-mark) 372M->371M(512M), 0.0012996 secs]
[GC concurrent-root-region-scan-start]
[GC concurrent-root-region-scan-end, 0.0001100 secs]
[GC concurrent-mark-start]
[GC concurrent-mark-end, 0.0021730 secs]
[GC remark, 0.0015174 secs]
[GC cleanup 384M->384M(512M), 0.0006122 secs]
[GC pause (G1 Evacuation Pause) (young)-- 402M->396M(512M), 0.0018502 secs]
[GC pause (G1 Humongous Allocation) (young) (initial-mark) 400M->396M(512M), 0.0014059 secs]
[GC concurrent-root-region-scan-start]
[GC concurrent-root-region-scan-end, 0.0000952 secs]
[GC concurrent-mark-start]
[GC pause (G1 Humongous Allocation) (young)-- 405M->403M(512M), 0.0009166 secs]
[GC concurrent-mark-end, 0.0037248 secs]
[GC remark, 0.0014139 secs]
[GC cleanup 405M->405M(512M), 0.0006075 secs]
[GC pause (G1 Humongous Allocation) (young)-- 406M->404M(512M), 0.0009096 secs]
[GC pause (G1 Evacuation Pause) (mixed)-- 406M->405M(512M), 0.0008901 secs]
[GC pause (G1 Evacuation Pause) (young)-- 406M->406M(512M), 0.0014409 secs]
[GC pause (G1 Evacuation Pause) (young)-- 407M->407M(512M), 0.0005755 secs]
[Full GC (Allocation Failure)  407M->372M(512M), 0.0500789 secs]
[GC pause (G1 Humongous Allocation) (young) (initial-mark) 373M->372M(512M), 0.0008710 secs]
[GC concurrent-root-region-scan-start]
[GC concurrent-root-region-scan-end, 0.0000680 secs]
[GC concurrent-mark-start]
[GC concurrent-mark-end, 0.0021264 secs]
[GC remark, 0.0013661 secs]
[GC cleanup 388M->388M(512M), 0.0005058 secs]
[GC pause (G1 Humongous Allocation) (young)-- 402M->392M(512M), 0.0018413 secs]
[GC pause (G1 Humongous Allocation) (young) (initial-mark) 401M->395M(512M), 0.0012728 secs]
[GC concurrent-root-region-scan-start]
[GC concurrent-root-region-scan-end, 0.0002350 secs]
[GC concurrent-mark-start]
[GC pause (G1 Humongous Allocation) (young)-- 403M->401M(512M), 0.0009274 secs]
[GC pause (G1 Evacuation Pause) (young)-- 404M->403M(512M), 0.0008403 secs]
[GC pause (G1 Evacuation Pause) (young)-- 404M->403M(512M), 0.0007081 secs]
[GC concurrent-mark-end, 0.0048010 secs]
[GC remark, 0.0012159 secs]
[GC cleanup 404M->404M(512M), 0.0003596 secs]
[GC pause (G1 Humongous Allocation) (young)-- 405M->404M(512M), 0.0005745 secs]
[GC pause (G1 Evacuation Pause) (mixed)-- 405M->405M(512M), 0.0007495 secs]
[Full GC (Allocation Failure)  405M->369M(512M), 0.0519338 secs]
[GC pause (G1 Humongous Allocation) (young) (initial-mark) 373M->371M(512M), 0.0009417 secs]
[GC concurrent-root-region-scan-start]
[GC concurrent-root-region-scan-end, 0.0001730 secs]
[GC concurrent-mark-start]
[GC concurrent-mark-end, 0.0022350 secs]
[GC remark, 0.0015326 secs]
[GC cleanup 385M->385M(512M), 0.0005769 secs]
[GC pause (G1 Evacuation Pause) (young)-- 398M->387M(512M), 0.0020906 secs]
[GC pause (G1 Humongous Allocation) (young) (initial-mark) 391M->387M(512M), 0.0018503 secs]
[GC concurrent-root-region-scan-start]
[GC concurrent-root-region-scan-end, 0.0001828 secs]
[GC concurrent-mark-start]
[GC concurrent-mark-end, 0.0021644 secs]
[GC remark, 0.0012496 secs]
[GC cleanup 396M->396M(512M), 0.0003695 secs]
[GC pause (G1 Humongous Allocation) (young)-- 404M->398M(512M), 0.0010934 secs]
[GC pause (G1 Evacuation Pause) (mixed)-- 406M->406M(512M), 0.0010623 secs]
[GC pause (G1 Evacuation Pause) (young)-- 407M->406M(512M), 0.0007296 secs]
[GC pause (G1 Humongous Allocation) (young) (initial-mark)-- 407M->407M(512M), 0.0005580 secs]
[GC concurrent-root-region-scan-start]
[GC concurrent-root-region-scan-end, 0.0000139 secs]
[GC concurrent-mark-start]
[GC pause (G1 Humongous Allocation) (young) 407M->407M(512M), 0.0004440 secs]
[Full GC (Allocation Failure)  407M->367M(512M), 0.0495298 secs]
[GC concurrent-mark-abort]
[GC pause (G1 Humongous Allocation) (young) (initial-mark) 369M->367M(512M), 0.0007070 secs]
[GC concurrent-root-region-scan-start]
[GC concurrent-root-region-scan-end, 0.0000549 secs]
[GC concurrent-mark-start]
[GC concurrent-mark-end, 0.0021868 secs]
[GC remark, 0.0014833 secs]
[GC cleanup 383M->383M(512M), 0.0004932 secs]
[GC pause (G1 Evacuation Pause) (young)-- 398M->378M(512M), 0.0022224 secs]
[GC pause (G1 Humongous Allocation) (young) (initial-mark) 380M->378M(512M), 0.0015369 secs]
[GC concurrent-root-region-scan-start]
[GC concurrent-root-region-scan-end, 0.0001724 secs]
[GC concurrent-mark-start]
[GC concurrent-mark-end, 0.0025581 secs]
[GC remark, 0.0011762 secs]
[GC cleanup 396M->396M(512M), 0.0003687 secs]
[GC pause (G1 Evacuation Pause) (young)-- 402M->392M(512M), 0.0016364 secs]
[GC pause (G1 Humongous Allocation) (mixed)-- 406M->402M(512M), 0.0009342 secs]
[GC pause (G1 Humongous Allocation) (young) (initial-mark) 405M->402M(512M), 0.0007237 secs]
[GC concurrent-root-region-scan-start]
[GC concurrent-root-region-scan-end, 0.0000780 secs]
[GC concurrent-mark-start]
[GC pause (G1 Evacuation Pause) (young)-- 407M->406M(512M), 0.0006238 secs]
[GC pause (G1 Humongous Allocation) (young)-- 406M->406M(512M), 0.0005017 secs]
[Full GC (Allocation Failure)  406M->366M(512M), 0.0487287 secs]
[GC concurrent-mark-abort]
[GC pause (G1 Humongous Allocation) (young) (initial-mark) 368M->367M(512M), 0.0011231 secs]
[GC concurrent-root-region-scan-start]
[GC concurrent-root-region-scan-end, 0.0000958 secs]
[GC concurrent-mark-start]
[GC concurrent-mark-end, 0.0027333 secs]
[GC remark, 0.0010865 secs]
[GC cleanup 380M->380M(512M), 0.0004734 secs]
[GC pause (G1 Evacuation Pause) (young)-- 397M->385M(512M), 0.0026856 secs]
[GC pause (G1 Humongous Allocation) (young) (initial-mark) 387M->385M(512M), 0.0016829 secs]
[GC concurrent-root-region-scan-start]
[GC concurrent-root-region-scan-end, 0.0001166 secs]
[GC concurrent-mark-start]
[GC concurrent-mark-end, 0.0022066 secs]
[GC pause (G1 Evacuation Pause) (young)-- 403M->396M(512M), 0.0014388 secs]
[GC remark, 0.0012730 secs]
[GC cleanup 397M->397M(512M), 0.0008722 secs]
[GC pause (G1 Humongous Allocation) (young)-- 405M->403M(512M), 0.0010263 secs]
[GC pause (G1 Humongous Allocation) (mixed)-- 405M->404M(512M), 0.0013231 secs]
[GC pause (G1 Evacuation Pause) (young) (initial-mark) 405M->404M(512M), 0.0009058 secs]
[GC concurrent-root-region-scan-start]
[GC concurrent-root-region-scan-end, 0.0000154 secs]
[GC concurrent-mark-start]
[GC pause (G1 Evacuation Pause) (young)-- 405M->405M(512M), 0.0009207 secs]
[Full GC (Allocation Failure)  405M->372M(512M), 0.0468144 secs]
[GC concurrent-mark-abort]
[GC pause (G1 Humongous Allocation) (young) (initial-mark) 374M->372M(512M), 0.0010807 secs]
[GC concurrent-root-region-scan-start]
[GC concurrent-root-region-scan-end, 0.0001935 secs]
[GC concurrent-mark-start]
[GC concurrent-mark-end, 0.0024941 secs]
[GC remark, 0.0017147 secs]
[GC cleanup 389M->389M(512M), 0.0005369 secs]
[GC pause (G1 Evacuation Pause) (young)-- 401M->393M(512M), 0.0029038 secs]
[GC pause (G1 Humongous Allocation) (young) (initial-mark) 398M->394M(512M), 0.0014229 secs]
[GC concurrent-root-region-scan-start]
[GC concurrent-root-region-scan-end, 0.0001467 secs]
[GC concurrent-mark-start]
[GC pause (G1 Evacuation Pause) (young)-- 404M->402M(512M), 0.0010505 secs]
[GC pause (G1 Evacuation Pause) (young)-- 403M->403M(512M), 0.0009312 secs]
[GC pause (G1 Evacuation Pause) (young)-- 404M->404M(512M), 0.0009648 secs]
[Full GC (Allocation Failure)  404M->371M(512M), 0.0549836 secs]
[GC concurrent-mark-abort]
[GC pause (G1 Humongous Allocation) (young) (initial-mark) 372M->372M(512M), 0.0010441 secs]
[GC concurrent-root-region-scan-start]
[GC concurrent-root-region-scan-end, 0.0001008 secs]
[GC concurrent-mark-start]
[GC concurrent-mark-end, 0.0024322 secs]
[GC remark, 0.0013628 secs]
[GC cleanup 392M->392M(512M), 0.0005900 secs]
[GC pause (G1 Evacuation Pause) (young)-- 403M->393M(512M), 0.0020346 secs]
[GC pause (G1 Humongous Allocation) (young) (initial-mark) 394M->393M(512M), 0.0008462 secs]
[GC concurrent-root-region-scan-start]
[GC concurrent-root-region-scan-end, 0.0001182 secs]
[GC concurrent-mark-start]
[GC pause (G1 Evacuation Pause) (young)-- 406M->403M(512M), 0.0012141 secs]
[GC concurrent-mark-end, 0.0036199 secs]
[GC remark, 0.0014484 secs]
[GC cleanup 405M->405M(512M), 0.0005892 secs]
[GC pause (G1 Evacuation Pause) (young)-- 406M->406M(512M), 0.0007414 secs]
[GC pause (G1 Evacuation Pause) (mixed)-- 407M->406M(512M), 0.0007865 secs]
[GC pause (G1 Humongous Allocation) (young) 406M->406M(512M), 0.0004782 secs]
[GC pause (G1 Humongous Allocation) (young) 406M->406M(512M), 0.0005721 secs]
[Full GC (Allocation Failure)  406M->372M(512M), 0.0541664 secs]
[GC pause (G1 Humongous Allocation) (young) (initial-mark) 373M->373M(512M), 0.0009046 secs]
[GC concurrent-root-region-scan-start]
[GC concurrent-root-region-scan-end, 0.0001457 secs]
[GC concurrent-mark-start]
[GC concurrent-mark-end, 0.0024802 secs]
[GC remark, 0.0014011 secs]
[GC cleanup 389M->389M(512M), 0.0009360 secs]
[GC pause (G1 Evacuation Pause) (young)-- 402M->391M(512M), 0.0014933 secs]
[GC pause (G1 Humongous Allocation) (young) (initial-mark) 399M->390M(512M), 0.0018195 secs]
[GC concurrent-root-region-scan-start]
[GC concurrent-root-region-scan-end, 0.0001468 secs]
[GC concurrent-mark-start]
[GC pause (G1 Humongous Allocation) (young)-- 404M->402M(512M), 0.0015247 secs]
[GC concurrent-mark-end, 0.0041846 secs]
[GC remark, 0.0011995 secs]
[GC cleanup 405M->405M(512M), 0.0005426 secs]
[GC pause (G1 Evacuation Pause) (young)-- 405M->405M(512M), 0.0008600 secs]
[GC pause (G1 Evacuation Pause) (mixed)-- 406M->406M(512M), 0.0006718 secs]
[Full GC (Allocation Failure)  406M->368M(512M), 0.0524105 secs]
[GC pause (G1 Humongous Allocation) (young) (initial-mark) 370M->369M(512M), 0.0009568 secs]
[GC concurrent-root-region-scan-start]
[GC concurrent-root-region-scan-end, 0.0001017 secs]
[GC concurrent-mark-start]
[GC concurrent-mark-end, 0.0020658 secs]
[GC remark, 0.0014418 secs]
[GC cleanup 383M->383M(512M), 0.0008520 secs]
[GC pause (G1 Evacuation Pause) (young) 396M->373M(512M), 0.0026401 secs]
[GC pause (G1 Humongous Allocation) (young) (initial-mark) 373M->373M(512M), 0.0014134 secs]
[GC concurrent-root-region-scan-start]
[GC concurrent-root-region-scan-end, 0.0000158 secs]
[GC concurrent-mark-start]
[GC concurrent-mark-end, 0.0027575 secs]
[GC remark, 0.0013337 secs]
[GC cleanup 388M->388M(512M), 0.0006460 secs]
[GC pause (G1 Evacuation Pause) (young)-- 404M->394M(512M), 0.0014350 secs]
[GC pause (G1 Evacuation Pause) (mixed)-- 407M->402M(512M), 0.0013970 secs]
[GC pause (G1 Humongous Allocation) (young) (initial-mark) 405M->402M(512M), 0.0010623 secs]
[GC concurrent-root-region-scan-start]
[GC concurrent-root-region-scan-end, 0.0001540 secs]
[GC concurrent-mark-start]
[GC pause (G1 Evacuation Pause) (young)-- 409M->409M(512M), 0.0009940 secs]
[Full GC (Allocation Failure)  409M->362M(512M), 0.0564337 secs]
[GC concurrent-mark-abort]
[GC pause (G1 Humongous Allocation) (young) (initial-mark) 366M->363M(512M), 0.0010960 secs]
[GC concurrent-root-region-scan-start]
[GC concurrent-root-region-scan-end, 0.0001645 secs]
[GC concurrent-mark-start]
[GC concurrent-mark-end, 0.0021672 secs]
[GC remark, 0.0013930 secs]
[GC cleanup 374M->374M(512M), 0.0005141 secs]
[GC pause (G1 Evacuation Pause) (young) 393M->372M(512M), 0.0027011 secs]
[GC pause (G1 Humongous Allocation) (young) (initial-mark) 374M->371M(512M), 0.0015442 secs]
[GC concurrent-root-region-scan-start]
[GC concurrent-root-region-scan-end, 0.0001920 secs]
[GC concurrent-mark-start]
[GC concurrent-mark-end, 0.0026389 secs]
[GC remark, 0.0012852 secs]
[GC cleanup 384M->384M(512M), 0.0003945 secs]
[GC pause (G1 Humongous Allocation) (young)-- 402M->392M(512M), 0.0018049 secs]
[GC pause (G1 Evacuation Pause) (mixed)-- 405M->401M(512M), 0.0012846 secs]
[GC pause (G1 Humongous Allocation) (young) (initial-mark) 403M->401M(512M), 0.0010679 secs]
[GC concurrent-root-region-scan-start]
[GC concurrent-root-region-scan-end, 0.0001593 secs]
[GC concurrent-mark-start]
[GC concurrent-mark-end, 0.0024585 secs]
[GC pause (G1 Humongous Allocation) (young)-- 407M->407M(512M), 0.0009425 secs]
[Full GC (Allocation Failure)  407M->364M(512M), 0.0592212 secs]
[GC remark, 0.0000180 secs]
[GC concurrent-mark-abort]
[GC pause (G1 Humongous Allocation) (young) (initial-mark) 366M->365M(512M), 0.0014482 secs]
[GC concurrent-root-region-scan-start]
[GC concurrent-root-region-scan-end, 0.0000772 secs]
[GC concurrent-mark-start]
[GC concurrent-mark-end, 0.0021252 secs]
[GC remark, 0.0016385 secs]
[GC cleanup 373M->373M(512M), 0.0009756 secs]
[GC pause (G1 Evacuation Pause) (young) 393M->372M(512M), 0.0029119 secs]
[GC pause (G1 Humongous Allocation) (young) (initial-mark) 375M->373M(512M), 0.0015387 secs]
[GC concurrent-root-region-scan-start]
[GC concurrent-root-region-scan-end, 0.0001876 secs]
[GC concurrent-mark-start]
[GC concurrent-mark-end, 0.0028384 secs]
[GC remark, 0.0018441 secs]
[GC cleanup 391M->391M(512M), 0.0007057 secs]
[GC pause (G1 Evacuation Pause) (young)-- 407M->394M(512M), 0.0020010 secs]
[GC pause (G1 Evacuation Pause) (mixed)-- 409M->406M(512M), 0.0015217 secs]
[GC pause (G1 Humongous Allocation) (young) (initial-mark) 408M->406M(512M), 0.0008198 secs]
[GC concurrent-root-region-scan-start]
[GC concurrent-root-region-scan-end, 0.0000842 secs]
[GC concurrent-mark-start]
[GC pause (G1 Evacuation Pause) (young)-- 410M->409M(512M), 0.0006280 secs]
[GC pause (G1 Humongous Allocation) (young)-- 410M->410M(512M), 0.0005652 secs]
[Full GC (Allocation Failure)  410M->363M(512M), 0.0522602 secs]
[GC concurrent-mark-abort]
[GC pause (G1 Humongous Allocation) (young) (initial-mark) 367M->364M(512M), 0.0007590 secs]
[GC concurrent-root-region-scan-start]
[GC concurrent-root-region-scan-end, 0.0001431 secs]
[GC concurrent-mark-start]
[GC concurrent-mark-end, 0.0021582 secs]
[GC remark, 0.0011457 secs]
[GC cleanup 379M->379M(512M), 0.0004574 secs]
[GC pause (G1 Evacuation Pause) (young) 393M->368M(512M), 0.0024670 secs]
[GC pause (G1 Humongous Allocation) (young) (initial-mark) 369M->368M(512M), 0.0015091 secs]
[GC concurrent-root-region-scan-start]
[GC concurrent-root-region-scan-end, 0.0001465 secs]
[GC concurrent-mark-start]
[GC concurrent-mark-end, 0.0026669 secs]
[GC remark, 0.0013770 secs]
[GC cleanup 381M->381M(512M), 0.0005542 secs]
[GC pause (G1 Evacuation Pause) (young) 398M->375M(512M), 0.0029563 secs]
[GC pause (G1 Evacuation Pause) (mixed)-- 400M->386M(512M), 0.0035617 secs]
[GC pause (G1 Humongous Allocation) (young) (initial-mark) 386M->386M(512M), 0.0014186 secs]
[GC concurrent-root-region-scan-start]
[GC concurrent-root-region-scan-end, 0.0001275 secs]
[GC concurrent-mark-start]
[GC concurrent-mark-end, 0.0027616 secs]
[GC remark, 0.0010614 secs]
[GC cleanup 399M->399M(512M), 0.0004486 secs]
[GC pause (G1 Evacuation Pause) (young)-- 409M->402M(512M), 0.0015816 secs]
[GC pause (G1 Evacuation Pause) (mixed)-- 411M->409M(512M), 0.0013500 secs]
[GC pause (G1 Humongous Allocation) (young) (initial-mark) 411M->408M(512M), 0.0006919 secs]
[GC concurrent-root-region-scan-start]
[GC concurrent-root-region-scan-end, 0.0001117 secs]
[GC concurrent-mark-start]
[GC pause (G1 Evacuation Pause) (young)-- 412M->410M(512M), 0.0006402 secs]
[GC pause (G1 Evacuation Pause) (young)-- 412M->412M(512M), 0.0005992 secs]
[Full GC (Allocation Failure)  412M->362M(512M), 0.0719135 secs]
[GC concurrent-mark-abort]
[GC pause (G1 Humongous Allocation) (young) (initial-mark) 369M->362M(512M), 0.0007342 secs]
[GC concurrent-root-region-scan-start]
[GC concurrent-root-region-scan-end, 0.0000885 secs]
[GC concurrent-mark-start]
[GC concurrent-mark-end, 0.0021107 secs]
[GC remark, 0.0012072 secs]
[GC cleanup 377M->377M(512M), 0.0004533 secs]
[GC pause (G1 Evacuation Pause) (young) 394M->371M(512M), 0.0026901 secs]
[GC pause (G1 Humongous Allocation) (young) (initial-mark) 375M->373M(512M), 0.0014411 secs]
[GC concurrent-root-region-scan-start]
[GC concurrent-root-region-scan-end, 0.0001298 secs]
[GC concurrent-mark-start]
[GC concurrent-mark-end, 0.0021563 secs]
[GC remark, 0.0014312 secs]
[GC cleanup 390M->390M(512M), 0.0004411 secs]
[GC pause (G1 Evacuation Pause) (young)-- 404M->393M(512M), 0.0018123 secs]
[GC pause (G1 Evacuation Pause) (mixed)-- 407M->406M(512M), 0.0014955 secs]
[GC pause (G1 Evacuation Pause) (young)-- 408M->408M(512M), 0.0006625 secs]
[Full GC (Allocation Failure)  408M->365M(512M), 0.0966431 secs]
[GC pause (G1 Humongous Allocation) (young) (initial-mark) 368M->366M(512M), 0.0009305 secs]
[GC concurrent-root-region-scan-start]
[GC concurrent-root-region-scan-end, 0.0000793 secs]
[GC concurrent-mark-start]
[GC concurrent-mark-end, 0.0023645 secs]
[GC remark, 0.0013206 secs]
[GC cleanup 371M->371M(512M), 0.0005431 secs]
[GC pause (G1 Evacuation Pause) (young)-- 398M->379M(512M), 0.0042256 secs]
[GC pause (G1 Humongous Allocation) (young) (initial-mark) 380M->379M(512M), 0.0017223 secs]
[GC concurrent-root-region-scan-start]
[GC concurrent-root-region-scan-end, 0.0000803 secs]
[GC concurrent-mark-start]
[GC concurrent-mark-end, 0.0027960 secs]
[GC remark, 0.0016019 secs]
[GC cleanup 391M->391M(512M), 0.0003962 secs]
[GC pause (G1 Evacuation Pause) (young)-- 406M->399M(512M), 0.0019047 secs]
[GC pause (G1 Evacuation Pause) (mixed)-- 409M->404M(512M), 0.0013921 secs]
[GC pause (G1 Humongous Allocation) (young) (initial-mark) 405M->404M(512M), 0.0009411 secs]
[GC concurrent-root-region-scan-start]
[GC concurrent-root-region-scan-end, 0.0000721 secs]
[GC concurrent-mark-start]
[GC pause (G1 Humongous Allocation) (young)-- 408M->406M(512M), 0.0009555 secs]
[GC pause (G1 Evacuation Pause) (young)-- 410M->409M(512M), 0.0011020 secs]
[GC pause (G1 Humongous Allocation) (young)-- 410M->410M(512M), 0.0012368 secs]
[Full GC (Allocation Failure)  410M->361M(512M), 0.1082689 secs]
[GC concurrent-mark-abort]
[GC pause (G1 Humongous Allocation) (young) (initial-mark) 364M->362M(512M), 0.0015071 secs]
[GC concurrent-root-region-scan-start]
[GC concurrent-root-region-scan-end, 0.0001868 secs]
[GC concurrent-mark-start]
[GC concurrent-mark-end, 0.0020693 secs]
[GC remark, 0.0014355 secs]
[GC cleanup 374M->374M(512M), 0.0004375 secs]
[GC pause (G1 Evacuation Pause) (young) 395M->371M(512M), 0.0033490 secs]
[GC pause (G1 Humongous Allocation) (young) (initial-mark) 374M->371M(512M), 0.0022896 secs]
[GC concurrent-root-region-scan-start]
[GC concurrent-root-region-scan-end, 0.0001842 secs]
[GC concurrent-mark-start]
[GC concurrent-mark-end, 0.0019587 secs]
[GC remark, 0.0014465 secs]
[GC cleanup 374M->374M(512M), 0.0007414 secs]
[GC pause (G1 Evacuation Pause) (young)-- 401M->380M(512M), 0.0036154 secs]
[GC pause (G1 Evacuation Pause) (mixed)-- 408M->398M(512M), 0.0024274 secs]
[GC pause (G1 Humongous Allocation) (young) (initial-mark) 401M->399M(512M), 0.0027533 secs]
[GC concurrent-root-region-scan-start]
[GC concurrent-root-region-scan-end, 0.0000928 secs]
[GC concurrent-mark-start]
[GC concurrent-mark-end, 0.0018826 secs]
[GC remark, 0.0019354 secs]
[GC cleanup 400M->400M(512M), 0.0004859 secs]
[GC pause (G1 Evacuation Pause) (young)-- 410M->406M(512M), 0.0013690 secs]
[GC pause (G1 Evacuation Pause) (mixed)-- 412M->411M(512M), 0.0015463 secs]
[GC pause (G1 Humongous Allocation) (mixed)-- 412M->411M(512M), 0.0008002 secs]
[GC pause (G1 Evacuation Pause) (young) (initial-mark) 412M->411M(512M), 0.0007678 secs]
[GC concurrent-root-region-scan-start]
[GC concurrent-root-region-scan-end, 0.0000189 secs]
[GC concurrent-mark-start]
[GC pause (G1 Humongous Allocation) (young)-- 411M->411M(512M), 0.0007554 secs]
[Full GC (Allocation Failure)  411M->360M(512M), 0.0781463 secs]
[GC concurrent-mark-abort]
[GC pause (G1 Humongous Allocation) (young) (initial-mark) 363M->360M(512M), 0.0009251 secs]
[GC concurrent-root-region-scan-start]
[GC concurrent-root-region-scan-end, 0.0001958 secs]
[GC concurrent-mark-start]
[GC concurrent-mark-end, 0.0022953 secs]
[GC remark, 0.0014553 secs]
[GC cleanup 373M->373M(512M), 0.0005331 secs]
[GC pause (G1 Evacuation Pause) (young) 392M->371M(512M), 0.0030085 secs]
[GC pause (G1 Humongous Allocation) (young) (initial-mark) 373M->370M(512M), 0.0016239 secs]
[GC concurrent-root-region-scan-start]
[GC concurrent-root-region-scan-end, 0.0002102 secs]
[GC concurrent-mark-start]
[GC concurrent-mark-end, 0.0018828 secs]
[GC remark, 0.0016753 secs]
[GC cleanup 380M->380M(512M), 0.0005003 secs]
[GC pause (G1 Evacuation Pause) (young) 399M->374M(512M), 0.0037171 secs]
[GC pause (G1 Evacuation Pause) (mixed)-- 400M->387M(512M), 0.0034066 secs]
[GC pause (G1 Humongous Allocation) (young) (initial-mark) 388M->387M(512M), 0.0014784 secs]
[GC concurrent-root-region-scan-start]
[GC concurrent-root-region-scan-end, 0.0001712 secs]
[GC concurrent-mark-start]
[GC concurrent-mark-end, 0.0023715 secs]
[GC remark, 0.0014786 secs]
[GC cleanup 401M->401M(512M), 0.0004150 secs]
[GC pause (G1 Evacuation Pause) (young)-- 409M->404M(512M), 0.0014089 secs]
[GC pause (G1 Humongous Allocation) (mixed)-- 411M->410M(512M), 0.0020892 secs]
[GC pause (G1 Evacuation Pause) (young) (initial-mark)-- 411M->411M(512M), 0.0009566 secs]
[GC concurrent-root-region-scan-start]
[GC concurrent-root-region-scan-end, 0.0000215 secs]
[GC concurrent-mark-start]
[Full GC (Allocation Failure)  411M->363M(512M), 0.0915512 secs]
[GC concurrent-mark-abort]
[GC pause (G1 Humongous Allocation) (young) (initial-mark) 365M->363M(512M), 0.0006789 secs]
[GC concurrent-root-region-scan-start]
[GC concurrent-root-region-scan-end, 0.0000912 secs]
[GC concurrent-mark-start]
[GC concurrent-mark-end, 0.0024745 secs]
[GC remark, 0.0016754 secs]
[GC cleanup 378M->378M(512M), 0.0004709 secs]
[GC pause (G1 Evacuation Pause) (young) 393M->371M(512M), 0.0025242 secs]
[GC pause (G1 Humongous Allocation) (young) (initial-mark) 372M->371M(512M), 0.0015529 secs]
[GC concurrent-root-region-scan-start]
[GC concurrent-root-region-scan-end, 0.0001839 secs]
[GC concurrent-mark-start]
[GC concurrent-mark-end, 0.0027728 secs]
[GC remark, 0.0012416 secs]
[GC cleanup 387M->387M(512M), 0.0004154 secs]
[GC pause (G1 Evacuation Pause) (young)-- 403M->392M(512M), 0.0020182 secs]
[GC pause (G1 Humongous Allocation) (mixed)-- 411M->406M(512M), 0.0010818 secs]
[GC pause (G1 Humongous Allocation) (young) (initial-mark) 410M->407M(512M), 0.0008779 secs]
[GC concurrent-root-region-scan-start]
[GC concurrent-root-region-scan-end, 0.0002044 secs]
[GC concurrent-mark-start]
[GC pause (G1 Evacuation Pause) (young)-- 411M->408M(512M), 0.0007045 secs]
[GC concurrent-mark-end, 0.0033251 secs]
[GC pause (G1 Evacuation Pause) (young)-- 411M->411M(512M), 0.0008016 secs]
[GC remark, 0.0012653 secs]
[GC pause (G1 Evacuation Pause) (young)-- 412M->412M(512M), 0.0006423 secs]
[GC cleanup 412M->412M(512M), 0.0005134 secs]
[GC pause (G1 Evacuation Pause) (young) 412M->412M(512M), 0.0006103 secs]
[Full GC (Allocation Failure)  412M->360M(512M), 0.0712585 secs]
[GC pause (G1 Humongous Allocation) (young) (initial-mark) 361M->360M(512M), 0.0019538 secs]
[GC concurrent-root-region-scan-start]
[GC concurrent-root-region-scan-end, 0.0000335 secs]
[GC concurrent-mark-start]
[GC concurrent-mark-end, 0.0017014 secs]
[GC remark, 0.0015505 secs]
[GC cleanup 366M->366M(512M), 0.0003975 secs]
[GC pause (G1 Evacuation Pause) (young) 390M->367M(512M), 0.0037330 secs]
[GC pause (G1 Humongous Allocation) (young) (initial-mark) 368M->367M(512M), 0.0020980 secs]
[GC concurrent-root-region-scan-start]
[GC concurrent-root-region-scan-end, 0.0000600 secs]
[GC concurrent-mark-start]
[GC concurrent-mark-end, 0.0018153 secs]
[GC remark, 0.0015538 secs]
[GC cleanup 382M->382M(512M), 0.0005746 secs]
[GC pause (G1 Evacuation Pause) (young) 395M->372M(512M), 0.0036883 secs]
[GC pause (G1 Humongous Allocation) (young) (initial-mark) 374M->373M(512M), 0.0017108 secs]
[GC concurrent-root-region-scan-start]
[GC concurrent-root-region-scan-end, 0.0001323 secs]
[GC concurrent-mark-start]
[GC concurrent-mark-end, 0.0016950 secs]
[GC remark, 0.0011826 secs]
[GC cleanup 374M->374M(512M), 0.0004119 secs]
[GC pause (G1 Evacuation Pause) (young) 401M->383M(512M), 0.0039726 secs]
[GC pause (G1 Evacuation Pause) (mixed)-- 409M->404M(512M), 0.0018566 secs]
[GC pause (G1 Humongous Allocation) (young) (initial-mark) 404M->404M(512M), 0.0009290 secs]
[GC concurrent-root-region-scan-start]
[GC concurrent-root-region-scan-end, 0.0001526 secs]
[GC concurrent-mark-start]
[GC concurrent-mark-end, 0.0024558 secs]
[GC remark, 0.0012405 secs]
[GC cleanup 413M->413M(512M), 0.0005113 secs]
[GC pause (G1 Evacuation Pause) (young)-- 414M->413M(512M), 0.0008152 secs]
[GC pause (G1 Evacuation Pause) (mixed)-- 415M->415M(512M), 0.0010601 secs]
[Full GC (Allocation Failure)  415M->359M(512M), 0.0771028 secs]
[GC pause (G1 Humongous Allocation) (young) (initial-mark) 360M->360M(512M), 0.0006456 secs]
[GC concurrent-root-region-scan-start]
[GC concurrent-root-region-scan-end, 0.0001313 secs]
[GC concurrent-mark-start]
[GC concurrent-mark-end, 0.0020423 secs]
[GC remark, 0.0013075 secs]
[GC cleanup 361M->361M(512M), 0.0003988 secs]
[GC pause (G1 Evacuation Pause) (young) 392M->368M(512M), 0.0040213 secs]
[GC pause (G1 Humongous Allocation) (young) (initial-mark) 370M->368M(512M), 0.0018493 secs]
[GC concurrent-root-region-scan-start]
[GC concurrent-root-region-scan-end, 0.0000842 secs]
[GC concurrent-mark-start]
[GC concurrent-mark-end, 0.0026432 secs]
[GC remark, 0.0012974 secs]
[GC cleanup 380M->380M(512M), 0.0004553 secs]
[GC pause (G1 Evacuation Pause) (young)-- 401M->390M(512M), 0.0027815 secs]
[GC pause (G1 Humongous Allocation) (young) (initial-mark) 398M->391M(512M), 0.0019380 secs]
[GC concurrent-root-region-scan-start]
[GC concurrent-root-region-scan-end, 0.0003251 secs]
[GC concurrent-mark-start]
[GC concurrent-mark-end, 0.0045958 secs]
[GC remark, 0.0018108 secs]
[GC cleanup 407M->407M(512M), 0.0008796 secs]
[GC pause (G1 Evacuation Pause) (young)-- 409M->403M(512M), 0.0014466 secs]
[GC pause (G1 Humongous Allocation) (mixed)-- 409M->406M(512M), 0.0017294 secs]
[GC pause (G1 Evacuation Pause) (young)-- 410M->409M(512M), 0.0013504 secs]
[GC pause (G1 Humongous Allocation) (young) (initial-mark)-- 410M->410M(512M), 0.0011165 secs]
[GC concurrent-root-region-scan-start]
[GC concurrent-root-region-scan-end, 0.0000167 secs]
[GC concurrent-mark-start]
[GC pause (G1 Evacuation Pause) (young) 410M->410M(512M), 0.0006133 secs]
[GC pause (G1 Humongous Allocation) (young)-- 410M->410M(512M), 0.0007247 secs]
[Full GC (Allocation Failure)  410M->362M(512M), 0.0777002 secs]
[GC concurrent-mark-abort]
[GC pause (G1 Humongous Allocation) (young) (initial-mark) 364M->363M(512M), 0.0005988 secs]
[GC concurrent-root-region-scan-start]
[GC concurrent-root-region-scan-end, 0.0000561 secs]
[GC concurrent-mark-start]
[GC concurrent-mark-end, 0.0027273 secs]
[GC remark, 0.0013834 secs]
[GC cleanup 376M->376M(512M), 0.0004348 secs]
[GC pause (G1 Evacuation Pause) (young) 393M->371M(512M), 0.0021023 secs]
[GC pause (G1 Humongous Allocation) (young) (initial-mark) 375M->372M(512M), 0.0012132 secs]
[GC concurrent-root-region-scan-start]
[GC concurrent-root-region-scan-end, 0.0001598 secs]
[GC concurrent-mark-start]
[GC concurrent-mark-end, 0.0025984 secs]
[GC remark, 0.0012843 secs]
[GC cleanup 388M->388M(512M), 0.0004034 secs]
[GC pause (G1 Evacuation Pause) (young)-- 400M->391M(512M), 0.0021420 secs]
[GC pause (G1 Evacuation Pause) (mixed)-- 407M->400M(512M), 0.0013389 secs]
[GC pause (G1 Humongous Allocation) (young) (initial-mark) 403M->401M(512M), 0.0009871 secs]
[GC concurrent-root-region-scan-start]
[GC concurrent-root-region-scan-end, 0.0000901 secs]
[GC concurrent-mark-start]
[GC concurrent-mark-end, 0.0021332 secs]
[GC remark, 0.0026719 secs]
[GC cleanup 405M->405M(512M), 0.0008472 secs]
[GC pause (G1 Evacuation Pause) (young)-- 410M->407M(512M), 0.0012445 secs]
[GC pause (G1 Evacuation Pause) (mixed)-- 410M->409M(512M), 0.0012125 secs]
[GC pause (G1 Evacuation Pause) (mixed)-- 410M->410M(512M), 0.0007893 secs]
[GC pause (G1 Evacuation Pause) (young)-- 411M->411M(512M), 0.0006474 secs]
[Full GC (Allocation Failure)  411M->360M(512M), 0.0914508 secs]
[GC pause (G1 Humongous Allocation) (young) (initial-mark) 369M->361M(512M), 0.0015488 secs]
[GC concurrent-root-region-scan-start]
[GC concurrent-root-region-scan-end, 0.0001772 secs]
[GC concurrent-mark-start]
[GC concurrent-mark-end, 0.0028679 secs]
[GC remark, 0.0014462 secs]
[GC cleanup 369M->369M(512M), 0.0005360 secs]
[GC pause (G1 Evacuation Pause) (young) 388M->365M(512M), 0.0026307 secs]
[GC pause (G1 Humongous Allocation) (young) (initial-mark) 366M->366M(512M), 0.0031801 secs]
[GC concurrent-root-region-scan-start]
[GC concurrent-root-region-scan-end, 0.0005963 secs]
[GC concurrent-mark-start]
[GC concurrent-mark-end, 0.0022763 secs]
[GC remark, 0.0011323 secs]
[GC cleanup 373M->373M(512M), 0.0008042 secs]
[GC pause (G1 Evacuation Pause) (young) 395M->372M(512M), 0.0026187 secs]
[GC pause (G1 Evacuation Pause) (mixed) 396M->374M(512M), 0.0044282 secs]
[GC pause (G1 Humongous Allocation) (young) (initial-mark) 376M->375M(512M), 0.0017501 secs]
[GC concurrent-root-region-scan-start]
[GC concurrent-root-region-scan-end, 0.0002242 secs]
[GC concurrent-mark-start]
[GC concurrent-mark-end, 0.0028681 secs]
[GC remark, 0.0014634 secs]
[GC cleanup 383M->383M(512M), 0.0004860 secs]
[GC pause (G1 Evacuation Pause) (young)-- 406M->400M(512M), 0.0022981 secs]
[GC pause (G1 Humongous Allocation) (mixed)-- 411M->407M(512M), 0.0017619 secs]
[GC pause (G1 Humongous Allocation) (young) (initial-mark) 408M->408M(512M), 0.0009452 secs]
[GC concurrent-root-region-scan-start]
[GC concurrent-root-region-scan-end, 0.0001424 secs]
[GC concurrent-mark-start]
[GC pause (G1 Humongous Allocation) (young)-- 411M->410M(512M), 0.0008666 secs]
[GC pause (G1 Evacuation Pause) (young) 411M->410M(512M), 0.0008053 secs]
[GC pause (G1 Humongous Allocation) (young)-- 411M->410M(512M), 0.0009339 secs]
[GC pause (G1 Evacuation Pause) (young) 411M->410M(512M), 0.0007521 secs]
[GC pause (G1 Evacuation Pause) (young)-- 411M->411M(512M), 0.0009277 secs]
[Full GC (Allocation Failure)  411M->355M(512M), 0.0878079 secs]
[GC concurrent-mark-abort]
[GC pause (G1 Humongous Allocation) (young) (initial-mark) 356M->355M(512M), 0.0010908 secs]
[GC concurrent-root-region-scan-start]
[GC concurrent-root-region-scan-end, 0.0001348 secs]
[GC concurrent-mark-start]
[GC concurrent-mark-end, 0.0018829 secs]
[GC remark, 0.0013076 secs]
[GC cleanup 359M->359M(512M), 0.0004593 secs]
[GC pause (G1 Evacuation Pause) (young) 386M->363M(512M), 0.0035676 secs]
[GC pause (G1 Humongous Allocation) (young) (initial-mark) 365M->363M(512M), 0.0015969 secs]
[GC concurrent-root-region-scan-start]
[GC concurrent-root-region-scan-end, 0.0000174 secs]
[GC concurrent-mark-start]
[GC concurrent-mark-end, 0.0021633 secs]
[GC remark, 0.0013356 secs]
[GC cleanup 368M->368M(512M), 0.0003796 secs]
[GC pause (G1 Evacuation Pause) (young) 391M->367M(512M), 0.0021470 secs]
[GC pause (G1 Evacuation Pause) (mixed) 392M->370M(512M), 0.0041260 secs]
[GC pause (G1 Humongous Allocation) (young) (initial-mark) 374M->371M(512M), 0.0026214 secs]
[GC concurrent-root-region-scan-start]
[GC concurrent-root-region-scan-end, 0.0002064 secs]
[GC concurrent-mark-start]
[GC concurrent-mark-end, 0.0033018 secs]
[GC remark, 0.0012780 secs]
[GC cleanup 387M->387M(512M), 0.0003678 secs]
[GC pause (G1 Evacuation Pause) (young) 398M->380M(512M), 0.0042778 secs]
[GC pause (G1 Evacuation Pause) (mixed)-- 405M->404M(512M), 0.0028799 secs]
[GC pause (G1 Humongous Allocation) (young) (initial-mark) 408M->404M(512M), 0.0012636 secs]
[GC concurrent-root-region-scan-start]
[GC concurrent-root-region-scan-end, 0.0001763 secs]
[GC concurrent-mark-start]
[GC pause (G1 Evacuation Pause) (young)-- 417M->411M(512M), 0.0012511 secs]
[GC concurrent-mark-end, 0.0050765 secs]
[GC remark, 0.0016921 secs]
[GC cleanup 413M->413M(512M), 0.0004157 secs]
[GC pause (G1 Evacuation Pause) (young)-- 418M->415M(512M), 0.0011257 secs]
[GC pause (G1 Humongous Allocation) (mixed)-- 419M->418M(512M), 0.0011355 secs]
[GC pause (G1 Evacuation Pause) (mixed)-- 420M->419M(512M), 0.0011886 secs]
[GC pause (G1 Humongous Allocation) (young) (initial-mark) 419M->419M(512M), 0.0007753 secs]
[GC concurrent-root-region-scan-start]
[GC concurrent-root-region-scan-end, 0.0000757 secs]
[GC concurrent-mark-start]
[GC pause (G1 Evacuation Pause) (young)-- 419M->419M(512M), 0.0007049 secs]
[GC pause (G1 Evacuation Pause) (young)-- 420M->420M(512M), 0.0007025 secs]
[Full GC (Allocation Failure)  420M->346M(512M), 0.0963928 secs]
[GC concurrent-mark-abort]
[GC pause (G1 Humongous Allocation) (young) (initial-mark) 352M->347M(512M), 0.0013891 secs]
[GC concurrent-root-region-scan-start]
[GC concurrent-root-region-scan-end, 0.0002115 secs]
[GC concurrent-mark-start]
[GC concurrent-mark-end, 0.0033226 secs]
[GC remark, 0.0015344 secs]
[GC cleanup 368M->368M(512M), 0.0006086 secs]
[GC pause (G1 Evacuation Pause) (young) 373M->355M(512M), 0.0044095 secs]
[GC pause (G1 Humongous Allocation) (young) (initial-mark) 355M->354M(512M), 0.0016883 secs]
[GC concurrent-root-region-scan-start]
[GC concurrent-root-region-scan-end, 0.0000172 secs]
[GC concurrent-mark-start]
[GC concurrent-mark-end, 0.0020781 secs]
[GC remark, 0.0012491 secs]
[GC cleanup 359M->359M(512M), 0.0006901 secs]
[GC pause (G1 Evacuation Pause) (young) 390M->362M(512M), 0.0029683 secs]
[GC pause (G1 Evacuation Pause) (mixed) 390M->369M(512M), 0.0061718 secs]
[GC pause (G1 Humongous Allocation) (young) (initial-mark) 370M->369M(512M), 0.0018719 secs]
[GC concurrent-root-region-scan-start]
[GC concurrent-root-region-scan-end, 0.0000509 secs]
[GC concurrent-mark-start]
[GC concurrent-mark-end, 0.0029031 secs]
[GC remark, 0.0011544 secs]
[GC cleanup 380M->380M(512M), 0.0004146 secs]
[GC pause (G1 Evacuation Pause) (young) 399M->375M(512M), 0.0026467 secs]
[GC pause (G1 Evacuation Pause) (mixed)-- 401M->394M(512M), 0.0054335 secs]
[GC pause (G1 Humongous Allocation) (young) (initial-mark) 397M->394M(512M), 0.0018619 secs]
[GC concurrent-root-region-scan-start]
[GC concurrent-root-region-scan-end, 0.0001421 secs]
[GC concurrent-mark-start]
[GC concurrent-mark-end, 0.0039332 secs]
[GC remark, 0.0012849 secs]
[GC cleanup 412M->412M(512M), 0.0003287 secs]
[GC pause (G1 Evacuation Pause) (young)-- 421M->411M(512M), 0.0015272 secs]
[GC pause (G1 Evacuation Pause) (mixed)-- 424M->421M(512M), 0.0013451 secs]
[GC pause (G1 Humongous Allocation) (mixed)-- 424M->423M(512M), 0.0016105 secs]
[GC pause (G1 Evacuation Pause) (young) (initial-mark) 424M->423M(512M), 0.0006386 secs]
[GC concurrent-root-region-scan-start]
[GC concurrent-root-region-scan-end, 0.0000250 secs]
[GC concurrent-mark-start]
[GC pause (G1 Evacuation Pause) (young)-- 424M->424M(512M), 0.0007319 secs]
[Full GC (Allocation Failure)  424M->349M(512M), 0.0950949 secs]
[GC concurrent-mark-abort]
[GC pause (G1 Humongous Allocation) (young) (initial-mark) 350M->350M(512M), 0.0013084 secs]
[GC concurrent-root-region-scan-start]
[GC concurrent-root-region-scan-end, 0.0000362 secs]
[GC concurrent-mark-start]
[GC concurrent-mark-end, 0.0020440 secs]
[GC remark, 0.0014896 secs]
[GC cleanup 362M->362M(512M), 0.0004822 secs]
[GC pause (G1 Evacuation Pause) (young) 383M->358M(512M), 0.0037032 secs]
[GC pause (G1 Humongous Allocation) (young) (initial-mark) 358M->358M(512M), 0.0013614 secs]
[GC concurrent-root-region-scan-start]
[GC concurrent-root-region-scan-end, 0.0000196 secs]
[GC concurrent-mark-start]
[GC concurrent-mark-end, 0.0018994 secs]
[GC remark, 0.0012153 secs]
[GC cleanup 359M->359M(512M), 0.0004299 secs]
[GC pause (G1 Evacuation Pause) (young) 390M->366M(512M), 0.0024397 secs]
[GC pause (G1 Evacuation Pause) (mixed)-- 392M->374M(512M), 0.0049386 secs]
[GC pause (G1 Humongous Allocation) (young) (initial-mark) 375M->374M(512M), 0.0018683 secs]
[GC concurrent-root-region-scan-start]
[GC concurrent-root-region-scan-end, 0.0003952 secs]
[GC concurrent-mark-start]
[GC concurrent-mark-end, 0.0025202 secs]
[GC remark, 0.0012929 secs]
[GC cleanup 384M->384M(512M), 0.0003685 secs]
[GC pause (G1 Evacuation Pause) (young)-- 408M->396M(512M), 0.0023113 secs]
[GC pause (G1 Evacuation Pause) (mixed)-- 414M->410M(512M), 0.0035266 secs]
[GC pause (G1 Humongous Allocation) (young) (initial-mark) 412M->410M(512M), 0.0011381 secs]
[GC concurrent-root-region-scan-start]
[GC concurrent-root-region-scan-end, 0.0001159 secs]
[GC concurrent-mark-start]
[GC concurrent-mark-end, 0.0022393 secs]
[GC remark, 0.0025775 secs]
[GC cleanup 411M->411M(512M), 0.0006900 secs]
[GC pause (G1 Evacuation Pause) (young)-- 413M->412M(512M), 0.0009672 secs]
[GC pause (G1 Humongous Allocation) (mixed)-- 413M->413M(512M), 0.0012525 secs]
[Full GC (Allocation Failure)  413M->356M(512M), 0.0903147 secs]
[GC pause (G1 Humongous Allocation) (young) (initial-mark) 356M->356M(512M), 0.0010696 secs]
[GC concurrent-root-region-scan-start]
[GC concurrent-root-region-scan-end, 0.0000182 secs]
[GC concurrent-mark-start]
[GC concurrent-mark-end, 0.0027126 secs]
[GC remark, 0.0011156 secs]
[GC cleanup 369M->369M(512M), 0.0004272 secs]
[GC pause (G1 Evacuation Pause) (young) 390M->364M(512M), 0.0028687 secs]
[GC pause (G1 Humongous Allocation) (young) (initial-mark) 368M->365M(512M), 0.0017379 secs]
[GC concurrent-root-region-scan-start]
[GC concurrent-root-region-scan-end, 0.0001531 secs]
[GC concurrent-mark-start]
[GC concurrent-mark-end, 0.0020056 secs]
[GC remark, 0.0013980 secs]
[GC cleanup 377M->377M(512M), 0.0003212 secs]
[GC pause (G1 Evacuation Pause) (young) 398M->375M(512M), 0.0025513 secs]
[GC pause (G1 Humongous Allocation) (young) (initial-mark) 379M->376M(512M), 0.0019004 secs]
[GC concurrent-root-region-scan-start]
[GC concurrent-root-region-scan-end, 0.0002181 secs]
[GC concurrent-mark-start]
[GC concurrent-mark-end, 0.0025154 secs]
[GC remark, 0.0011703 secs]
[GC cleanup 389M->389M(512M), 0.0003353 secs]
[GC pause (G1 Evacuation Pause) (young)-- 408M->399M(512M), 0.0017410 secs]
[GC pause (G1 Evacuation Pause) (mixed)-- 411M->407M(512M), 0.0010211 secs]
[GC pause (G1 Humongous Allocation) (young) (initial-mark)-- 411M->410M(512M), 0.0007602 secs]
[GC concurrent-root-region-scan-start]
[GC concurrent-root-region-scan-end, 0.0000175 secs]
[GC concurrent-mark-start]
[GC pause (G1 Evacuation Pause) (young)-- 412M->412M(512M), 0.0006336 secs]
[Full GC (Allocation Failure)  412M->363M(512M), 0.0748124 secs]
[GC concurrent-mark-abort]
[GC pause (G1 Humongous Allocation) (young) (initial-mark) 368M->365M(512M), 0.0013301 secs]
[GC concurrent-root-region-scan-start]
[GC concurrent-root-region-scan-end, 0.0001755 secs]
[GC concurrent-mark-start]
[GC concurrent-mark-end, 0.0029167 secs]
[GC remark, 0.0013497 secs]
[GC cleanup 376M->376M(512M), 0.0003927 secs]
[GC pause (G1 Evacuation Pause) (young)-- 397M->377M(512M), 0.0035920 secs]
[GC pause (G1 Humongous Allocation) (young) (initial-mark) 381M->378M(512M), 0.0014924 secs]
[GC concurrent-root-region-scan-start]
[GC concurrent-root-region-scan-end, 0.0001661 secs]
[GC concurrent-mark-start]
[GC concurrent-mark-end, 0.0028553 secs]
[GC remark, 0.0013425 secs]
[GC cleanup 393M->393M(512M), 0.0004928 secs]
[GC pause (G1 Evacuation Pause) (young)-- 405M->399M(512M), 0.0014327 secs]
[GC pause (G1 Humongous Allocation) (mixed)-- 407M->406M(512M), 0.0009402 secs]
[GC pause (G1 Evacuation Pause) (young) (initial-mark)-- 408M->408M(512M), 0.0006366 secs]
[GC concurrent-root-region-scan-start]
[GC concurrent-root-region-scan-end, 0.0000159 secs]
[GC concurrent-mark-start]
[Full GC (Allocation Failure)  408M->370M(512M), 0.0807507 secs]
[GC concurrent-mark-abort]
[GC pause (G1 Humongous Allocation) (young) (initial-mark) 375M->371M(512M), 0.0013490 secs]
[GC concurrent-root-region-scan-start]
[GC concurrent-root-region-scan-end, 0.0001538 secs]
[GC concurrent-mark-start]
[GC concurrent-mark-end, 0.0020619 secs]
[GC remark, 0.0015033 secs]
[GC cleanup 381M->381M(512M), 0.0004791 secs]
[GC pause (G1 Evacuation Pause) (young)-- 399M->392M(512M), 0.0026670 secs]
[GC pause (G1 Humongous Allocation) (young) (initial-mark) 393M->392M(512M), 0.0013342 secs]
[GC concurrent-root-region-scan-start]
[GC concurrent-root-region-scan-end, 0.0002671 secs]
[GC concurrent-mark-start]
[GC concurrent-mark-end, 0.0024111 secs]
[GC pause (G1 Evacuation Pause) (young)-- 405M->403M(512M), 0.0015010 secs]
[GC remark, 0.0017943 secs]
[GC cleanup 403M->403M(512M), 0.0004398 secs]
[GC pause (G1 Evacuation Pause) (young)-- 406M->406M(512M), 0.0008917 secs]
[Full GC (Allocation Failure)  406M->371M(512M), 0.0837701 secs]
[GC pause (G1 Humongous Allocation) (young) (initial-mark) 373M->372M(512M), 0.0009589 secs]
[GC concurrent-root-region-scan-start]
[GC concurrent-root-region-scan-end, 0.0001634 secs]
[GC concurrent-mark-start]
[GC concurrent-mark-end, 0.0021081 secs]
[GC remark, 0.0020342 secs]
[GC cleanup 383M->383M(512M), 0.0006043 secs]
[GC pause (G1 Evacuation Pause) (young)-- 400M->394M(512M), 0.0018077 secs]
[GC pause (G1 Humongous Allocation) (young) (initial-mark) 395M->394M(512M), 0.0009524 secs]
[GC concurrent-root-region-scan-start]
[GC concurrent-root-region-scan-end, 0.0002147 secs]
[GC concurrent-mark-start]
[GC pause (G1 Evacuation Pause) (young)-- 403M->400M(512M), 0.0008668 secs]
[GC concurrent-mark-end, 0.0033789 secs]
[GC remark, 0.0013701 secs]
[GC cleanup 402M->402M(512M), 0.0003671 secs]
[GC pause (G1 Evacuation Pause) (young)-- 404M->404M(512M), 0.0008371 secs]
[Full GC (Allocation Failure)  404M->373M(512M), 0.0745620 secs]
[GC pause (G1 Humongous Allocation) (young) (initial-mark) 377M->374M(512M), 0.0009252 secs]
[GC concurrent-root-region-scan-start]
[GC concurrent-root-region-scan-end, 0.0001710 secs]
[GC concurrent-mark-start]
[GC concurrent-mark-end, 0.0024982 secs]
[GC remark, 0.0012729 secs]
[GC cleanup 388M->388M(512M), 0.0004424 secs]
[GC pause (G1 Humongous Allocation) (young)-- 399M->393M(512M), 0.0019139 secs]
[GC pause (G1 Evacuation Pause) (young) (initial-mark)-- 402M->398M(512M), 0.0011496 secs]
[GC concurrent-root-region-scan-start]
[GC concurrent-root-region-scan-end, 0.0000184 secs]
[GC concurrent-mark-start]
[GC pause (G1 Humongous Allocation) (young)-- 402M->400M(512M), 0.0008016 secs]
[GC pause (G1 Evacuation Pause) (young)-- 402M->402M(512M), 0.0008013 secs]
[Full GC (Allocation Failure)  402M->375M(512M), 0.0888619 secs]
[GC concurrent-mark-abort]
[GC pause (G1 Humongous Allocation) (young) (initial-mark) 378M->375M(512M), 0.0010440 secs]
[GC concurrent-root-region-scan-start]
[GC concurrent-root-region-scan-end, 0.0001832 secs]
[GC concurrent-mark-start]
[GC concurrent-mark-end, 0.0016679 secs]
[GC remark, 0.0015053 secs]
[GC cleanup 378M->378M(512M), 0.0005504 secs]
[GC pause (G1 Humongous Allocation) (young)-- 401M->393M(512M), 0.0015812 secs]
[GC pause (G1 Humongous Allocation) (young) (initial-mark) 395M->394M(512M), 0.0010093 secs]
[GC concurrent-root-region-scan-start]
[GC concurrent-root-region-scan-end, 0.0000191 secs]
[GC concurrent-mark-start]
[GC pause (G1 Evacuation Pause) (young)-- 402M->400M(512M), 0.0009208 secs]
[GC pause (G1 Evacuation Pause) (young)-- 402M->401M(512M), 0.0006537 secs]
[GC pause (G1 Evacuation Pause) (young)-- 402M->402M(512M), 0.0007675 secs]
[Full GC (Allocation Failure)  402M->376M(512M), 0.0877270 secs]
[GC concurrent-mark-abort]
[GC pause (G1 Humongous Allocation) (young) (initial-mark) 379M->376M(512M), 0.0008922 secs]
[GC concurrent-root-region-scan-start]
[GC concurrent-root-region-scan-end, 0.0000636 secs]
[GC concurrent-mark-start]
[GC concurrent-mark-end, 0.0024358 secs]
[GC remark, 0.0023532 secs]
[GC cleanup 387M->387M(512M), 0.0004206 secs]
[GC pause (G1 Evacuation Pause) (young)-- 399M->396M(512M), 0.0011163 secs]
[GC pause (G1 Humongous Allocation) (young) (initial-mark) 397M->396M(512M), 0.0007564 secs]
[GC concurrent-root-region-scan-start]
[GC concurrent-root-region-scan-end, 0.0002209 secs]
[GC concurrent-mark-start]
[GC concurrent-mark-end, 0.0017682 secs]
[GC remark, 0.0016458 secs]
[GC cleanup 399M->398M(512M), 0.0004818 secs]
[GC concurrent-cleanup-start]
[GC concurrent-cleanup-end, 0.0000196 secs]
[GC pause (G1 Humongous Allocation) (young)-- 399M->399M(512M), 0.0007423 secs]
[Full GC (Allocation Failure)  399M->374M(512M), 0.0777328 secs]
[GC pause (G1 Humongous Allocation) (young) (initial-mark) 378M->374M(512M), 0.0012618 secs]
[GC concurrent-root-region-scan-start]
[GC concurrent-root-region-scan-end, 0.0000853 secs]
[GC concurrent-mark-start]
[GC concurrent-mark-end, 0.0018046 secs]
[GC remark, 0.0027757 secs]
[GC cleanup 381M->381M(512M), 0.0004514 secs]
[GC pause (G1 Evacuation Pause) (young)-- 401M->394M(512M), 0.0014874 secs]
[GC pause (G1 Humongous Allocation) (young) (initial-mark)-- 402M->398M(512M), 0.0047265 secs]
[GC concurrent-root-region-scan-start]
[GC concurrent-root-region-scan-end, 0.0001220 secs]
[GC concurrent-mark-start]
[GC concurrent-mark-end, 0.0015441 secs]
[GC remark, 0.0017377 secs]
[GC cleanup 401M->401M(512M), 0.0003963 secs]
[GC pause (G1 Evacuation Pause) (young)-- 403M->402M(512M), 0.0009061 secs]
[GC pause (G1 Evacuation Pause) (mixed)-- 403M->403M(512M), 0.0016172 secs]
[Full GC (Allocation Failure)  403M->376M(512M), 0.0607660 secs]
[GC pause (G1 Humongous Allocation) (young) (initial-mark) 378M->377M(512M), 0.0008429 secs]
[GC concurrent-root-region-scan-start]
[GC concurrent-root-region-scan-end, 0.0001733 secs]
[GC concurrent-mark-start]
[GC concurrent-mark-end, 0.0026282 secs]
[GC remark, 0.0018363 secs]
[GC cleanup 393M->393M(512M), 0.0004144 secs]
[GC pause (G1 Humongous Allocation) (young)-- 399M->393M(512M), 0.0021339 secs]
[GC pause (G1 Humongous Allocation) (young) (initial-mark) 394M->393M(512M), 0.0009387 secs]
[GC concurrent-root-region-scan-start]
[GC concurrent-root-region-scan-end, 0.0001461 secs]
[GC concurrent-mark-start]
[GC concurrent-mark-end, 0.0018042 secs]
[GC remark, 0.0035656 secs]
[GC cleanup 394M->394M(512M), 0.0004325 secs]
[GC pause (G1 Evacuation Pause) (young)-- 400M->397M(512M), 0.0010980 secs]
[GC pause (G1 Evacuation Pause) (mixed)-- 400M->400M(512M), 0.0009613 secs]
[GC pause (G1 Evacuation Pause) (young)-- 401M->400M(512M), 0.0007469 secs]
[GC pause (G1 Evacuation Pause) (young) (initial-mark)-- 401M->400M(512M), 0.0007903 secs]
[GC concurrent-root-region-scan-start]
[GC concurrent-root-region-scan-end, 0.0000168 secs]
[GC concurrent-mark-start]
[GC concurrent-mark-end, 0.0021526 secs]
[GC remark, 0.0010822 secs]
[GC pause (G1 Evacuation Pause) (young)-- 401M->401M(512M), 0.0006604 secs]
[Full GC (Allocation Failure)  401M->375M(512M), 0.0746736 secs]
[GC cleanup, 0.0000168 secs]
[GC concurrent-mark-abort]
[GC pause (G1 Humongous Allocation) (young) (initial-mark) 382M->377M(512M), 0.0015209 secs]
[GC concurrent-root-region-scan-start]
[GC concurrent-root-region-scan-end, 0.0003319 secs]
[GC concurrent-mark-start]
[GC concurrent-mark-end, 0.0023566 secs]
[GC remark, 0.0044911 secs]
[GC pause (G1 Evacuation Pause) (young)-- 401M->396M(512M), 0.0010822 secs]
[GC cleanup 396M->396M(512M), 0.0002860 secs]
[GC pause (G1 Evacuation Pause) (young)-- 402M->399M(512M), 0.0022803 secs]
[GC pause (G1 Evacuation Pause) (young)-- 403M->403M(512M), 0.0007962 secs]
[Full GC (Allocation Failure)  403M->374M(512M), 0.0991988 secs]
[GC pause (G1 Humongous Allocation) (young) (initial-mark) 376M->375M(512M), 0.0009491 secs]
[GC concurrent-root-region-scan-start]
[GC concurrent-root-region-scan-end, 0.0001517 secs]
[GC concurrent-mark-start]
[GC concurrent-mark-end, 0.0024857 secs]
[GC remark, 0.0011528 secs]
[GC cleanup 391M->391M(512M), 0.0003567 secs]
[GC pause (G1 Evacuation Pause) (young)-- 396M->389M(512M), 0.0024215 secs]
[GC pause (G1 Humongous Allocation) (mixed)-- 399M->397M(512M), 0.0008857 secs]
[GC pause (G1 Humongous Allocation) (young) (initial-mark) 398M->397M(512M), 0.0010218 secs]
[GC concurrent-root-region-scan-start]
[GC concurrent-root-region-scan-end, 0.0000293 secs]
[GC concurrent-mark-start]
[GC pause (G1 Evacuation Pause) (young) 399M->398M(512M), 0.0007995 secs]
[GC pause (G1 Evacuation Pause) (young)-- 399M->399M(512M), 0.0006977 secs]
[Full GC (Allocation Failure)  399M->374M(512M), 0.1037938 secs]
[GC concurrent-mark-abort]
[GC pause (G1 Humongous Allocation) (young) (initial-mark) 376M->373M(512M), 0.0008915 secs]
[GC concurrent-root-region-scan-start]
[GC concurrent-root-region-scan-end, 0.0001517 secs]
[GC concurrent-mark-start]
[GC concurrent-mark-end, 0.0022924 secs]
[GC remark, 0.0012698 secs]
[GC cleanup 386M->386M(512M), 0.0003404 secs]
[GC pause (G1 Humongous Allocation) (young)-- 399M->387M(512M), 0.0009850 secs]
[GC pause (G1 Humongous Allocation) (young) (initial-mark) 389M->387M(512M), 0.0009282 secs]
[GC concurrent-root-region-scan-start]
[GC concurrent-root-region-scan-end, 0.0001573 secs]
[GC concurrent-mark-start]
[GC pause (G1 Humongous Allocation) (young)-- 401M->397M(512M), 0.0009187 secs]
[GC concurrent-mark-end, 0.0038717 secs]
[GC remark, 0.0013748 secs]
[GC cleanup 398M->398M(512M), 0.0003656 secs]
[GC pause (G1 Evacuation Pause) (young)-- 403M->401M(512M), 0.0008510 secs]
[GC pause (G1 Evacuation Pause) (mixed)-- 405M->404M(512M), 0.0008080 secs]
[GC pause (G1 Evacuation Pause) (young)-- 406M->405M(512M), 0.0006064 secs]
[GC pause (G1 Evacuation Pause) (young) (initial-mark)-- 406M->406M(512M), 0.0006692 secs]
[GC concurrent-root-region-scan-start]
[GC concurrent-root-region-scan-end, 0.0000152 secs]
[GC concurrent-mark-start]
[Full GC (Allocation Failure)  406M->370M(512M), 0.0803252 secs]
[GC concurrent-mark-abort]
[GC pause (G1 Humongous Allocation) (young) (initial-mark) 375M->371M(512M), 0.0012561 secs]
[GC concurrent-root-region-scan-start]
[GC concurrent-root-region-scan-end, 0.0001094 secs]
[GC concurrent-mark-start]
[GC concurrent-mark-end, 0.0021225 secs]
[GC remark, 0.0017434 secs]
[GC cleanup 398M->398M(512M), 0.0004139 secs]
[GC pause (G1 Evacuation Pause) (young)-- 398M->382M(512M), 0.0029222 secs]
[GC pause (G1 Humongous Allocation) (young) (initial-mark) 383M->382M(512M), 0.0014215 secs]
[GC concurrent-root-region-scan-start]
[GC concurrent-root-region-scan-end, 0.0000393 secs]
[GC concurrent-mark-start]
[GC concurrent-mark-end, 0.0015851 secs]
[GC remark, 0.0015727 secs]
[GC cleanup 384M->384M(512M), 0.0004795 secs]
[GC pause (G1 Humongous Allocation) (young)-- 407M->400M(512M), 0.0013015 secs]
[GC pause (G1 Evacuation Pause) (mixed)-- 408M->407M(512M), 0.0021431 secs]
[GC pause (G1 Humongous Allocation) (young) (initial-mark) 407M->407M(512M), 0.0007457 secs]
[GC concurrent-root-region-scan-start]
[GC concurrent-root-region-scan-end, 0.0000415 secs]
[GC concurrent-mark-start]
[GC pause (G1 Humongous Allocation) (young)[GC concurrent-mark-end, 0.0017746 secs]
-- 408M->407M(512M), 0.0008084 secs]
[GC remark, 0.0016571 secs]
[GC pause (G1 Evacuation Pause) (young) 408M->408M(512M), 0.0006782 secs]
[GC cleanup 408M->408M(512M), 0.0004471 secs]
[GC pause (G1 Evacuation Pause) (young) 408M->408M(512M), 0.0006459 secs]
[Full GC (Allocation Failure)  408M->368M(512M), 0.0921722 secs]
[GC pause (G1 Humongous Allocation) (young) (initial-mark) 369M->367M(512M), 0.0054957 secs]
[GC concurrent-root-region-scan-start]
[GC concurrent-root-region-scan-end, 0.0005271 secs]
[GC concurrent-mark-start]
[GC concurrent-mark-end, 0.0015503 secs]
[GC remark, 0.0012091 secs]
[GC cleanup 396M->396M(512M), 0.0005234 secs]
[GC pause (G1 Evacuation Pause) (young) 398M->376M(512M), 0.0029669 secs]
[GC pause (G1 Humongous Allocation) (young) (initial-mark) 388M->382M(512M), 0.0033240 secs]
[GC concurrent-root-region-scan-start]
[GC concurrent-root-region-scan-end, 0.0001148 secs]
[GC concurrent-mark-start]
[GC concurrent-mark-end, 0.0027027 secs]
[GC remark, 0.0012852 secs]
[GC cleanup 401M->401M(512M), 0.0004455 secs]
[GC pause (G1 Evacuation Pause) (young)-- 409M->398M(512M), 0.0025916 secs]
[GC pause (G1 Humongous Allocation) (mixed)-- 414M->409M(512M), 0.0025251 secs]
[GC pause (G1 Humongous Allocation) (young) (initial-mark) 413M->410M(512M), 0.0008699 secs]
[GC concurrent-root-region-scan-start]
[GC concurrent-root-region-scan-end, 0.0001435 secs]
[GC concurrent-mark-start]
[GC concurrent-mark-end, 0.0015710 secs]
[GC remark, 0.0014019 secs]
[GC cleanup 413M->413M(512M), 0.0003721 secs]
[GC pause (G1 Evacuation Pause) (young)-- 415M->413M(512M), 0.0007901 secs]
[GC pause (G1 Evacuation Pause) (mixed)-- 415M->414M(512M), 0.0010583 secs]
[GC pause (G1 Evacuation Pause) (mixed)-- 416M->416M(512M), 0.0008930 secs]
[Full GC (Allocation Failure)  416M->365M(512M), 0.0840328 secs]
[GC pause (G1 Humongous Allocation) (young) (initial-mark) 367M->365M(512M), 0.0010483 secs]
[GC concurrent-root-region-scan-start]
[GC concurrent-root-region-scan-end, 0.0001858 secs]
[GC concurrent-mark-start]
[GC concurrent-mark-end, 0.0023945 secs]
[GC pause (G1 Evacuation Pause) (young) 396M->376M(512M), 0.0024272 secs]
[GC remark, 0.0010895 secs]
[GC cleanup 403M->403M(512M), 0.0006420 secs]
[GC pause (G1 Evacuation Pause) (young) 403M->383M(512M), 0.0054021 secs]
[GC pause (G1 Humongous Allocation) (young) (initial-mark) 384M->383M(512M), 0.0258465 secs]
[GC concurrent-root-region-scan-start]
[GC concurrent-root-region-scan-end, 0.0000194 secs]
[GC concurrent-mark-start]
[GC pause (G1 Humongous Allocation) (young)[GC concurrent-mark-end, 0.0024604 secs]
-- 412M->405M(512M), 0.0114481 secs]
[GC remark, 0.0013383 secs]
[GC cleanup 409M->409M(512M), 0.0004505 secs]
[GC pause (G1 Evacuation Pause) (young)-- 414M->412M(512M), 0.0012926 secs]
[GC pause (G1 Evacuation Pause) (mixed)-- 415M->414M(512M), 0.0012651 secs]
[GC pause (G1 Humongous Allocation) (young) (initial-mark)-- 415M->415M(512M), 0.0007281 secs]
[GC concurrent-root-region-scan-start]
[GC concurrent-root-region-scan-end, 0.0000601 secs]
[GC concurrent-mark-start]
[GC concurrent-mark-end, 0.0017926 secs]
[GC remark, 0.0011292 secs]
[GC cleanup 415M->414M(512M), 0.0003613 secs]
[GC concurrent-cleanup-start]
[GC concurrent-cleanup-end, 0.0000217 secs]
[GC pause (G1 Humongous Allocation) (young) 415M->414M(512M), 0.0006918 secs]
[GC pause (G1 Evacuation Pause) (mixed)-- 415M->414M(512M), 0.0009558 secs]
[GC pause (G1 Humongous Allocation) (mixed)-- 415M->414M(512M), 0.0008406 secs]
[GC pause (G1 Evacuation Pause) (young) 415M->415M(512M), 0.0006875 secs]
[GC pause (G1 Evacuation Pause) (young) 415M->415M(512M), 0.0027261 secs]
[Full GC (Allocation Failure)  415M->367M(512M), 0.1085009 secs]
[GC pause (G1 Humongous Allocation) (young) (initial-mark) 368M->367M(512M), 0.0007672 secs]
[GC concurrent-root-region-scan-start]
[GC concurrent-root-region-scan-end, 0.0000877 secs]
[GC concurrent-mark-start]
[GC concurrent-mark-end, 0.0022554 secs]
[GC remark, 0.0011576 secs]
[GC cleanup 378M->378M(512M), 0.0004116 secs]
[GC pause (G1 Evacuation Pause) (young)-- 399M->378M(512M), 0.0024513 secs]
[GC pause (G1 Humongous Allocation) (young) (initial-mark) 379M->378M(512M), 0.0013195 secs]
[GC concurrent-root-region-scan-start]
[GC concurrent-root-region-scan-end, 0.0000777 secs]
[GC concurrent-mark-start]
[GC concurrent-mark-end, 0.0027674 secs]
[GC remark, 0.0011523 secs]
[GC cleanup 396M->396M(512M), 0.0003024 secs]
[GC pause (G1 Evacuation Pause) (young)-- 404M->395M(512M), 0.0018317 secs]
[GC pause (G1 Humongous Allocation) (mixed)-- 406M->403M(512M), 0.0009176 secs]
[GC pause (G1 Humongous Allocation) (young) (initial-mark) 405M->403M(512M), 0.0006633 secs]
[GC concurrent-root-region-scan-start]
[GC concurrent-root-region-scan-end, 0.0002646 secs]
[GC concurrent-mark-start]
[GC pause (G1 Evacuation Pause) (young)-- 406M->406M(512M), 0.0007754 secs]
[GC pause (G1 Humongous Allocation) (young) 406M->406M(512M), 0.0005896 secs]
[GC pause (G1 Evacuation Pause) (young) 406M->406M(512M), 0.0006411 secs]
[GC pause (G1 Evacuation Pause) (young) 406M->406M(512M), 0.0006310 secs]
[Full GC (Allocation Failure)  406M->372M(512M), 0.0939235 secs]
[GC concurrent-mark-abort]
[GC pause (G1 Humongous Allocation) (young) (initial-mark) 373M->372M(512M), 0.0008599 secs]
[GC concurrent-root-region-scan-start]
[GC concurrent-root-region-scan-end, 0.0001083 secs]
[GC concurrent-mark-start]
[GC concurrent-mark-end, 0.0018812 secs]
[GC remark, 0.0013399 secs]
[GC cleanup 374M->374M(512M), 0.0003727 secs]
[GC pause (G1 Evacuation Pause) (young)-- 401M->394M(512M), 0.0022979 secs]
[GC pause (G1 Humongous Allocation) (young) (initial-mark) 402M->392M(512M), 0.0020627 secs]
[GC concurrent-root-region-scan-start]
[GC concurrent-root-region-scan-end, 0.0000988 secs]
[GC concurrent-mark-start]
[GC concurrent-mark-end, 0.0019370 secs]
[GC remark, 0.0012575 secs]
[GC cleanup 394M->394M(512M), 0.0003731 secs]
[GC pause (G1 Evacuation Pause) (young)-- 409M->401M(512M), 0.0013129 secs]
[GC pause (G1 Evacuation Pause) (mixed)-- 411M->409M(512M), 0.0011844 secs]
[GC pause (G1 Evacuation Pause) (young)-- 412M->412M(512M), 0.0007282 secs]
[Full GC (Allocation Failure)  412M->371M(512M), 0.0830140 secs]
[GC pause (G1 Humongous Allocation) (young) (initial-mark) 371M->371M(512M), 0.0007739 secs]
[GC concurrent-root-region-scan-start]
[GC concurrent-root-region-scan-end, 0.0000795 secs]
[GC concurrent-mark-start]
[GC concurrent-mark-end, 0.0020184 secs]
[GC remark, 0.0010891 secs]
[GC cleanup 384M->384M(512M), 0.0005153 secs]
[GC pause (G1 Evacuation Pause) (young)-- 404M->396M(512M), 0.0015077 secs]
[GC pause (G1 Humongous Allocation) (young) (initial-mark) 400M->398M(512M), 0.0008830 secs]
[GC concurrent-root-region-scan-start]
[GC concurrent-root-region-scan-end, 0.0001652 secs]
[GC concurrent-mark-start]
[GC pause (G1 Evacuation Pause) (young)-- 406M->405M(512M), 0.0007703 secs]
[GC pause (G1 Humongous Allocation) (young)-- 406M->406M(512M), 0.0005010 secs]
[GC pause (G1 Evacuation Pause) (young) 406M->406M(512M), 0.0004933 secs]
[GC pause (G1 Evacuation Pause) (young) 406M->406M(512M), 0.0004909 secs]
[Full GC (Allocation Failure)  406M->376M(512M), 0.0702043 secs]
[GC concurrent-mark-abort]
[GC pause (G1 Humongous Allocation) (young) (initial-mark) 379M->375M(512M), 0.0008471 secs]
[GC concurrent-root-region-scan-start]
[GC concurrent-root-region-scan-end, 0.0001575 secs]
[GC concurrent-mark-start]
[GC concurrent-mark-end, 0.0025456 secs]
[GC remark, 0.0011428 secs]
[GC cleanup 388M->388M(512M), 0.0003428 secs]
[GC pause (G1 Evacuation Pause) (young)-- 404M->398M(512M), 0.0014279 secs]
[GC pause (G1 Humongous Allocation) (young) (initial-mark) 401M->397M(512M), 0.0009204 secs]
[GC concurrent-root-region-scan-start]
[GC concurrent-root-region-scan-end, 0.0001433 secs]
[GC concurrent-mark-start]
[GC pause (G1 Evacuation Pause) (young)-- 407M->404M(512M), 0.0010570 secs]
[GC concurrent-mark-end, 0.0039530 secs]
[GC remark, 0.0014649 secs]
[GC cleanup 406M->406M(512M), 0.0005032 secs]
[GC pause (G1 Evacuation Pause) (young)-- 409M->408M(512M), 0.0009217 secs]
[GC pause (G1 Evacuation Pause) (mixed)-- 410M->410M(512M), 0.0010553 secs]
[Full GC (Allocation Failure)  410M->371M(512M), 0.0917745 secs]
[GC pause (G1 Humongous Allocation) (young) (initial-mark) 372M->371M(512M), 0.0009022 secs]
[GC concurrent-root-region-scan-start]
[GC concurrent-root-region-scan-end, 0.0002080 secs]
[GC concurrent-mark-start]
[GC concurrent-mark-end, 0.0029314 secs]
[GC remark, 0.0012105 secs]
[GC cleanup 388M->388M(512M), 0.0005204 secs]
[GC pause (G1 Evacuation Pause) (young)-- 405M->396M(512M), 0.0027849 secs]
[GC pause (G1 Humongous Allocation) (young) (initial-mark) 402M->397M(512M), 0.0010676 secs]
[GC concurrent-root-region-scan-start]
[GC concurrent-root-region-scan-end, 0.0001780 secs]
[GC concurrent-mark-start]
[GC pause (G1 Humongous Allocation) (young)-- 407M->404M(512M), 0.0013434 secs]
[GC concurrent-mark-end, 0.0040643 secs]
[GC remark, 0.0015106 secs]
[GC cleanup 406M->406M(512M), 0.0002714 secs]
[GC pause (G1 Humongous Allocation) (young)-- 408M->406M(512M), 0.0007436 secs]
[GC pause (G1 Evacuation Pause) (mixed)-- 408M->406M(512M), 0.0007033 secs]
[GC pause (G1 Evacuation Pause) (young)-- 408M->408M(512M), 0.0007068 secs]
[Full GC (Allocation Failure)  408M->372M(512M), 0.0888543 secs]
[GC pause (G1 Humongous Allocation) (young) (initial-mark) 374M->372M(512M), 0.0019793 secs]
[GC concurrent-root-region-scan-start]
[GC concurrent-root-region-scan-end, 0.0001069 secs]
[GC concurrent-mark-start]
[GC concurrent-mark-end, 0.0015828 secs]
[GC remark, 0.0011040 secs]
[GC cleanup 372M->372M(512M), 0.0003551 secs]
[GC pause (G1 Evacuation Pause) (young)-- 403M->388M(512M), 0.0022438 secs]
[GC pause (G1 Humongous Allocation) (young) (initial-mark) 393M->387M(512M), 0.0017022 secs]
[GC concurrent-root-region-scan-start]
[GC concurrent-root-region-scan-end, 0.0001974 secs]
[GC concurrent-mark-start]
[GC concurrent-mark-end, 0.0029212 secs]
[GC remark, 0.0016169 secs]
[GC cleanup 405M->405M(512M), 0.0007539 secs]
[GC pause (G1 Humongous Allocation) (young)-- 410M->404M(512M), 0.0016292 secs]
[GC pause (G1 Humongous Allocation) (mixed)-- 412M->411M(512M), 0.0011015 secs]
[GC pause (G1 Humongous Allocation) (young) (initial-mark)-- 412M->411M(512M), 0.0006475 secs]
[GC concurrent-root-region-scan-start]
[GC concurrent-root-region-scan-end, 0.0000201 secs]
[GC concurrent-mark-start]
[GC pause (G1 Evacuation Pause) (young) 412M->411M(512M), 0.0005367 secs]
[GC concurrent-mark-end, 0.0023042 secs]
[GC remark, 0.0011332 secs]
[GC cleanup 412M->412M(512M), 0.0003602 secs]
[GC pause (G1 Evacuation Pause) (young) 412M->411M(512M), 0.0008358 secs]
[GC pause (G1 Evacuation Pause) (mixed)-- 412M->412M(512M), 0.0008724 secs]
[Full GC (Allocation Failure)  412M->371M(512M), 0.0958902 secs]
[GC pause (G1 Humongous Allocation) (young) (initial-mark) 374M->372M(512M), 0.0012323 secs]
[GC concurrent-root-region-scan-start]
[GC concurrent-root-region-scan-end, 0.0001206 secs]
[GC concurrent-mark-start]
[GC concurrent-mark-end, 0.0018088 secs]
[GC remark, 0.0012687 secs]
[GC cleanup 376M->376M(512M), 0.0003153 secs]
[GC pause (G1 Evacuation Pause) (young)-- 404M->393M(512M), 0.0028599 secs]
[GC pause (G1 Humongous Allocation) (young) (initial-mark) 396M->393M(512M), 0.0014127 secs]
[GC concurrent-root-region-scan-start]
[GC concurrent-root-region-scan-end, 0.0001690 secs]
[GC concurrent-mark-start]
[GC concurrent-mark-end, 0.0018438 secs]
[GC remark, 0.0011706 secs]
[GC cleanup 408M->408M(512M), 0.0003897 secs]
[GC pause (G1 Humongous Allocation) (young)-- 411M->408M(512M), 0.0030854 secs]
[GC pause (G1 Evacuation Pause) (mixed)-- 412M->412M(512M), 0.0010538 secs]
[Full GC (Allocation Failure)  412M->372M(512M), 0.0966071 secs]
[GC pause (G1 Humongous Allocation) (young) (initial-mark) 382M->374M(512M), 0.0016056 secs]
[GC concurrent-root-region-scan-start]
[GC concurrent-root-region-scan-end, 0.0001803 secs]
[GC concurrent-mark-start]
[GC concurrent-mark-end, 0.0025232 secs]
[GC pause (G1 Evacuation Pause) (young)-- 407M->396M(512M), 0.0031304 secs]
[GC pause (G1 Evacuation Pause) (young)-- 413M->406M(512M), 0.0018893 secs]
[GC pause (G1 Evacuation Pause) (young)-- 413M->412M(512M), 0.0010243 secs]
[GC remark, 0.0014838 secs]
[GC pause (G1 Humongous Allocation) (young)-- 413M->413M(512M), 0.0008037 secs]
[GC cleanup 413M->413M(512M), 0.0003303 secs]
[GC pause (G1 Humongous Allocation) (young) 413M->413M(512M), 0.0005834 secs]
[Full GC (Allocation Failure)  413M->373M(512M), 0.0900682 secs]
[GC pause (G1 Humongous Allocation) (young) (initial-mark) 375M->374M(512M), 0.0009782 secs]
[GC concurrent-root-region-scan-start]
[GC concurrent-root-region-scan-end, 0.0001752 secs]
[GC concurrent-mark-start]
[GC concurrent-mark-end, 0.0015324 secs]
[GC remark, 0.0013863 secs]
[GC cleanup 382M->382M(512M), 0.0006576 secs]
[GC pause (G1 Evacuation Pause) (young)-- 404M->398M(512M), 0.0014708 secs]
[GC pause (G1 Humongous Allocation) (young) (initial-mark) 400M->398M(512M), 0.0007599 secs]
[GC concurrent-root-region-scan-start]
[GC concurrent-root-region-scan-end, 0.0001747 secs]
[GC concurrent-mark-start]
[GC pause (G1 Humongous Allocation) (young)-- 404M->402M(512M), 0.0008624 secs]
[GC pause (G1 Evacuation Pause) (young)-- 405M->405M(512M), 0.0007880 secs]
[Full GC (Allocation Failure) [GC concurrent-mark-end, 0.0047256 secs]
 405M->377M(512M), 0.0860989 secs]
[GC remark, 0.0000208 secs]
[GC concurrent-mark-abort]
[GC pause (G1 Humongous Allocation) (young) (initial-mark) 379M->378M(512M), 0.0008849 secs]
[GC concurrent-root-region-scan-start]
[GC concurrent-root-region-scan-end, 0.0001598 secs]
[GC concurrent-mark-start]
[GC concurrent-mark-end, 0.0026117 secs]
[GC remark, 0.0011825 secs]
[GC cleanup 394M->394M(512M), 0.0002980 secs]
[GC pause (G1 Humongous Allocation) (young)-- 403M->394M(512M), 0.0013209 secs]
[GC pause (G1 Humongous Allocation) (young) (initial-mark) 399M->396M(512M), 0.0009376 secs]
[GC concurrent-root-region-scan-start]
[GC concurrent-root-region-scan-end, 0.0002013 secs]
[GC concurrent-mark-start]
[GC pause (G1 Evacuation Pause) (young)-- 403M->399M(512M), 0.0010285 secs]
[GC pause (G1 Evacuation Pause) (young)-- 403M->401M(512M), 0.0007726 secs]
[GC pause (G1 Evacuation Pause) (young)[GC concurrent-mark-end, 0.0055105 secs]
-- 404M->404M(512M), 0.0008773 secs]
[GC remark, 0.0010890 secs]
[Full GC (Allocation Failure)  404M->379M(512M), 0.0855376 secs]
[GC cleanup, 0.0000217 secs]
[GC concurrent-mark-abort]
[GC pause (G1 Humongous Allocation) (young) (initial-mark) 384M->381M(512M), 0.0011078 secs]
[GC concurrent-root-region-scan-start]
[GC concurrent-root-region-scan-end, 0.0001521 secs]
[GC concurrent-mark-start]
[GC concurrent-mark-end, 0.0023158 secs]
[GC remark, 0.0011138 secs]
[GC cleanup 396M->396M(512M), 0.0003600 secs]
[GC pause (G1 Humongous Allocation) (young)-- 405M->393M(512M), 0.0011181 secs]
[GC pause (G1 Humongous Allocation) (young) (initial-mark) 395M->393M(512M), 0.0007509 secs]
[GC concurrent-root-region-scan-start]
[GC concurrent-root-region-scan-end, 0.0001094 secs]
[GC concurrent-mark-start]
[GC concurrent-mark-end, 0.0021603 secs]
[GC remark, 0.0013704 secs]
[GC cleanup 405M->405M(512M), 0.0003981 secs]
[GC pause (G1 Humongous Allocation) (young)-- 407M->400M(512M), 0.0009641 secs]
[GC pause (G1 Humongous Allocation) (mixed)-- 408M->406M(512M), 0.0010537 secs]
[GC pause (G1 Evacuation Pause) (young) (initial-mark)-- 408M->408M(512M), 0.0007861 secs]
[GC concurrent-root-region-scan-start]
[GC concurrent-root-region-scan-end, 0.0000177 secs]
[GC concurrent-mark-start]
[Full GC (Allocation Failure)  408M->378M(512M), 0.0985485 secs]
[GC concurrent-mark-abort]
[GC pause (G1 Humongous Allocation) (young) (initial-mark) 378M->378M(512M), 0.0009050 secs]
[GC concurrent-root-region-scan-start]
[GC concurrent-root-region-scan-end, 0.0002294 secs]
[GC concurrent-mark-start]
[GC concurrent-mark-end, 0.0017094 secs]
[GC remark, 0.0012435 secs]
[GC cleanup 381M->381M(512M), 0.0004661 secs]
[GC pause (G1 Humongous Allocation) (young)-- 405M->395M(512M), 0.0017279 secs]
[GC pause (G1 Humongous Allocation) (young) (initial-mark) 396M->396M(512M), 0.0008592 secs]
[GC concurrent-root-region-scan-start]
[GC concurrent-root-region-scan-end, 0.0000188 secs]
[GC concurrent-mark-start]
[GC pause (G1 Evacuation Pause) (young)-- 406M->402M(512M), 0.0020283 secs]
[GC concurrent-mark-end, 0.0051911 secs]
[GC remark, 0.0015232 secs]
[GC cleanup 403M->403M(512M), 0.0004140 secs]
[GC pause (G1 Evacuation Pause) (young)-- 408M->405M(512M), 0.0009304 secs]
[GC pause (G1 Humongous Allocation) (mixed)-- 408M->407M(512M), 0.0008772 secs]
[GC pause (G1 Evacuation Pause) (young) (initial-mark)-- 408M->408M(512M), 0.0125873 secs]
[GC concurrent-root-region-scan-start]
[GC concurrent-root-region-scan-end, 0.0000177 secs]
[GC concurrent-mark-start]
[Full GC (Allocation Failure) [GC concurrent-mark-end, 0.0016258 secs]
 408M->378M(512M), 0.0927472 secs]
[GC pause (G1 Evacuation Pause) (young)-- 405M->398M(512M), 0.0013117 secs]
[GC pause (G1 Humongous Allocation) (young)-- 406M->403M(512M), 0.0011885 secs]
[GC remark, 0.0000529 secs]
[GC concurrent-mark-abort]
[GC pause (G1 Evacuation Pause) (young)-- 406M->405M(512M), 0.0008176 secs]
[GC pause (G1 Evacuation Pause) (young) (initial-mark)-- 406M->406M(512M), 0.0007966 secs]
[GC concurrent-root-region-scan-start]
[GC concurrent-root-region-scan-end, 0.0000177 secs]
[GC concurrent-mark-start]
[Full GC (Allocation Failure)  406M->378M(512M), 0.0910032 secs]
[GC concurrent-mark-abort]
[GC pause (G1 Humongous Allocation) (young) (initial-mark) 379M->379M(512M), 0.0009879 secs]
[GC concurrent-root-region-scan-start]
[GC concurrent-root-region-scan-end, 0.0000375 secs]
[GC concurrent-mark-start]
[GC concurrent-mark-end, 0.0018664 secs]
[GC remark, 0.0011313 secs]
[GC cleanup 379M->379M(512M), 0.0003702 secs]
[GC pause (G1 Humongous Allocation) (young)-- 405M->396M(512M), 0.0012467 secs]
[GC pause (G1 Humongous Allocation) (young) (initial-mark) 399M->397M(512M), 0.0009860 secs]
[GC concurrent-root-region-scan-start]
[GC concurrent-root-region-scan-end, 0.0001037 secs]
[GC concurrent-mark-start]
[GC concurrent-mark-end, 0.0016392 secs]
[GC remark, 0.0011800 secs]
[GC cleanup 398M->398M(512M), 0.0004246 secs]
[GC pause (G1 Evacuation Pause) (young)-- 406M->405M(512M), 0.0062811 secs]
[GC pause (G1 Evacuation Pause) (mixed)-- 408M->408M(512M), 0.0009487 secs]
[Full GC (Allocation Failure)  408M->379M(512M), 0.0890588 secs]
[GC pause (G1 Humongous Allocation) (young) (initial-mark) 388M->379M(512M), 0.0013123 secs]
[GC concurrent-root-region-scan-start]
[GC concurrent-root-region-scan-end, 0.0001200 secs]
[GC concurrent-mark-start]
[GC concurrent-mark-end, 0.0016964 secs]
[GC remark, 0.0014917 secs]
[GC cleanup 379M->379M(512M), 0.0003795 secs]
[GC pause (G1 Humongous Allocation) (young)-- 405M->398M(512M), 0.0013347 secs]
[GC pause (G1 Humongous Allocation) (young) (initial-mark) 400M->398M(512M), 0.0007580 secs]
[GC concurrent-root-region-scan-start]
[GC concurrent-root-region-scan-end, 0.0000838 secs]
[GC concurrent-mark-start]
[GC concurrent-mark-end, 0.0017020 secs]
[GC remark, 0.0010912 secs]
[GC cleanup 401M->401M(512M), 0.0003378 secs]
[GC pause (G1 Evacuation Pause) (young)-- 405M->403M(512M), 0.0008347 secs]
[GC pause (G1 Evacuation Pause) (mixed)-- 406M->406M(512M), 0.0009220 secs]
[GC pause (G1 Evacuation Pause) (young)-- 407M->407M(512M), 0.0006372 secs]
[Full GC (Allocation Failure)  407M->375M(512M), 0.0978262 secs]
[GC pause (G1 Humongous Allocation) (young) (initial-mark) 376M->375M(512M), 0.0007640 secs]
[GC concurrent-root-region-scan-start]
[GC concurrent-root-region-scan-end, 0.0001232 secs]
[GC concurrent-mark-start]
[GC concurrent-mark-end, 0.0016429 secs]
[GC remark, 0.0010947 secs]
[GC cleanup 384M->384M(512M), 0.0003518 secs]
[GC pause (G1 Evacuation Pause) (young)-- 404M->391M(512M), 0.0019271 secs]
[GC pause (G1 Humongous Allocation) (young) (initial-mark) 392M->391M(512M), 0.0013547 secs]
[GC concurrent-root-region-scan-start]
[GC concurrent-root-region-scan-end, 0.0002362 secs]
[GC concurrent-mark-start]
[GC concurrent-mark-end, 0.0024413 secs]
[GC remark, 0.0013874 secs]
[GC pause (G1 Evacuation Pause) (young)-- 408M->402M(512M), 0.0013710 secs]
[GC cleanup 402M->402M(512M), 0.0002864 secs]
[GC pause (G1 Evacuation Pause) (young)-- 410M->408M(512M), 0.0009321 secs]
[GC pause (G1 Humongous Allocation) (mixed)-- 411M->410M(512M), 0.0007177 secs]
[GC pause (G1 Evacuation Pause) (young) 410M->410M(512M), 0.0005622 secs]
[GC pause (G1 Evacuation Pause) (young) (initial-mark)-- 411M->411M(512M), 0.0006719 secs]
[GC concurrent-root-region-scan-start]
[GC concurrent-root-region-scan-end, 0.0000161 secs]
[GC concurrent-mark-start]
[Full GC (Allocation Failure)  411M->376M(512M), 0.0784094 secs]
[GC concurrent-mark-abort]
[GC pause (G1 Humongous Allocation) (young) (initial-mark) 377M->376M(512M), 0.0007998 secs]
[GC concurrent-root-region-scan-start]
[GC concurrent-root-region-scan-end, 0.0001669 secs]
[GC concurrent-mark-start]
[GC concurrent-mark-end, 0.0022583 secs]
[GC remark, 0.0013379 secs]
[GC cleanup 389M->389M(512M), 0.0004969 secs]
[GC pause (G1 Humongous Allocation) (young)-- 404M->398M(512M), 0.0020331 secs]
[GC pause (G1 Humongous Allocation) (young) (initial-mark) 399M->399M(512M), 0.0014837 secs]
[GC concurrent-root-region-scan-start]
[GC concurrent-root-region-scan-end, 0.0000390 secs]
[GC concurrent-mark-start]
[GC concurrent-mark-end, 0.0019821 secs]
[GC remark, 0.0018673 secs]
[GC cleanup 401M->401M(512M), 0.0005190 secs]
[GC pause (G1 Evacuation Pause) (young)-- 405M->405M(512M), 0.0009298 secs]
[GC pause (G1 Humongous Allocation) (mixed)-- 405M->405M(512M), 0.0008043 secs]
[GC pause (G1 Evacuation Pause) (young) 405M->405M(512M), 0.0007821 secs]
[GC pause (G1 Humongous Allocation) (young)-- 405M->405M(512M), 0.0006840 secs]
[Full GC (Allocation Failure)  405M->377M(512M), 0.1145527 secs]
[GC pause (G1 Humongous Allocation) (young) (initial-mark) 381M->377M(512M), 0.0024315 secs]
[GC concurrent-root-region-scan-start]
[GC concurrent-root-region-scan-end, 0.0001078 secs]
[GC concurrent-mark-start]
[GC concurrent-mark-end, 0.0019021 secs]
[GC remark, 0.0014441 secs]
[GC cleanup 378M->378M(512M), 0.0006535 secs]
[GC pause (G1 Humongous Allocation) (young)-- 402M->396M(512M), 0.0014979 secs]
[GC pause (G1 Humongous Allocation) (young) (initial-mark) 396M->396M(512M), 0.0077792 secs]
[GC concurrent-root-region-scan-start]
[GC concurrent-root-region-scan-end, 0.0000189 secs]
[GC concurrent-mark-start]
[GC concurrent-mark-end, 0.0017021 secs]
[GC remark, 0.0012836 secs]
[GC pause (G1 Evacuation Pause) (young)-- 402M->399M(512M), 0.0009688 secs]
[GC cleanup 400M->400M(512M), 0.0003941 secs]
[GC pause (G1 Evacuation Pause) (young)-- 403M->402M(512M), 0.0010453 secs]
[GC pause (G1 Evacuation Pause) (mixed)-- 404M->404M(512M), 0.0014202 secs]
[Full GC (Allocation Failure)  404M->377M(512M), 0.0966884 secs]
[GC pause (G1 Humongous Allocation) (young) (initial-mark) 379M->378M(512M), 0.0006497 secs]
[GC concurrent-root-region-scan-start]
[GC concurrent-root-region-scan-end, 0.0000464 secs]
[GC concurrent-mark-start]
[GC concurrent-mark-end, 0.0020463 secs]
[GC remark, 0.0010918 secs]
[GC cleanup 393M->393M(512M), 0.0003147 secs]
[GC pause (G1 Evacuation Pause) (young)-- 401M->397M(512M), 0.0011661 secs]
[GC pause (G1 Humongous Allocation) (young) (initial-mark) 399M->397M(512M), 0.0008345 secs]
[GC concurrent-root-region-scan-start]
[GC concurrent-root-region-scan-end, 0.0001147 secs]
[GC concurrent-mark-start]
[GC concurrent-mark-end, 0.0014371 secs]
[GC remark, 0.0012708 secs]
[GC cleanup 398M->398M(512M), 0.0004792 secs]
[GC pause (G1 Evacuation Pause) (young)-- 404M->402M(512M), 0.0011413 secs]
[GC pause (G1 Evacuation Pause) (mixed)-- 405M->405M(512M), 0.0008085 secs]
[GC pause (G1 Evacuation Pause) (young)-- 406M->406M(512M), 0.0005895 secs]
[Full GC (Allocation Failure)  406M->376M(512M), 0.0674187 secs]
[GC pause (G1 Humongous Allocation) (young) (initial-mark) 380M->376M(512M), 0.0010334 secs]
[GC concurrent-root-region-scan-start]
[GC concurrent-root-region-scan-end, 0.0002084 secs]
[GC concurrent-mark-start]
[GC concurrent-mark-end, 0.0017075 secs]
[GC remark, 0.0016348 secs]
[GC cleanup 378M->378M(512M), 0.0004267 secs]
[GC pause (G1 Humongous Allocation) (young)-- 403M->397M(512M), 0.0018512 secs]
[GC pause (G1 Humongous Allocation) (young) (initial-mark)-- 404M->403M(512M), 0.0010361 secs]
[GC concurrent-root-region-scan-start]
[GC concurrent-root-region-scan-end, 0.0000183 secs]
[GC concurrent-mark-start]
[GC pause (G1 Evacuation Pause) (young)-- 405M->404M(512M), 0.0008819 secs]
[GC pause (G1 Humongous Allocation) (young)-- 405M->405M(512M), 0.0006656 secs]
[Full GC (Allocation Failure)  405M->375M(512M), 0.0848673 secs]
[GC concurrent-mark-abort]
[GC pause (G1 Humongous Allocation) (young) (initial-mark) 376M->376M(512M), 0.0006910 secs]
[GC concurrent-root-region-scan-start]
[GC concurrent-root-region-scan-end, 0.0000149 secs]
[GC concurrent-mark-start]
[GC concurrent-mark-end, 0.0041491 secs]
[GC remark, 0.0014278 secs]
[GC cleanup 392M->392M(512M), 0.0003990 secs]
[GC pause (G1 Evacuation Pause) (young)-- 404M->396M(512M), 0.0012712 secs]
[GC pause (G1 Humongous Allocation) (young) (initial-mark) 401M->397M(512M), 0.0011549 secs]
[GC concurrent-root-region-scan-start]
[GC concurrent-root-region-scan-end, 0.0002134 secs]
[GC concurrent-mark-start]
[GC pause (G1 Evacuation Pause) (young)-- 406M->402M(512M), 0.0016389 secs]
[GC concurrent-mark-end, 0.0043965 secs]
[GC remark, 0.0021731 secs]
[GC cleanup 404M->404M(512M), 0.0003637 secs]
[GC pause (G1 Evacuation Pause) (young)-- 407M->405M(512M), 0.0009814 secs]
[GC pause (G1 Evacuation Pause) (mixed)-- 408M->408M(512M), 0.0009386 secs]
[Full GC (Allocation Failure)  408M->373M(512M), 0.0915750 secs]
[GC pause (G1 Humongous Allocation) (young) (initial-mark) 374M->373M(512M), 0.0007883 secs]
[GC concurrent-root-region-scan-start]
[GC concurrent-root-region-scan-end, 0.0000149 secs]
[GC concurrent-mark-start]
[GC concurrent-mark-end, 0.0022716 secs]
[GC remark, 0.0014893 secs]
[GC cleanup 386M->386M(512M), 0.0003369 secs]
[GC pause (G1 Evacuation Pause) (young)-- 405M->391M(512M), 0.0016452 secs]
[GC pause (G1 Humongous Allocation) (young) (initial-mark) 391M->391M(512M), 0.0005362 secs]
[GC concurrent-root-region-scan-start]
[GC concurrent-root-region-scan-end, 0.0000764 secs]
[GC concurrent-mark-start]
[GC concurrent-mark-end, 0.0019005 secs]
[GC remark, 0.0013147 secs]
[GC cleanup 402M->402M(512M), 0.0003745 secs]
[GC pause (G1 Evacuation Pause) (young)-- 408M->402M(512M), 0.0011130 secs]
[GC pause (G1 Evacuation Pause) (mixed)-- 411M->407M(512M), 0.0009917 secs]
[GC pause (G1 Humongous Allocation) (young) (initial-mark) 407M->407M(512M), 0.0004826 secs]
[GC concurrent-root-region-scan-start]
[GC concurrent-root-region-scan-end, 0.0000803 secs]
[GC concurrent-mark-start]
[GC pause (G1 Humongous Allocation) (young)-- 410M->408M(512M), 0.0006972 secs]
[GC pause (G1 Humongous Allocation) (young)-- 410M->409M(512M), 0.0006511 secs]
[GC pause (G1 Humongous Allocation) (young) 410M->410M(512M), 0.0007257 secs]
[Full GC (Allocation Failure)  410M->371M(512M), 0.0656047 secs]
[GC concurrent-mark-abort]
[GC pause (G1 Humongous Allocation) (young) (initial-mark) 373M->371M(512M), 0.0006447 secs]
[GC concurrent-root-region-scan-start]
[GC concurrent-root-region-scan-end, 0.0000593 secs]
[GC concurrent-mark-start]
[GC concurrent-mark-end, 0.0019072 secs]
[GC remark, 0.0014095 secs]
[GC cleanup 386M->386M(512M), 0.0003763 secs]
[GC pause (G1 Evacuation Pause) (young)-- 403M->391M(512M), 0.0017154 secs]
[GC pause (G1 Humongous Allocation) (young) (initial-mark) 392M->392M(512M), 0.0008584 secs]
[GC concurrent-root-region-scan-start]
[GC concurrent-root-region-scan-end, 0.0001452 secs]
[GC concurrent-mark-start]
[GC concurrent-mark-end, 0.0025749 secs]
[GC pause (G1 Evacuation Pause) (young)-- 407M->403M(512M), 0.0012627 secs]
[GC remark, 0.0014864 secs]
[GC cleanup 403M->403M(512M), 0.0007980 secs]
[GC pause (G1 Humongous Allocation) (young)-- 408M->407M(512M), 0.0009898 secs]
[GC pause (G1 Evacuation Pause) (mixed)-- 407M->407M(512M), 0.0007502 secs]
[GC pause (G1 Humongous Allocation) (young)-- 407M->407M(512M), 0.0006611 secs]
[Full GC (Allocation Failure)  407M->368M(512M), 0.0770830 secs]
[GC pause (G1 Humongous Allocation) (young) (initial-mark) 369M->368M(512M), 0.0006845 secs]
[GC concurrent-root-region-scan-start]
[GC concurrent-root-region-scan-end, 0.0001682 secs]
[GC concurrent-mark-start]
[GC concurrent-mark-end, 0.0021950 secs]
[GC remark, 0.0014407 secs]
[GC cleanup 382M->382M(512M), 0.0003798 secs]
[GC pause (G1 Evacuation Pause) (young)-- 398M->385M(512M), 0.0019926 secs]
[GC pause (G1 Evacuation Pause) (mixed)-- 403M->401M(512M), 0.0011992 secs]
[GC pause (G1 Humongous Allocation) (young) (initial-mark) 401M->401M(512M), 0.0005828 secs]
[GC concurrent-root-region-scan-start]
[GC concurrent-root-region-scan-end, 0.0000663 secs]
[GC concurrent-mark-start]
[GC pause (G1 Evacuation Pause) (young)-- 404M->403M(512M), 0.0007105 secs]
[GC pause (G1 Humongous Allocation) (young)-- 404M->404M(512M), 0.0006021 secs]
[Full GC (Allocation Failure)  404M->368M(512M), 0.0780119 secs]
[GC concurrent-mark-abort]
[GC pause (G1 Humongous Allocation) (young) (initial-mark) 371M->369M(512M), 0.0006180 secs]
[GC concurrent-root-region-scan-start]
[GC concurrent-root-region-scan-end, 0.0000498 secs]
[GC concurrent-mark-start]
[GC concurrent-mark-end, 0.0019754 secs]
[GC remark, 0.0014648 secs]
[GC cleanup 383M->383M(512M), 0.0004317 secs]
[GC pause (G1 Humongous Allocation) (young)-- 399M->389M(512M), 0.0014455 secs]
[GC pause (G1 Evacuation Pause) (mixed)-- 402M->397M(512M), 0.0009843 secs]
[GC pause (G1 Humongous Allocation) (young) (initial-mark) 399M->398M(512M), 0.0007248 secs]
[GC concurrent-root-region-scan-start]
[GC concurrent-root-region-scan-end, 0.0000648 secs]
[GC concurrent-mark-start]
[GC pause (G1 Evacuation Pause) (young)-- 402M->401M(512M), 0.0007056 secs]
[GC pause (G1 Evacuation Pause) (young)-- 402M->402M(512M), 0.0005350 secs]
[Full GC (Allocation Failure)  402M->373M(512M), 0.0639092 secs]
[GC concurrent-mark-abort]
[GC pause (G1 Humongous Allocation) (young) (initial-mark) 374M->373M(512M), 0.0006148 secs]
[GC concurrent-root-region-scan-start]
[GC concurrent-root-region-scan-end, 0.0000248 secs]
[GC concurrent-mark-start]
[GC concurrent-mark-end, 0.0020265 secs]
[GC remark, 0.0014406 secs]
[GC cleanup 386M->386M(512M), 0.0003359 secs]
[GC pause (G1 Evacuation Pause) (young)-- 399M->390M(512M), 0.0013921 secs]
[GC pause (G1 Evacuation Pause) (mixed)-- 401M->398M(512M), 0.0007247 secs]
[GC pause (G1 Humongous Allocation) (young) (initial-mark)-- 401M->400M(512M), 0.0006270 secs]
[GC concurrent-root-region-scan-start]
[GC concurrent-root-region-scan-end, 0.0000222 secs]
[GC concurrent-mark-start]
[GC pause (G1 Evacuation Pause) (young) 401M->401M(512M), 0.0005071 secs]
[GC pause (G1 Evacuation Pause) (young) 401M->401M(512M), 0.0005361 secs]
[Full GC (Allocation Failure)  401M->375M(512M), 0.0627179 secs]
[GC concurrent-mark-abort]
[GC pause (G1 Humongous Allocation) (young) (initial-mark) 376M->375M(512M), 0.0007704 secs]
[GC concurrent-root-region-scan-start]
[GC concurrent-root-region-scan-end, 0.0001244 secs]
[GC concurrent-mark-start]
[GC concurrent-mark-end, 0.0020821 secs]
[GC remark, 0.0013775 secs]
[GC cleanup 389M->389M(512M), 0.0005700 secs]
[GC pause (G1 Humongous Allocation) (young)-- 394M->390M(512M), 0.0012286 secs]
[GC pause (G1 Evacuation Pause) (mixed)-- 394M->393M(512M), 0.0007325 secs]
[GC pause (G1 Humongous Allocation) (young) (initial-mark)-- 394M->394M(512M), 0.0005363 secs]
[GC concurrent-root-region-scan-start]
[GC concurrent-root-region-scan-end, 0.0000251 secs]
[GC concurrent-mark-start]
[GC pause (G1 Evacuation Pause) (young) 395M->394M(512M), 0.0005260 secs]
[GC pause (G1 Evacuation Pause) (young)-- 395M->395M(512M), 0.0005672 secs]
[Full GC (Allocation Failure)  395M->378M(512M), 0.0573256 secs]
[GC concurrent-mark-abort]
о┤ллйр╩Э!╣▓╔Щ│╔Хн¤з┤╬╩§:30109
