正在执行...timeInterval=10000
[GC pause (G1 Evacuation Pause) (young) 204M->70M(4096M), 0.0144577 secs]
[GC pause (G1 Evacuation Pause) (young) 248M->127M(4096M), 0.0154325 secs]
[GC pause (G1 Evacuation Pause) (young) 305M->189M(4096M), 0.0156903 secs]
[GC pause (G1 Evacuation Pause) (young) 367M->242M(4096M), 0.0145964 secs]
[GC pause (G1 Evacuation Pause) (young) 420M->297M(4096M), 0.0149865 secs]
[GC pause (G1 Evacuation Pause) (young) 475M->356M(4096M), 0.0151034 secs]
[GC pause (G1 Evacuation Pause) (young) 534M->416M(4096M), 0.0168894 secs]
[GC pause (G1 Evacuation Pause) (young) 594M->476M(4096M), 0.0153483 secs]
[GC pause (G1 Evacuation Pause) (young) 724M->557M(4096M), 0.0199433 secs]
[GC pause (G1 Evacuation Pause) (young) 807M->621M(4096M), 0.0192861 secs]
[GC pause (G1 Evacuation Pause) (young) 945M->706M(4096M), 0.0231111 secs]
[GC pause (G1 Evacuation Pause) (young) 1056M->815M(4096M), 0.0270569 secs]
[GC pause (G1 Evacuation Pause) (young) 1271M->924M(4096M), 0.0291879 secs]
[GC pause (G1 Evacuation Pause) (young) 1438M->1049M(4096M), 0.0353223 secs]
[GC pause (G1 Evacuation Pause) (young) 1945M->1228M(4096M), 0.0493291 secs]
[GC pause (G1 Evacuation Pause) (young) 2018M->1375M(4096M), 0.0568935 secs]
[GC pause (G1 Evacuation Pause) (young) 2427M->1561M(4096M), 0.0792906 secs]
[GC pause (G1 Evacuation Pause) (young) 2667M->1740M(4096M), 0.0878884 secs]
[GC pause (G1 Evacuation Pause) (young) 2922M->1905M(4096M), 0.0862275 secs]
[GC pause (G1 Evacuation Pause) (young) 3265M->2095M(4096M), 0.0955507 secs]
[GC pause (G1 Evacuation Pause) (young) (initial-mark) 3359M->2247M(4096M), 0.0772300 secs]
[GC concurrent-root-region-scan-start]
[GC concurrent-root-region-scan-end, 0.0028001 secs]
[GC concurrent-mark-start]
[GC concurrent-mark-end, 0.0269511 secs]
[GC remark, 0.0048677 secs]
[GC cleanup 2353M->759M(4096M), 0.0018603 secs]
[GC concurrent-cleanup-start]
[GC concurrent-cleanup-end, 0.0019793 secs]
[GC pause (G1 Evacuation Pause) (young) 1787M->819M(4096M), 0.0590276 secs]
[GC pause (G1 Evacuation Pause) (mixed) 857M->772M(4096M), 0.0345503 secs]
[GC pause (G1 Evacuation Pause) (young) 3212M->1123M(4096M), 0.0968025 secs]
[GC pause (G1 Evacuation Pause) (young) 3247M->1213M(4096M), 0.1459084 secs]
[GC pause (G1 Evacuation Pause) (young) 3263M->1299M(4096M), 0.1562220 secs]
[GC pause (G1 Evacuation Pause) (young) 3279M->1411M(4096M), 0.0795400 secs]
[GC pause (G1 Evacuation Pause) (young) 3291M->1532M(4096M), 0.0807797 secs]
[GC pause (G1 Evacuation Pause) (young) 3298M->1670M(4096M), 0.0744254 secs]
[GC pause (G1 Evacuation Pause) (young) 3304M->1784M(4096M), 0.0586601 secs]
[GC pause (G1 Evacuation Pause) (young) 3320M->1924M(4096M), 0.0655955 secs]
[GC pause (G1 Evacuation Pause) (young) 3334M->2073M(4096M), 0.0617620 secs]
[GC pause (G1 Evacuation Pause) (young) (initial-mark) 3353M->2225M(4096M), 0.0616369 secs]
[GC concurrent-root-region-scan-start]
[GC concurrent-root-region-scan-end, 0.0240125 secs]
[GC concurrent-mark-start]
[GC concurrent-mark-end, 0.0455897 secs]
[GC remark, 0.0249784 secs]
[GC cleanup 2615M->1059M(4096M), 0.0092573 secs]
[GC concurrent-cleanup-start]
[GC concurrent-cleanup-end, 0.0053653 secs]
[GC pause (G1 Evacuation Pause) (young) 1819M->832M(4096M), 0.0833075 secs]
[GC pause (G1 Evacuation Pause) (mixed) 868M->790M(4096M), 0.0772365 secs]
执行结束!共生成对象次数:124116
