正在执行...timeInterval=10000
[GC (Allocation Failure)  262144K->84457K(1005056K), 0.0185710 secs]
[GC (Allocation Failure)  346601K->157392K(1005056K), 0.0229501 secs]
[GC (Allocation Failure)  419474K->227634K(1005056K), 0.0218202 secs]
[GC (Allocation Failure)  489778K->295100K(1005056K), 0.0215378 secs]
[GC (Allocation Failure)  557244K->365777K(1005056K), 0.0228748 secs]
[GC (Allocation Failure)  627921K->441662K(1005056K), 0.0226215 secs]
[GC (Allocation Failure)  703806K->508016K(1005056K), 0.0213462 secs]
[GC (Allocation Failure)  770160K->587866K(1005056K), 0.0240258 secs]
[GC (Allocation Failure)  850010K->654691K(1005056K), 0.0211123 secs]
[GC (Allocation Failure)  916835K->727258K(1005056K), 0.0231212 secs]
[Full GC (Ergonomics)  727258K->347452K(1005056K), 0.0688756 secs]
[GC (Allocation Failure)  609596K->434206K(1005056K), 0.0156257 secs]
[GC (Allocation Failure)  696350K->507402K(1005056K), 0.0202772 secs]
[GC (Allocation Failure)  769546K->590855K(1005056K), 0.0221228 secs]
[GC (Allocation Failure)  852999K->663837K(1005056K), 0.0215481 secs]
[Full GC (Ergonomics)  663837K->365851K(1005056K), 0.0716362 secs]
[GC (Allocation Failure)  627995K->451186K(1005056K), 0.0157684 secs]
[GC (Allocation Failure)  713330K->518218K(1005056K), 0.0194205 secs]
[GC (Allocation Failure)  780362K->588095K(1005056K), 0.0194819 secs]
[GC (Allocation Failure)  850239K->665226K(1005056K), 0.0214963 secs]
[Full GC (Ergonomics)  665226K->367730K(1005056K), 0.0677813 secs]
[GC (Allocation Failure)  629874K->452821K(1005056K), 0.0153382 secs]
[GC (Allocation Failure)  714965K->523484K(1005056K), 0.0208319 secs]
[GC (Allocation Failure)  785628K->600986K(1005056K), 0.0218919 secs]
[GC (Allocation Failure)  863130K->676422K(1005056K), 0.0206776 secs]
[Full GC (Ergonomics)  676422K->378231K(1005056K), 0.0717068 secs]
[GC (Allocation Failure)  640375K->458800K(1005056K), 0.0151150 secs]
[GC (Allocation Failure)  720944K->534137K(1005056K), 0.0219184 secs]
[GC (Allocation Failure)  796281K->602450K(1005056K), 0.0205307 secs]
[GC (Allocation Failure)  864594K->676980K(1005056K), 0.0214707 secs]
[Full GC (Ergonomics)  676980K->388749K(1005056K), 0.0738750 secs]
[GC (Allocation Failure)  650893K->475034K(1005056K), 0.0162933 secs]
[GC (Allocation Failure)  737178K->545825K(1005056K), 0.0199907 secs]
[GC (Allocation Failure)  807969K->624610K(1005056K), 0.0217234 secs]
[GC (Allocation Failure)  886754K->697212K(1005056K), 0.0216269 secs]
[Full GC (Ergonomics)  697212K->382125K(1005056K), 0.0750753 secs]
[GC (Allocation Failure)  644269K->468295K(1005056K), 0.0157529 secs]
[GC (Allocation Failure)  730439K->544641K(1005056K), 0.0213415 secs]
[GC (Allocation Failure)  806785K->619240K(1005056K), 0.0212198 secs]
[GC (Allocation Failure)  881384K->696050K(1005056K), 0.0225975 secs]
[Full GC (Ergonomics)  696050K->378646K(1005056K), 0.0738509 secs]
[GC (Allocation Failure)  640790K->453617K(1005056K), 0.0141112 secs]
[GC (Allocation Failure)  715761K->530034K(1005056K), 0.0212290 secs]
[GC (Allocation Failure)  792178K->604673K(1005056K), 0.0201498 secs]
[GC (Allocation Failure)  866437K->674851K(1005056K), 0.0204372 secs]
[Full GC (Ergonomics)  674851K->371781K(1005056K), 0.0705355 secs]
[GC (Allocation Failure)  633925K->456921K(1005056K), 0.0154351 secs]
[GC (Allocation Failure)  719065K->528051K(1005056K), 0.0200736 secs]
[GC (Allocation Failure)  790195K->600275K(1005056K), 0.0206293 secs]
[GC (Allocation Failure)  862419K->671121K(1005056K), 0.0201238 secs]
[Full GC (Ergonomics)  671121K->373143K(1005056K), 0.0705242 secs]
[GC (Allocation Failure)  635287K->448522K(1005056K), 0.0155315 secs]
[GC (Allocation Failure)  710666K->513836K(1005056K), 0.0211394 secs]
[GC (Allocation Failure)  775980K->588852K(1005056K), 0.0221624 secs]
[GC (Allocation Failure)  850996K->669753K(1005056K), 0.0238030 secs]
[Full GC (Ergonomics)  669753K->376877K(1005056K), 0.0757550 secs]
[GC (Allocation Failure)  638960K->465070K(1005056K), 0.0168517 secs]
[GC (Allocation Failure)  727214K->536215K(1005056K), 0.0220374 secs]
[GC (Allocation Failure)  798359K->605302K(1005056K), 0.0202396 secs]
[GC (Allocation Failure)  867446K->690280K(1005056K), 0.0390644 secs]
[Full GC (Ergonomics)  690280K->387862K(1005056K), 0.0937290 secs]
[GC (Allocation Failure)  649325K->474386K(1005056K), 0.0154674 secs]
[GC (Allocation Failure)  736530K->547828K(1005056K), 0.0217267 secs]
[GC (Allocation Failure)  809972K->623455K(1005056K), 0.0213521 secs]
[GC (Allocation Failure)  885599K->688610K(1005056K), 0.0200577 secs]
[Full GC (Ergonomics)  688610K->379783K(1005056K), 0.0741537 secs]
[GC (Allocation Failure)  641927K->462918K(1005056K), 0.0172286 secs]
[GC (Allocation Failure)  725062K->535601K(1005056K), 0.0229788 secs]
[GC (Allocation Failure)  797745K->610509K(1005056K), 0.0219254 secs]
[GC (Allocation Failure)  872653K->693674K(1005056K), 0.0236640 secs]
[Full GC (Ergonomics)  693674K->390768K(1005056K), 0.0740834 secs]
[GC (Allocation Failure)  652912K->470999K(1005056K), 0.0158642 secs]
[GC (Allocation Failure)  733143K->546513K(1005056K), 0.0218773 secs]
[GC (Allocation Failure)  808657K->619489K(1005056K), 0.0444958 secs]
[GC (Allocation Failure)  881633K->687779K(1005056K), 0.0255328 secs]
[Full GC (Ergonomics)  687779K->366159K(1005056K), 0.0793461 secs]
[GC (Allocation Failure)  628276K->457252K(1005056K), 0.0171411 secs]
[GC (Allocation Failure)  719396K->527913K(1005056K), 0.0220223 secs]
[GC (Allocation Failure)  790057K->597852K(1005056K), 0.0218234 secs]
[GC (Allocation Failure)  859996K->665740K(1005056K), 0.0216644 secs]
[Full GC (Ergonomics)  665740K->353452K(1005056K), 0.0741011 secs]
[GC (Allocation Failure)  615596K->437106K(1005056K), 0.0160953 secs]
[GC (Allocation Failure)  699049K->508271K(1005056K), 0.0231043 secs]
[GC (Allocation Failure)  770415K->587879K(1005056K), 0.0230036 secs]
[GC (Allocation Failure)  850023K->671753K(1005056K), 0.0261383 secs]
[Full GC (Ergonomics)  671753K->381450K(1005056K), 0.0879765 secs]
[GC (Allocation Failure)  643594K->465225K(1005056K), 0.0181205 secs]
[GC (Allocation Failure)  727369K->539148K(1005056K), 0.0229276 secs]
[GC (Allocation Failure)  801292K->611537K(1005056K), 0.0266495 secs]
[GC (Allocation Failure)  873681K->682613K(1005056K), 0.0264685 secs]
[Full GC (Ergonomics)  682613K->384629K(1005056K), 0.0845461 secs]
[GC (Allocation Failure)  646773K->467122K(1005056K), 0.0183427 secs]
[GC (Allocation Failure)  729266K->542451K(1005056K), 0.0232914 secs]
[GC (Allocation Failure)  804595K->616791K(1005056K), 0.0227744 secs]
[GC (Allocation Failure)  878935K->679631K(1005056K), 0.0222452 secs]
[Full GC (Ergonomics)  679631K->382714K(1005056K), 0.0762169 secs]
[GC (Allocation Failure)  644858K->467874K(1005056K), 0.0160726 secs]
[GC (Allocation Failure)  730018K->543838K(1005056K), 0.0248874 secs]
[GC (Allocation Failure)  805982K->618422K(1005056K), 0.0242421 secs]
[GC (Allocation Failure)  880566K->693428K(1005056K), 0.0239673 secs]
[Full GC (Ergonomics)  693428K->391495K(1005056K), 0.0949149 secs]
[GC (Allocation Failure)  653639K->476106K(1005056K), 0.0180124 secs]
[GC (Allocation Failure)  738250K->546073K(1005056K), 0.0240173 secs]
[GC (Allocation Failure)  808217K->619280K(1005056K), 0.0243117 secs]
[GC (Allocation Failure)  881424K->694194K(1005056K), 0.0273524 secs]
[Full GC (Ergonomics)  694194K->380769K(1005056K), 0.0858675 secs]
[GC (Allocation Failure)  642913K->462809K(1005056K), 0.0163019 secs]
[GC (Allocation Failure)  724953K->532760K(1005056K), 0.0210912 secs]
[GC (Allocation Failure)  794904K->607052K(1005056K), 0.0244182 secs]
[GC (Allocation Failure)  869196K->678079K(1005056K), 0.0245751 secs]
[Full GC (Ergonomics)  678079K->372053K(1005056K), 0.0754201 secs]
[GC (Allocation Failure)  634197K->456469K(1005056K), 0.0167400 secs]
[GC (Allocation Failure)  718057K->526527K(1005056K), 0.0222192 secs]
[GC (Allocation Failure)  788671K->597770K(1005056K), 0.0228139 secs]
[GC (Allocation Failure)  859914K->660058K(1005056K), 0.0297591 secs]
[Full GC (Ergonomics)  660058K->357777K(1005056K), 0.0982062 secs]
[GC (Allocation Failure)  619921K->444420K(1005056K), 0.0186564 secs]
[GC (Allocation Failure)  706564K->508260K(1005056K), 0.0267074 secs]
[GC (Allocation Failure)  770404K->581021K(1005056K), 0.0335505 secs]
[GC (Allocation Failure)  843165K->653035K(1005056K), 0.0247454 secs]
[Full GC (Ergonomics)  653035K->364190K(1005056K), 0.0797340 secs]
[GC (Allocation Failure)  626334K->453700K(1005056K), 0.0181251 secs]
[GC (Allocation Failure)  715844K->526455K(1005056K), 0.0219827 secs]
[GC (Allocation Failure)  788599K->605657K(1005056K), 0.0265619 secs]
[GC (Allocation Failure)  867801K->682737K(1005056K), 0.0322173 secs]
[Full GC (Ergonomics)  682737K->379066K(1005056K), 0.0889286 secs]
[GC (Allocation Failure)  641210K->458780K(1005056K), 0.0157117 secs]
[GC (Allocation Failure)  720924K->523498K(1005056K), 0.0208932 secs]
[GC (Allocation Failure)  785642K->595938K(1005056K), 0.0210782 secs]
[GC (Allocation Failure)  858082K->672145K(1005056K), 0.0229304 secs]
[Full GC (Ergonomics)  672145K->372648K(1005056K), 0.0818596 secs]
[GC (Allocation Failure)  634792K->453770K(1005056K), 0.0198585 secs]
[GC (Allocation Failure)  715914K->518567K(1005056K), 0.0220989 secs]
[GC (Allocation Failure)  780711K->598351K(1005056K), 0.0257426 secs]
[GC (Allocation Failure)  860495K->681227K(1005056K), 0.0236004 secs]
[Full GC (Ergonomics)  681227K->385438K(1005056K), 0.0901204 secs]
[GC (Allocation Failure)  647582K->463195K(1005056K), 0.0134334 secs]
[GC (Allocation Failure)  725339K->538750K(1005056K), 0.0227629 secs]
[GC (Allocation Failure)  800894K->611023K(1005056K), 0.0201472 secs]
[GC (Allocation Failure)  873167K->686723K(1005056K), 0.0228157 secs]
[Full GC (Ergonomics)  686723K->384882K(1005056K), 0.0764456 secs]
[GC (Allocation Failure)  647026K->472930K(1005056K), 0.0160500 secs]
[GC (Allocation Failure)  735074K->545076K(1005056K), 0.0214020 secs]
执行结束!共生成对象次数:115252
