正在执行...timeInterval=10000
[GC (Allocation Failure)  1048576K->239699K(4019712K), 0.0530914 secs]
[GC (Allocation Failure)  1288275K->374954K(4019712K), 0.0599935 secs]
[GC (Allocation Failure)  1423530K->509465K(4019712K), 0.0653035 secs]
[GC (Allocation Failure)  1558041K->632177K(4019712K), 0.0580345 secs]
[GC (Allocation Failure)  1680753K->756999K(4019712K), 0.0583588 secs]
[GC (Allocation Failure)  1805575K->881034K(4019712K), 0.0546394 secs]
[GC (Allocation Failure)  1929610K->1006204K(4019712K), 0.0542277 secs]
[GC (Allocation Failure)  2054780K->1138789K(4019712K), 0.0618301 secs]
[GC (Allocation Failure)  2187365K->1264188K(4019712K), 0.0611057 secs]
[GC (Allocation Failure)  2312764K->1379090K(4019712K), 0.0720279 secs]
[GC (Allocation Failure)  2427666K->1502236K(4019712K), 0.0694704 secs]
[GC (Allocation Failure)  2550812K->1637248K(4019712K), 0.0749277 secs]
[GC (Allocation Failure)  2685824K->1748472K(4019712K), 0.0685136 secs]
[GC (Allocation Failure)  2797048K->1877427K(4019712K), 0.0782819 secs]
[GC (Allocation Failure)  2926003K->2006868K(4019712K), 0.2200913 secs]
[GC (Allocation Failure)  3055444K->2128646K(4019712K), 0.1880725 secs]
[GC (Allocation Failure)  3177222K->2263387K(4019712K), 0.1516727 secs]
[GC (Allocation Failure)  3311963K->2390657K(4019712K), 0.2373175 secs]
[GC (Allocation Failure)  3439233K->2515651K(4019712K), 0.4067296 secs]
[GC (Allocation Failure)  3564227K->2631082K(4019712K), 0.1883600 secs]
[GC (Allocation Failure)  3679658K->2759593K(4019712K), 0.6883135 secs]
[GC (Allocation Failure)  3808169K->2885972K(4019712K), 0.1146673 secs]
[Full GC (Ergonomics)  2885972K->372095K(4019712K), 1.4189576 secs]
执行结束!共生成对象次数:91029
