Н§н┌о┤лл...timeInterval=10000
[GC (Allocation Failure)  65536K->20462K(251392K), 0.0064192 secs]
[GC (Allocation Failure)  85998K->45966K(251392K), 0.0119612 secs]
[GC (Allocation Failure)  111340K->65354K(251392K), 0.0081707 secs]
[GC (Allocation Failure)  130890K->85522K(251392K), 0.0089135 secs]
[GC (Allocation Failure)  150906K->106386K(251392K), 0.0082770 secs]
[GC (Allocation Failure)  171412K->129931K(251392K), 0.0107722 secs]
[GC (Allocation Failure)  195449K->154242K(251392K), 0.0101839 secs]
[GC (Allocation Failure)  219778K->176558K(251392K), 0.0100574 secs]
[Full GC (Ergonomics)  176558K->147999K(251392K), 0.0338021 secs]
[Full GC (Ergonomics)  213170K->162982K(251392K), 0.0343575 secs]
[Full GC (Ergonomics)  228485K->175609K(251392K), 0.0368340 secs]
[Full GC (Ergonomics)  240632K->188085K(251392K), 0.0439873 secs]
[Full GC (Ergonomics)  240025K->197663K(251392K), 0.0533304 secs]
[Full GC (Ergonomics)  239594K->205885K(251392K), 0.0567645 secs]
[Full GC (Ergonomics)  240233K->209746K(251392K), 0.0529261 secs]
[Full GC (Ergonomics)  240344K->213535K(251392K), 0.0516738 secs]
[Full GC (Ergonomics)  240480K->217183K(251392K), 0.0378839 secs]
[Full GC (Ergonomics)  239748K->223058K(251392K), 0.0372100 secs]
[Full GC (Ergonomics)  239582K->225092K(251392K), 0.0405241 secs]
[Full GC (Ergonomics)  240012K->226318K(251392K), 0.0490981 secs]
[Full GC (Ergonomics)  240061K->231044K(251392K), 0.0493415 secs]
[Full GC (Ergonomics)  239735K->231786K(251392K), 0.0457388 secs]
[Full GC (Ergonomics)  240363K->231262K(251392K), 0.0340541 secs]
[Full GC (Ergonomics)  240351K->232955K(251392K), 0.0427191 secs]
[Full GC (Ergonomics)  240491K->233702K(251392K), 0.0395514 secs]
[Full GC (Ergonomics)  239985K->234122K(251392K), 0.0465016 secs]
[Full GC (Ergonomics)  240598K->234253K(251392K), 0.0446797 secs]
[Full GC (Ergonomics)  240140K->234405K(251392K), 0.0374051 secs]
[Full GC (Ergonomics)  240354K->234810K(251392K), 0.0344328 secs]
[Full GC (Ergonomics)  239941K->234299K(251392K), 0.0407604 secs]
[Full GC (Ergonomics)  240406K->235871K(251392K), 0.0282705 secs]
[Full GC (Ergonomics)  240378K->234943K(251392K), 0.0422649 secs]
[Full GC (Ergonomics)  240381K->236556K(251392K), 0.0122364 secs]
[Full GC (Ergonomics)  240173K->237007K(251392K), 0.0307990 secs]
[Full GC (Ergonomics)  239542K->237943K(251392K), 0.0022638 secs]
[Full GC (Ergonomics)  239970K->238807K(251392K), 0.0284480 secs]
[Full GC (Ergonomics)  240386K->239116K(251392K), 0.0195076 secs]
[Full GC (Ergonomics)  239982K->238972K(251392K), 0.0083214 secs]
[Full GC (Ergonomics)  240279K->238972K(251392K), 0.0018560 secs]
[Full GC (Ergonomics)  240282K->239012K(251392K), 0.0063771 secs]
[Full GC (Ergonomics)  240488K->239582K(251392K), 0.0254983 secs]
[Full GC (Allocation Failure)  239582K->239563K(251392K), 0.0194534 secs]
