正在执行...timeInterval=10000
[GC (Allocation Failure)  131482K->47062K(502784K), 0.0118307 secs]
[GC (Allocation Failure)  178646K->89576K(502784K), 0.0165564 secs]
[GC (Allocation Failure)  221160K->133835K(502784K), 0.0157786 secs]
[GC (Allocation Failure)  265069K->169561K(502784K), 0.0137884 secs]
[GC (Allocation Failure)  301145K->207435K(502784K), 0.0144011 secs]
[GC (Allocation Failure)  339019K->252769K(502784K), 0.0158445 secs]
[GC (Allocation Failure)  384353K->296447K(502784K), 0.0153763 secs]
[GC (Allocation Failure)  428031K->345069K(502784K), 0.0163945 secs]
[Full GC (Ergonomics)  345069K->243558K(502784K), 0.0472612 secs]
[GC (Allocation Failure)  375142K->282359K(502784K), 0.0073108 secs]
[GC (Allocation Failure)  413943K->318315K(502784K), 0.0100769 secs]
[Full GC (Ergonomics)  318315K->262563K(502784K), 0.0464987 secs]
[GC (Allocation Failure)  394114K->310243K(502784K), 0.0083446 secs]
[GC (Allocation Failure)  441827K->349423K(502784K), 0.0119251 secs]
[Full GC (Ergonomics)  349423K->281195K(502784K), 0.0536926 secs]
[GC (Allocation Failure)  412779K->325586K(502784K), 0.0087316 secs]
[Full GC (Ergonomics)  325586K->284408K(502784K), 0.0515528 secs]
[GC (Allocation Failure)  415855K->327784K(502784K), 0.0115377 secs]
[Full GC (Ergonomics)  327784K->299463K(502784K), 0.0811086 secs]
[Full GC (Ergonomics)  431047K->307693K(502784K), 0.0818115 secs]
[Full GC (Ergonomics)  439277K->312899K(502784K), 0.0690118 secs]
[Full GC (Ergonomics)  444483K->325182K(502784K), 0.0650948 secs]
[Full GC (Ergonomics)  456766K->331395K(502784K), 0.0603808 secs]
[Full GC (Ergonomics)  462961K->332198K(502784K), 0.0657176 secs]
[Full GC (Ergonomics)  463782K->335364K(502784K), 0.0629052 secs]
[Full GC (Ergonomics)  466657K->337406K(502784K), 0.0662648 secs]
[Full GC (Ergonomics)  468990K->340147K(502784K), 0.0650131 secs]
[Full GC (Ergonomics)  471430K->350307K(502784K), 0.0656471 secs]
[Full GC (Ergonomics)  481083K->344743K(502784K), 0.0701139 secs]
[Full GC (Ergonomics)  476327K->342587K(502784K), 0.0684471 secs]
[Full GC (Ergonomics)  474080K->346811K(502784K), 0.0632066 secs]
[Full GC (Ergonomics)  478193K->353692K(502784K), 0.0659406 secs]
[Full GC (Ergonomics)  480571K->358850K(502784K), 0.0680608 secs]
[Full GC (Ergonomics)  481137K->361002K(502784K), 0.0697123 secs]
[Full GC (Ergonomics)  480972K->358246K(502784K), 0.0669038 secs]
[Full GC (Ergonomics)  481245K->366952K(502784K), 0.0687092 secs]
[Full GC (Ergonomics)  481215K->371681K(502784K), 0.0719392 secs]
[Full GC (Ergonomics)  481026K->375646K(502784K), 0.0694424 secs]
[Full GC (Ergonomics)  480942K->378416K(502784K), 0.1226123 secs]
[Full GC (Ergonomics)  481023K->386377K(502784K), 0.1020424 secs]
[Full GC (Ergonomics)  481127K->388982K(502784K), 0.0908526 secs]
[Full GC (Ergonomics)  480513K->393711K(502784K), 0.0781919 secs]
[Full GC (Ergonomics)  481185K->394421K(502784K), 0.0822174 secs]
[Full GC (Ergonomics)  480874K->395298K(502784K), 0.0770012 secs]
[Full GC (Ergonomics)  481130K->388287K(502784K), 0.0740411 secs]
[Full GC (Ergonomics)  481129K->381041K(502784K), 0.0699203 secs]
[Full GC (Ergonomics)  480661K->377198K(502784K), 0.0779870 secs]
[Full GC (Ergonomics)  481109K->381735K(502784K), 0.0685371 secs]
[Full GC (Ergonomics)  481144K->375248K(502784K), 0.0680516 secs]
[Full GC (Ergonomics)  480953K->375558K(502784K), 0.0677832 secs]
[Full GC (Ergonomics)  481102K->374788K(502784K), 0.0704222 secs]
[Full GC (Ergonomics)  480899K->377402K(502784K), 0.0724537 secs]
[Full GC (Ergonomics)  480986K->379278K(502784K), 0.0693371 secs]
[Full GC (Ergonomics)  481097K->377128K(502784K), 0.0663185 secs]
[Full GC (Ergonomics)  481167K->381026K(502784K), 0.0687131 secs]
[Full GC (Ergonomics)  480881K->378193K(502784K), 0.0694058 secs]
[Full GC (Ergonomics)  480788K->378672K(502784K), 0.0697223 secs]
[Full GC (Ergonomics)  480829K->375535K(502784K), 0.0662769 secs]
[Full GC (Ergonomics)  481252K->373701K(502784K), 0.0662740 secs]
[Full GC (Ergonomics)  480890K->370099K(502784K), 0.0659123 secs]
[Full GC (Ergonomics)  481143K->375326K(502784K), 0.0678571 secs]
[Full GC (Ergonomics)  480846K->375642K(502784K), 0.0669814 secs]
[Full GC (Ergonomics)  480608K->370886K(502784K), 0.0670780 secs]
[Full GC (Ergonomics)  480704K->362526K(502784K), 0.0638831 secs]
[Full GC (Ergonomics)  480511K->373871K(502784K), 0.0668606 secs]
[Full GC (Ergonomics)  481002K->375065K(502784K), 0.0673832 secs]
[Full GC (Ergonomics)  481270K->374039K(502784K), 0.0662474 secs]
[Full GC (Ergonomics)  480952K->369752K(502784K), 0.0651981 secs]
[Full GC (Ergonomics)  480660K->368163K(502784K), 0.0650547 secs]
[Full GC (Ergonomics)  481039K->374003K(502784K), 0.0685820 secs]
[Full GC (Ergonomics)  480647K->373291K(502784K), 0.0671820 secs]
[Full GC (Ergonomics)  480392K->373875K(502784K), 0.0715840 secs]
[Full GC (Ergonomics)  481225K->372854K(502784K), 0.0667196 secs]
[Full GC (Ergonomics)  481042K->375098K(502784K), 0.0677548 secs]
[Full GC (Ergonomics)  481183K->379096K(502784K), 0.0674179 secs]
[Full GC (Ergonomics)  480985K->380965K(502784K), 0.0676053 secs]
[Full GC (Ergonomics)  481174K->383346K(502784K), 0.0684406 secs]
[Full GC (Ergonomics)  480868K->379986K(502784K), 0.0689132 secs]
[Full GC (Ergonomics)  481006K->383961K(502784K), 0.0680955 secs]
[Full GC (Ergonomics)  480714K->389515K(502784K), 0.0703360 secs]
[Full GC (Ergonomics)  481006K->383649K(502784K), 0.0662008 secs]
[Full GC (Ergonomics)  480793K->384801K(502784K), 0.0718175 secs]
[Full GC (Ergonomics)  481144K->379117K(502784K), 0.0700210 secs]
[Full GC (Ergonomics)  480907K->381331K(502784K), 0.0680705 secs]
[Full GC (Ergonomics)  481265K->381369K(502784K), 0.0670058 secs]
[Full GC (Ergonomics)  480775K->375889K(502784K), 0.0655867 secs]
[Full GC (Ergonomics)  480608K->379662K(502784K), 0.0678530 secs]
[Full GC (Ergonomics)  480774K->380233K(502784K), 0.0675384 secs]
[Full GC (Ergonomics)  481119K->373249K(502784K), 0.0716594 secs]
[Full GC (Ergonomics)  481218K->367297K(502784K), 0.0740333 secs]
[Full GC (Ergonomics)  481221K->367275K(502784K), 0.0657730 secs]
[Full GC (Ergonomics)  480795K->364769K(502784K), 0.0645421 secs]
[Full GC (Ergonomics)  481215K->365382K(502784K), 0.0638739 secs]
[Full GC (Ergonomics)  480361K->368939K(502784K), 0.0702997 secs]
[Full GC (Ergonomics)  480491K->370208K(502784K), 0.0741294 secs]
[Full GC (Ergonomics)  481216K->366501K(502784K), 0.0641440 secs]
[Full GC (Ergonomics)  480562K->367531K(502784K), 0.0654532 secs]
[Full GC (Ergonomics)  480930K->366803K(502784K), 0.0677112 secs]
[Full GC (Ergonomics)  480915K->370151K(502784K), 0.0723126 secs]
[Full GC (Ergonomics)  481221K->371350K(502784K), 0.0643123 secs]
[Full GC (Ergonomics)  480668K->371813K(502784K), 0.0674592 secs]
[Full GC (Ergonomics)  480936K->369427K(502784K), 0.0723993 secs]
[Full GC (Ergonomics)  481244K->367473K(502784K), 0.0643682 secs]
[Full GC (Ergonomics)  481227K->369150K(502784K), 0.0670756 secs]
[Full GC (Ergonomics)  481043K->370910K(502784K), 0.0703629 secs]
[Full GC (Ergonomics)  481186K->369372K(502784K), 0.0645797 secs]
[Full GC (Ergonomics)  481191K->374171K(502784K), 0.0660628 secs]
[Full GC (Ergonomics)  481110K->370026K(502784K), 0.0704562 secs]
[Full GC (Ergonomics)  481153K->370332K(502784K), 0.0659326 secs]
[Full GC (Ergonomics)  481071K->369624K(502784K), 0.0661097 secs]
[Full GC (Ergonomics)  480471K->366223K(502784K), 0.0645081 secs]
[Full GC (Ergonomics)  480663K->369203K(502784K), 0.0648357 secs]
[Full GC (Ergonomics)  480998K->366705K(502784K), 0.0659788 secs]
[Full GC (Ergonomics)  481035K->368831K(502784K), 0.0649899 secs]
[Full GC (Ergonomics)  481010K->369111K(502784K), 0.0656962 secs]
[Full GC (Ergonomics)  481179K->369430K(502784K), 0.0659912 secs]
[Full GC (Ergonomics)  480913K->360076K(502784K), 0.0629561 secs]
[Full GC (Ergonomics)  481270K->359474K(502784K), 0.0643755 secs]
[Full GC (Ergonomics)  481213K->361103K(502784K), 0.0642899 secs]
[Full GC (Ergonomics)  480298K->361596K(502784K), 0.0698092 secs]
[Full GC (Ergonomics)  480726K->367824K(502784K), 0.0639061 secs]
[Full GC (Ergonomics)  481064K->371325K(502784K), 0.0659390 secs]
[Full GC (Ergonomics)  481054K->375073K(502784K), 0.0716580 secs]
[Full GC (Ergonomics)  480564K->372940K(502784K), 0.0702719 secs]
[Full GC (Ergonomics)  480464K->378312K(502784K), 0.0687130 secs]
执行结束!共生成对象次数:51406
