正在执行...timeInterval=10000
[GC (Allocation Failure)  524800K->143906K(2010112K), 0.0286727 secs]
[GC (Allocation Failure)  668706K->255430K(2010112K), 0.0403076 secs]
[GC (Allocation Failure)  779676K->363335K(2010112K), 0.0363125 secs]
[GC (Allocation Failure)  888135K->474483K(2010112K), 0.0379509 secs]
[GC (Allocation Failure)  999283K->583688K(2010112K), 0.0368112 secs]
[GC (Allocation Failure)  1108488K->703593K(2010112K), 0.0386408 secs]
[GC (Allocation Failure)  1228393K->816494K(2010112K), 0.0398351 secs]
[GC (Allocation Failure)  1341294K->938577K(2010112K), 0.0406802 secs]
[GC (Allocation Failure)  1463377K->1051673K(2010112K), 0.0383411 secs]
[GC (Allocation Failure)  1576473K->1159024K(2010112K), 0.0372962 secs]
[GC (Allocation Failure)  1683824K->1276165K(2010112K), 0.0394467 secs]
[GC (Allocation Failure)  1800965K->1386004K(2010112K), 0.0424861 secs]
[Full GC (Ergonomics)  1386004K->377270K(2010112K), 0.0838054 secs]
[GC (Allocation Failure)  902070K->519247K(2010112K), 0.0258180 secs]
[GC (Allocation Failure)  1044047K->637997K(2010112K), 0.0372293 secs]
[GC (Allocation Failure)  1162797K->755806K(2010112K), 0.0427980 secs]
[GC (Allocation Failure)  1280606K->879518K(2010112K), 0.0438286 secs]
[GC (Allocation Failure)  1404318K->1000799K(2010112K), 0.0368039 secs]
[GC (Allocation Failure)  1525599K->1112436K(2010112K), 0.0341273 secs]
[GC (Allocation Failure)  1637236K->1228584K(2010112K), 0.0354542 secs]
[GC (Allocation Failure)  1753384K->1335683K(2010112K), 0.0342688 secs]
[GC (Allocation Failure)  1860483K->1446740K(2010112K), 0.0386007 secs]
[Full GC (Ergonomics)  1446740K->367665K(2010112K), 0.0841246 secs]
[GC (Allocation Failure)  892465K->518479K(2010112K), 0.0301083 secs]
[GC (Allocation Failure)  1043279K->634326K(2010112K), 0.0409171 secs]
[GC (Allocation Failure)  1159126K->743528K(2010112K), 0.0338374 secs]
[GC (Allocation Failure)  1268328K->857171K(2010112K), 0.0396892 secs]
[GC (Allocation Failure)  1381971K->970861K(2010112K), 0.0437958 secs]
[GC (Allocation Failure)  1495661K->1083221K(2010112K), 0.0427806 secs]
[GC (Allocation Failure)  1608021K->1192485K(2010112K), 0.0366694 secs]
[GC (Allocation Failure)  1717285K->1309201K(2010112K), 0.0369115 secs]
[GC (Allocation Failure)  1834001K->1426226K(2010112K), 0.0397529 secs]
[Full GC (Ergonomics)  1426226K->382798K(2010112K), 0.0837944 secs]
[GC (Allocation Failure)  907598K->520424K(2010112K), 0.0259374 secs]
[GC (Allocation Failure)  1045224K->636939K(2010112K), 0.0361598 secs]
[GC (Allocation Failure)  1161739K->760268K(2010112K), 0.0360598 secs]
[GC (Allocation Failure)  1285068K->874069K(2010112K), 0.0356116 secs]
[GC (Allocation Failure)  1398869K->986632K(2010112K), 0.0354639 secs]
[GC (Allocation Failure)  1511432K->1107214K(2010112K), 0.0365238 secs]
[GC (Allocation Failure)  1632014K->1211715K(2010112K), 0.0357935 secs]
[GC (Allocation Failure)  1736515K->1315979K(2010112K), 0.0369649 secs]
[GC (Allocation Failure)  1840779K->1413248K(2010112K), 0.0326510 secs]
[Full GC (Ergonomics)  1413248K->360534K(2010112K), 0.0689621 secs]
[GC (Allocation Failure)  885334K->521509K(2010112K), 0.0280998 secs]
[GC (Allocation Failure)  1046309K->633015K(2010112K), 0.0352314 secs]
[GC (Allocation Failure)  1157612K->741895K(2010112K), 0.0338350 secs]
[GC (Allocation Failure)  1266695K->854003K(2010112K), 0.0343799 secs]
[GC (Allocation Failure)  1378803K->967382K(2010112K), 0.0348505 secs]
[GC (Allocation Failure)  1492182K->1087506K(2010112K), 0.0359844 secs]
[GC (Allocation Failure)  1612306K->1201665K(2010112K), 0.0351051 secs]
[GC (Allocation Failure)  1726465K->1310924K(2010112K), 0.0358602 secs]
[GC (Allocation Failure)  1835724K->1422112K(2010112K), 0.0356293 secs]
[Full GC (Ergonomics)  1422112K->379491K(2010112K), 0.0777081 secs]
[GC (Allocation Failure)  904291K->527692K(2010112K), 0.0264902 secs]
[GC (Allocation Failure)  1052492K->652303K(2010112K), 0.0368632 secs]
[GC (Allocation Failure)  1177103K->766920K(2010112K), 0.0346634 secs]
[GC (Allocation Failure)  1291720K->887455K(2010112K), 0.0360363 secs]
[GC (Allocation Failure)  1412255K->993172K(2010112K), 0.0377063 secs]
[GC (Allocation Failure)  1517972K->1103117K(2010112K), 0.0377981 secs]
[GC (Allocation Failure)  1627917K->1214344K(2010112K), 0.0350535 secs]
[GC (Allocation Failure)  1739144K->1328055K(2010112K), 0.0388579 secs]
[GC (Allocation Failure)  1852855K->1444829K(2010112K), 0.0400473 secs]
[Full GC (Ergonomics)  1444829K->382584K(2010112K), 0.0904508 secs]
[GC (Allocation Failure)  907384K->538717K(2010112K), 0.0297423 secs]
[GC (Allocation Failure)  1063517K->659210K(2010112K), 0.0377991 secs]
[GC (Allocation Failure)  1184010K->772004K(2010112K), 0.0352686 secs]
[GC (Allocation Failure)  1296804K->884801K(2010112K), 0.0417482 secs]
[GC (Allocation Failure)  1409601K->1004129K(2010112K), 0.0386601 secs]
[GC (Allocation Failure)  1528929K->1117012K(2010112K), 0.0404700 secs]
[GC (Allocation Failure)  1641166K->1227855K(2010112K), 0.0377633 secs]
[GC (Allocation Failure)  1752655K->1345810K(2010112K), 0.0402058 secs]
[GC (Allocation Failure)  1870610K->1455127K(2010112K), 0.0375155 secs]
[Full GC (Ergonomics)  1455127K->385777K(2010112K), 0.0851249 secs]
[GC (Allocation Failure)  910577K->535616K(2010112K), 0.0280998 secs]
[GC (Allocation Failure)  1060416K->641334K(2010112K), 0.0356760 secs]
[GC (Allocation Failure)  1166134K->749833K(2010112K), 0.0394135 secs]
[GC (Allocation Failure)  1274633K->869895K(2010112K), 0.0412383 secs]
[GC (Allocation Failure)  1394695K->982744K(2010112K), 0.0395051 secs]
[GC (Allocation Failure)  1507544K->1098191K(2010112K), 0.0371482 secs]
[GC (Allocation Failure)  1622991K->1205345K(2010112K), 0.0378480 secs]
[GC (Allocation Failure)  1730145K->1321926K(2010112K), 0.0444558 secs]
[GC (Allocation Failure)  1846726K->1440648K(2010112K), 0.0388888 secs]
[Full GC (Ergonomics)  1440648K->385015K(2010112K), 0.0840194 secs]
[GC (Allocation Failure)  909815K->540500K(2010112K), 0.0264224 secs]
[GC (Allocation Failure)  1065300K->661991K(2010112K), 0.0370935 secs]
[GC (Allocation Failure)  1186791K->781770K(2010112K), 0.0378314 secs]
[GC (Allocation Failure)  1306570K->891431K(2010112K), 0.0368386 secs]
执行结束!共生成对象次数:158682
