正在执行...timeInterval=10000
[GC (Allocation Failure)  139776K->46671K(506816K), 0.0207339 secs]
[GC (Allocation Failure)  186375K->94605K(506816K), 0.0286484 secs]
[GC (Allocation Failure)  233688K->132439K(506816K), 0.0198646 secs]
[GC (Allocation Failure)  272215K->174447K(506816K), 0.0224085 secs]
[GC (Allocation Failure)  314113K->220414K(506816K), 0.0240383 secs]
[GC (Allocation Failure)  360190K->261362K(506816K), 0.0217196 secs]
[GC (Allocation Failure)  400419K->308982K(506816K), 0.0245751 secs]
[GC (Allocation Failure)  448606K->351465K(506816K), 0.0232598 secs]
[Full GC (Allocation Failure)  491034K->280269K(506816K), 0.0539539 secs]
[GC (Allocation Failure)  420045K->324142K(506816K), 0.0111489 secs]
[Full GC (Allocation Failure)  463918K->300963K(506816K), 0.0568007 secs]
[GC (Allocation Failure)  440739K->346497K(506816K), 0.0107126 secs]
[Full GC (Allocation Failure)  486273K->330427K(506816K), 0.0631354 secs]
[Full GC (Allocation Failure)  470203K->317365K(506816K), 0.0649567 secs]
[Full GC (Allocation Failure)  457141K->339780K(506816K), 0.0451677 secs]
[Full GC (Allocation Failure)  479556K->348559K(506816K), 0.0586266 secs]
[Full GC (Allocation Failure)  488335K->351286K(506816K), 0.0561748 secs]
[Full GC (Allocation Failure)  505994K->342753K(506816K), 0.0572747 secs]
[Full GC (Allocation Failure)  482489K->358663K(506816K), 0.0460555 secs]
[Full GC (Allocation Failure)  506434K->366096K(506816K), 0.0577972 secs]
[Full GC (Allocation Failure)  506727K->371887K(506816K), 0.0572171 secs]
[Full GC (Allocation Failure)  506038K->356277K(506816K), 0.0637783 secs]
[Full GC (Allocation Failure)  506783K->372994K(506816K), 0.0498683 secs]
[Full GC (Allocation Failure)  506496K->376822K(506816K), 0.0561833 secs]
[Full GC (Allocation Failure)  506745K->379638K(506816K), 0.0582470 secs]
[Full GC (Allocation Failure)  506698K->360927K(506816K), 0.0727147 secs]
[Full GC (Allocation Failure)  506643K->375292K(506816K), 0.0537632 secs]
[Full GC (Allocation Failure)  506606K->373656K(506816K), 0.0706831 secs]
[Full GC (Allocation Failure)  506790K->380553K(506816K), 0.0883757 secs]
[Full GC (Allocation Failure)  506707K->366076K(506816K), 0.0822636 secs]
[Full GC (Allocation Failure)  506780K->386174K(506816K), 0.0521506 secs]
[Full GC (Allocation Failure)  506491K->382956K(506816K), 0.0653926 secs]
[Full GC (Allocation Failure)  506810K->373694K(506816K), 0.0664818 secs]
[Full GC (Allocation Failure)  506440K->350218K(506816K), 0.0637711 secs]
[Full GC (Allocation Failure)  506467K->375103K(506816K), 0.0409143 secs]
[Full GC (Allocation Failure)  506618K->377963K(506816K), 0.0588857 secs]
[Full GC (Allocation Failure)  506576K->381090K(506816K), 0.0604807 secs]
[Full GC (Allocation Failure)  506798K->369441K(506816K), 0.0708568 secs]
[Full GC (Allocation Failure)  506669K->383316K(506816K), 0.0547678 secs]
[Full GC (Allocation Failure)  506810K->386121K(506816K), 0.0607969 secs]
[Full GC (Allocation Failure)  506645K->382299K(506816K), 0.0652462 secs]
[Full GC (Allocation Failure)  506365K->362253K(506816K), 0.0678167 secs]
[Full GC (Allocation Failure)  506021K->386308K(506816K), 0.0616795 secs]
[Full GC (Allocation Failure)  506690K->391395K(506816K), 0.0828149 secs]
[Full GC (Allocation Failure)  506805K->388546K(506816K), 0.0690337 secs]
[Full GC (Allocation Failure)  506578K->370907K(506816K), 0.0755067 secs]
[Full GC (Allocation Failure)  506606K->387670K(506816K), 0.0577984 secs]
[Full GC (Allocation Failure)  506660K->390677K(506816K), 0.0639630 secs]
[Full GC (Allocation Failure)  506309K->390930K(506816K), 0.0673791 secs]
[Full GC (Allocation Failure)  506231K->376269K(506816K), 0.0711487 secs]
[Full GC (Allocation Failure)  506550K->394532K(506816K), 0.0480577 secs]
[Full GC (Allocation Failure)  506705K->390025K(506816K), 0.0493884 secs]
[Full GC (Allocation Failure)  506631K->390297K(506816K), 0.0544282 secs]
[Full GC (Allocation Failure)  506744K->368550K(506816K), 0.0652955 secs]
[Full GC (Allocation Failure)  506413K->385258K(506816K), 0.0468648 secs]
[Full GC (Allocation Failure)  506561K->386735K(506816K), 0.0616239 secs]
[Full GC (Allocation Failure)  506699K->382876K(506816K), 0.0666444 secs]
[Full GC (Allocation Failure)  506148K->368756K(506816K), 0.0715738 secs]
[Full GC (Allocation Failure)  505966K->390601K(506816K), 0.0403819 secs]
[Full GC (Allocation Failure)  506694K->395423K(506816K), 0.0525744 secs]
[Full GC (Allocation Failure)  506556K->394753K(506816K), 0.0584378 secs]
[Full GC (Allocation Failure)  506685K->379932K(506816K), 0.0799386 secs]
[Full GC (Allocation Failure)  506622K->403876K(506816K), 0.0410881 secs]
[Full GC (Allocation Failure)  506288K->396599K(506816K), 0.0484144 secs]
[Full GC (Allocation Failure)  506559K->391727K(506816K), 0.0625582 secs]
[Full GC (Allocation Failure)  506781K->378139K(506816K), 0.0754302 secs]
[Full GC (Allocation Failure)  506535K->403892K(506816K), 0.0467659 secs]
[Full GC (Allocation Failure)  506682K->405509K(506816K), 0.0511337 secs]
[Full GC (Allocation Failure)  506602K->407501K(506816K), 0.0561068 secs]
[Full GC (Allocation Failure)  506792K->399191K(506816K), 0.0664772 secs]
[Full GC (Allocation Failure)  506790K->407231K(506816K), 0.0384946 secs]
[Full GC (Allocation Failure)  506805K->407575K(506816K), 0.0497915 secs]
[Full GC (Allocation Failure)  506601K->403917K(506816K), 0.0568134 secs]
[Full GC (Allocation Failure)  506212K->382985K(506816K), 0.0645343 secs]
[Full GC (Allocation Failure)  506646K->398633K(506816K), 0.0469329 secs]
[Full GC (Allocation Failure)  506791K->397478K(506816K), 0.0506632 secs]
[Full GC (Allocation Failure)  506405K->390686K(506816K), 0.0567616 secs]
[Full GC (Allocation Failure)  506646K->371384K(506816K), 0.0650739 secs]
[Full GC (Allocation Failure)  506129K->389363K(506816K), 0.0429687 secs]
[Full GC (Allocation Failure)  506748K->391803K(506816K), 0.0549861 secs]
[Full GC (Allocation Failure)  506706K->391885K(506816K), 0.0589942 secs]
[Full GC (Allocation Failure)  506323K->373669K(506816K), 0.0711563 secs]
[Full GC (Allocation Failure)  506265K->389840K(506816K), 0.0479325 secs]
[Full GC (Allocation Failure)  506682K->385066K(506816K), 0.0585604 secs]
[Full GC (Allocation Failure)  506726K->376001K(506816K), 0.0604522 secs]
[Full GC (Allocation Failure)  506114K->360329K(506816K), 0.0648898 secs]
[Full GC (Allocation Failure)  506423K->376213K(506816K), 0.0473501 secs]
[Full GC (Allocation Failure)  506515K->372488K(506816K), 0.0543660 secs]
[Full GC (Allocation Failure)  506594K->376027K(506816K), 0.0578558 secs]
[Full GC (Allocation Failure)  506764K->364359K(506816K), 0.0682303 secs]
[Full GC (Allocation Failure)  506534K->379668K(506816K), 0.0448204 secs]
[Full GC (Allocation Failure)  506574K->381068K(506816K), 0.0562166 secs]
[Full GC (Allocation Failure)  506538K->386154K(506816K), 0.0623636 secs]
[Full GC (Allocation Failure)  506115K->366865K(506816K), 0.0671933 secs]
[Full GC (Allocation Failure)  506677K->382609K(506816K), 0.0479979 secs]
[Full GC (Allocation Failure)  506651K->388842K(506816K), 0.0550922 secs]
[Full GC (Allocation Failure)  506751K->391014K(506816K), 0.0757640 secs]
[Full GC (Allocation Failure)  506762K->372865K(506816K), 0.0808847 secs]
[Full GC (Allocation Failure)  506675K->396862K(506816K), 0.0426137 secs]
[Full GC (Allocation Failure)  506811K->398235K(506816K), 0.0553454 secs]
[Full GC (Allocation Failure)  506769K->393172K(506816K), 0.0639586 secs]
[Full GC (Allocation Failure)  506289K->368838K(506816K), 0.0705636 secs]
[Full GC (Allocation Failure)  506719K->393995K(506816K), 0.0480043 secs]
[Full GC (Allocation Failure)  506604K->388977K(506816K), 0.0585671 secs]
[Full GC (Allocation Failure)  506711K->390468K(506816K), 0.0623149 secs]
[Full GC (Allocation Failure)  506615K->366354K(506816K), 0.0800957 secs]
[Full GC (Allocation Failure)  506608K->389398K(506816K), 0.0457954 secs]
[Full GC (Allocation Failure)  506546K->398514K(506816K), 0.0593456 secs]
[Full GC (Allocation Failure)  506770K->396727K(506816K), 0.0647023 secs]
[Full GC (Allocation Failure)  506413K->383542K(506816K), 0.0720481 secs]
[Full GC (Allocation Failure)  506790K->402890K(506816K), 0.0447211 secs]
[Full GC (Allocation Failure)  506705K->407883K(506816K), 0.0586346 secs]
[Full GC (Allocation Failure)  506693K->406886K(506816K), 0.0591413 secs]
[Full GC (Allocation Failure)  506782K->393491K(506816K), 0.0695777 secs]
[Full GC (Allocation Failure)  506478K->412469K(506816K), 0.0450509 secs]
[Full GC (Allocation Failure)  506521K->411811K(506816K), 0.0654597 secs]
[Full GC (Allocation Failure)  506695K->413571K(506816K), 0.0627533 secs]
[Full GC (Allocation Failure)  506723K->398894K(506816K), 0.0736453 secs]
[Full GC (Allocation Failure)  506648K->415837K(506816K), 0.0424235 secs]
[Full GC (Allocation Failure)  506380K->415656K(506816K), 0.0552412 secs]
[Full GC (Allocation Failure)  506608K->411529K(506816K), 0.0545308 secs]
[Full GC (Allocation Failure)  506776K->394977K(506816K), 0.0648745 secs]
[Full GC (Allocation Failure)  506709K->409225K(506816K), 0.0396532 secs]
[Full GC (Allocation Failure)  506811K->406328K(506816K), 0.0549075 secs]
[Full GC (Allocation Failure)  506452K->400660K(506816K), 0.0554717 secs]
[Full GC (Allocation Failure)  506662K->389261K(506816K), 0.0645537 secs]
[Full GC (Allocation Failure)  506414K->403009K(506816K), 0.0394541 secs]
[Full GC (Allocation Failure)  506730K->401600K(506816K), 0.0496566 secs]
[Full GC (Allocation Failure)  506671K->400969K(506816K), 0.0545456 secs]
[Full GC (Allocation Failure)  505792K->379832K(506816K), 0.0775039 secs]
[Full GC (Allocation Failure)  506485K->400081K(506816K), 0.0601677 secs]
[Full GC (Allocation Failure)  506291K->399552K(506816K), 0.0629246 secs]
[Full GC (Allocation Failure)  506553K->395544K(506816K), 0.0609417 secs]
执行结束!共生成对象次数:61502
