正在执行...timeInterval=10000
[GC (Allocation Failure)  1118528K->244322K(4054528K), 0.1237149 secs]
[GC (Allocation Failure)  1362850K->393447K(4054528K), 0.1529525 secs]
[GC (Allocation Failure)  1511975K->557335K(4054528K), 0.1212998 secs]
[GC (Allocation Failure)  1675863K->716001K(4054528K), 0.1155581 secs]
[GC (Allocation Failure)  1834529K->879285K(4054528K), 0.1238032 secs]
[GC (Allocation Failure)  1997813K->1034419K(4054528K), 0.1547419 secs]
[GC (Allocation Failure)  2152947K->1182259K(4054528K), 0.1279405 secs]
[GC (Allocation Failure)  2300787K->1333007K(4054528K), 0.1098677 secs]
[GC (Allocation Failure)  2451535K->1490440K(4054528K), 0.1096915 secs]
[GC (Allocation Failure)  2608968K->1634182K(4054528K), 0.1056923 secs]
[GC (Allocation Failure)  2752710K->1798443K(4054528K), 0.2057812 secs]
[GC (Allocation Failure)  2916971K->1949071K(4054528K), 0.1328830 secs]
[GC (Allocation Failure)  3067599K->2105938K(4054528K), 0.1356282 secs]
[GC (Allocation Failure)  3224466K->2248252K(4054528K), 0.1303057 secs]
[GC (Allocation Failure)  3366780K->2409225K(4054528K), 0.2625789 secs]
[GC (Allocation Failure)  3527753K->2558596K(4054528K), 0.1448560 secs]
[GC (Allocation Failure)  3677124K->2709092K(4054528K), 0.1519673 secs]
[GC (Allocation Failure)  3827620K->2864397K(4054528K), 0.1524055 secs]
[Full GC (Allocation Failure)  3982925K->474727K(4054528K), 0.4503306 secs]
[GC (Allocation Failure)  1593255K->714437K(4054528K), 0.0887218 secs]
[GC (Allocation Failure)  1832965K->858121K(4054528K), 0.1982668 secs]
[GC (Allocation Failure)  1976649K->1002948K(4054528K), 0.1478720 secs]
[GC (Allocation Failure)  2121476K->1164594K(4054528K), 0.2049352 secs]
[GC (Allocation Failure)  2283122K->1322740K(4054528K), 0.1785805 secs]
[GC (Allocation Failure)  2441268K->1469781K(4054528K), 0.1409136 secs]
[GC (Allocation Failure)  2588309K->1620067K(4054528K), 0.1789341 secs]
执行结束!共生成对象次数:113638
