正在执行...timeInterval=10000
[GC (Allocation Failure)  559232K->157938K(2027264K), 0.0711937 secs]
[GC (Allocation Failure)  717170K->282669K(2027264K), 0.0888285 secs]
[GC (Allocation Failure)  841901K->419641K(2027264K), 0.1000032 secs]
[GC (Allocation Failure)  978873K->538979K(2027264K), 0.0871192 secs]
[GC (Allocation Failure)  1098211K->655116K(2027264K), 0.0629036 secs]
[GC (Allocation Failure)  1214348K->779516K(2027264K), 0.0661705 secs]
[GC (Allocation Failure)  1338748K->901728K(2027264K), 0.0679623 secs]
[GC (Allocation Failure)  1460960K->1033588K(2027264K), 0.0694246 secs]
[GC (Allocation Failure)  1592820K->1156582K(2027264K), 0.0769164 secs]
[GC (Allocation Failure)  1715814K->1279535K(2027264K), 0.0825536 secs]
[GC (Allocation Failure)  1838767K->1409870K(2027264K), 0.0839177 secs]
[Full GC (Allocation Failure)  1968712K->449692K(2027264K), 0.0914324 secs]
[GC (Allocation Failure)  1008924K->610577K(2027264K), 0.0397040 secs]
[GC (Allocation Failure)  1169809K->722119K(2027264K), 0.0431793 secs]
[GC (Allocation Failure)  1281351K->859162K(2027264K), 0.0485413 secs]
[GC (Allocation Failure)  1418394K->985991K(2027264K), 0.0406650 secs]
[GC (Allocation Failure)  1545223K->1103000K(2027264K), 0.0422752 secs]
[GC (Allocation Failure)  1662232K->1219935K(2027264K), 0.0464050 secs]
[GC (Allocation Failure)  1779167K->1351193K(2027264K), 0.0370401 secs]
[Full GC (Allocation Failure)  1910425K->446470K(2027264K), 0.0734735 secs]
[GC (Allocation Failure)  1005702K->599193K(2027264K), 0.0288216 secs]
[GC (Allocation Failure)  1158425K->727530K(2027264K), 0.0374967 secs]
[GC (Allocation Failure)  1286762K->856805K(2027264K), 0.0380088 secs]
[GC (Allocation Failure)  1416037K->985122K(2027264K), 0.0382732 secs]
[GC (Allocation Failure)  1544354K->1116743K(2027264K), 0.0367211 secs]
[GC (Allocation Failure)  1675975K->1246328K(2027264K), 0.0345008 secs]
[GC (Allocation Failure)  1805560K->1370887K(2027264K), 0.0340076 secs]
[Full GC (Allocation Failure)  1930119K->448032K(2027264K), 0.0667271 secs]
[GC (Allocation Failure)  1007032K->604552K(2027264K), 0.0268497 secs]
[GC (Allocation Failure)  1163784K->729583K(2027264K), 0.0333672 secs]
[GC (Allocation Failure)  1288815K->832005K(2027264K), 0.0293143 secs]
[GC (Allocation Failure)  1391237K->959313K(2027264K), 0.0355375 secs]
[GC (Allocation Failure)  1518545K->1081833K(2027264K), 0.0408925 secs]
[GC (Allocation Failure)  1641065K->1205311K(2027264K), 0.0568835 secs]
[GC (Allocation Failure)  1764543K->1332539K(2027264K), 0.0534556 secs]
[Full GC (Allocation Failure)  1891771K->376464K(2027264K), 0.0898954 secs]
[GC (Allocation Failure)  935696K->528089K(2027264K), 0.0337629 secs]
[GC (Allocation Failure)  1087321K->647928K(2027264K), 0.0346286 secs]
[GC (Allocation Failure)  1207160K->777355K(2027264K), 0.0390899 secs]
[GC (Allocation Failure)  1336587K->894765K(2027264K), 0.0334193 secs]
[GC (Allocation Failure)  1453997K->1021801K(2027264K), 0.0388536 secs]
[GC (Allocation Failure)  1581033K->1150144K(2027264K), 0.0330451 secs]
[GC (Allocation Failure)  1709376K->1271119K(2027264K), 0.0316687 secs]
[GC (Allocation Failure)  1830351K->1403275K(2027264K), 0.0388567 secs]
[Full GC (Allocation Failure)  1962507K->419154K(2027264K), 0.0640612 secs]
[GC (Allocation Failure)  978386K->557051K(2027264K), 0.0230969 secs]
[GC (Allocation Failure)  1116283K->684079K(2027264K), 0.0333535 secs]
[GC (Allocation Failure)  1243311K->810894K(2027264K), 0.0330437 secs]
[GC (Allocation Failure)  1370126K->952430K(2027264K), 0.0356169 secs]
[GC (Allocation Failure)  1511662K->1081922K(2027264K), 0.0367441 secs]
[GC (Allocation Failure)  1641154K->1209095K(2027264K), 0.0369173 secs]
[GC (Allocation Failure)  1768327K->1328778K(2027264K), 0.0342949 secs]
[Full GC (Allocation Failure)  1888010K->442914K(2027264K), 0.0771465 secs]
[GC (Allocation Failure)  1002146K->593658K(2027264K), 0.0276882 secs]
[GC (Allocation Failure)  1152890K->715541K(2027264K), 0.0340845 secs]
[GC (Allocation Failure)  1274773K->838367K(2027264K), 0.0347908 secs]
[GC (Allocation Failure)  1397599K->968056K(2027264K), 0.0361428 secs]
[GC (Allocation Failure)  1527288K->1101308K(2027264K), 0.0364944 secs]
[GC (Allocation Failure)  1660159K->1232665K(2027264K), 0.0375974 secs]
[GC (Allocation Failure)  1791897K->1353612K(2027264K), 0.0349088 secs]
[Full GC (Allocation Failure)  1912844K->384091K(2027264K), 0.0688413 secs]
[GC (Allocation Failure)  943323K->537298K(2027264K), 0.0262388 secs]
[GC (Allocation Failure)  1096530K->657528K(2027264K), 0.0415176 secs]
[GC (Allocation Failure)  1216760K->774146K(2027264K), 0.0357765 secs]
[GC (Allocation Failure)  1333378K->903505K(2027264K), 0.0348813 secs]
[GC (Allocation Failure)  1462737K->1031974K(2027264K), 0.0376004 secs]
[GC (Allocation Failure)  1591206K->1145808K(2027264K), 0.0346065 secs]
[GC (Allocation Failure)  1705040K->1272286K(2027264K), 0.0490723 secs]
[GC (Allocation Failure)  1831518K->1397762K(2027264K), 0.0368557 secs]
[Full GC (Allocation Failure)  1956994K->355014K(2027264K), 0.0729694 secs]
[GC (Allocation Failure)  914246K->501892K(2027264K), 0.0264498 secs]
[GC (Allocation Failure)  1061124K->626771K(2027264K), 0.0355479 secs]
[GC (Allocation Failure)  1186003K->753565K(2027264K), 0.0336382 secs]
[GC (Allocation Failure)  1312797K->880365K(2027264K), 0.0350576 secs]
[GC (Allocation Failure)  1439597K->1007001K(2027264K), 0.0373939 secs]
[GC (Allocation Failure)  1566233K->1126230K(2027264K), 0.0370063 secs]
执行结束!共生成对象次数:161268
