正在执行...timeInterval=10000
[GC (Allocation Failure)  279616K->86617K(1013632K), 0.0392349 secs]
[GC (Allocation Failure)  366122K->164656K(1013632K), 0.0498171 secs]
[GC (Allocation Failure)  443983K->247699K(1013632K), 0.0419498 secs]
[GC (Allocation Failure)  527263K->324610K(1013632K), 0.0391027 secs]
[GC (Allocation Failure)  604226K->417215K(1013632K), 0.0467008 secs]
[GC (Allocation Failure)  696831K->490208K(1013632K), 0.0382513 secs]
[GC (Allocation Failure)  769824K->574270K(1013632K), 0.0433743 secs]
[GC (Allocation Failure)  853886K->654489K(1013632K), 0.0413236 secs]
[Full GC (Allocation Failure)  934105K->381902K(1013632K), 0.0659262 secs]
[GC (Allocation Failure)  661322K->467992K(1013632K), 0.0232312 secs]
[GC (Allocation Failure)  747608K->543588K(1013632K), 0.0292860 secs]
[GC (Allocation Failure)  823204K->620707K(1013632K), 0.0208091 secs]
[GC (Allocation Failure)  900323K->706981K(1013632K), 0.0356960 secs]
[Full GC (Allocation Failure)  986597K->402994K(1013632K), 0.0806716 secs]
[GC (Allocation Failure)  682610K->495190K(1013632K), 0.0180913 secs]
[GC (Allocation Failure)  774806K->569857K(1013632K), 0.0193011 secs]
[GC (Allocation Failure)  849473K->652740K(1013632K), 0.0218308 secs]
[Full GC (Allocation Failure)  932356K->380682K(1013632K), 0.0715304 secs]
[GC (Allocation Failure)  660298K->467451K(1013632K), 0.0189640 secs]
[GC (Allocation Failure)  747067K->546296K(1013632K), 0.0300317 secs]
[GC (Allocation Failure)  825879K->623029K(1013632K), 0.0192952 secs]
[GC (Allocation Failure)  902645K->706084K(1013632K), 0.0213319 secs]
[Full GC (Allocation Failure)  985700K->368786K(1013632K), 0.0726047 secs]
[GC (Allocation Failure)  648402K->457363K(1013632K), 0.0158846 secs]
[GC (Allocation Failure)  736979K->534159K(1013632K), 0.0199012 secs]
[GC (Allocation Failure)  813775K->607189K(1013632K), 0.0190493 secs]
[GC (Allocation Failure)  886805K->687011K(1013632K), 0.0212131 secs]
[Full GC (Allocation Failure)  966627K->409422K(1013632K), 0.0663237 secs]
[GC (Allocation Failure)  689038K->491118K(1013632K), 0.0151845 secs]
[GC (Allocation Failure)  770734K->562553K(1013632K), 0.0196017 secs]
[GC (Allocation Failure)  841678K->633618K(1013632K), 0.0184473 secs]
[GC (Allocation Failure)  913234K->713325K(1013632K), 0.0287525 secs]
[Full GC (Allocation Failure)  992941K->402638K(1013632K), 0.0870346 secs]
[GC (Allocation Failure)  682254K->491205K(1013632K), 0.0164615 secs]
[GC (Allocation Failure)  770821K->571307K(1013632K), 0.0200180 secs]
[GC (Allocation Failure)  850871K->650861K(1013632K), 0.0196990 secs]
[Full GC (Allocation Failure)  930477K->391061K(1013632K), 0.0641047 secs]
[GC (Allocation Failure)  670677K->472991K(1013632K), 0.0161182 secs]
[GC (Allocation Failure)  752607K->559864K(1013632K), 0.0224780 secs]
[GC (Allocation Failure)  839480K->638300K(1013632K), 0.0202771 secs]
[Full GC (Allocation Failure)  917916K->386640K(1013632K), 0.0670759 secs]
[GC (Allocation Failure)  666256K->467257K(1013632K), 0.0146110 secs]
[GC (Allocation Failure)  746873K->546023K(1013632K), 0.0205707 secs]
[GC (Allocation Failure)  825639K->630566K(1013632K), 0.0210734 secs]
[Full GC (Allocation Failure)  910182K->407727K(1013632K), 0.0626659 secs]
[GC (Allocation Failure)  687343K->495489K(1013632K), 0.0181472 secs]
[GC (Allocation Failure)  775105K->575886K(1013632K), 0.0238149 secs]
[GC (Allocation Failure)  855502K->653977K(1013632K), 0.0288181 secs]
[Full GC (Allocation Failure)  933593K->408684K(1013632K), 0.0743557 secs]
[GC (Allocation Failure)  688300K->496382K(1013632K), 0.0186771 secs]
[GC (Allocation Failure)  775998K->567681K(1013632K), 0.0198640 secs]
[GC (Allocation Failure)  847297K->641295K(1013632K), 0.0198345 secs]
[Full GC (Allocation Failure)  920911K->394270K(1013632K), 0.0650768 secs]
[GC (Allocation Failure)  673886K->473096K(1013632K), 0.0144493 secs]
[GC (Allocation Failure)  752712K->555856K(1013632K), 0.0202423 secs]
[GC (Allocation Failure)  835472K->636002K(1013632K), 0.0198200 secs]
[Full GC (Allocation Failure)  915618K->374163K(1013632K), 0.0643403 secs]
[GC (Allocation Failure)  653779K->457724K(1013632K), 0.0153781 secs]
[GC (Allocation Failure)  737340K->534342K(1013632K), 0.0199852 secs]
[GC (Allocation Failure)  813958K->610989K(1013632K), 0.0203960 secs]
[GC (Allocation Failure)  890605K->681577K(1013632K), 0.0186831 secs]
[Full GC (Allocation Failure)  961193K->403176K(1013632K), 0.0610204 secs]
[GC (Allocation Failure)  682792K->498299K(1013632K), 0.0170221 secs]
[GC (Allocation Failure)  777915K->575624K(1013632K), 0.0206375 secs]
[GC (Allocation Failure)  855240K->654006K(1013632K), 0.0196016 secs]
[Full GC (Allocation Failure)  933622K->401467K(1013632K), 0.0640730 secs]
[GC (Allocation Failure)  681083K->489408K(1013632K), 0.0154756 secs]
[GC (Allocation Failure)  769024K->576760K(1013632K), 0.0210784 secs]
[GC (Allocation Failure)  856376K->648765K(1013632K), 0.0190565 secs]
[Full GC (Allocation Failure)  928381K->409718K(1013632K), 0.0666628 secs]
[GC (Allocation Failure)  689334K->500580K(1013632K), 0.0160129 secs]
[GC (Allocation Failure)  780196K->575228K(1013632K), 0.0226179 secs]
[GC (Allocation Failure)  854844K->658689K(1013632K), 0.0201222 secs]
[Full GC (Allocation Failure)  938305K->377575K(1013632K), 0.0664142 secs]
[GC (Allocation Failure)  657191K->463344K(1013632K), 0.0148481 secs]
[GC (Allocation Failure)  742960K->548072K(1013632K), 0.0219741 secs]
[GC (Allocation Failure)  827688K->625355K(1013632K), 0.0210181 secs]
[Full GC (Allocation Failure)  904971K->410320K(1013632K), 0.0653677 secs]
[GC (Allocation Failure)  689936K->496008K(1013632K), 0.0165279 secs]
[GC (Allocation Failure)  775624K->571370K(1013632K), 0.0199462 secs]
[GC (Allocation Failure)  850986K->652155K(1013632K), 0.0202617 secs]
[Full GC (Allocation Failure)  931771K->393782K(1013632K), 0.0680897 secs]
[GC (Allocation Failure)  673398K->477420K(1013632K), 0.0176849 secs]
[GC (Allocation Failure)  757036K->558304K(1013632K), 0.0240064 secs]
[GC (Allocation Failure)  837920K->633787K(1013632K), 0.0228112 secs]
[Full GC (Allocation Failure)  913403K->399886K(1013632K), 0.0643838 secs]
[GC (Allocation Failure)  679502K->490399K(1013632K), 0.0160869 secs]
[GC (Allocation Failure)  769831K->570116K(1013632K), 0.0195238 secs]
[GC (Allocation Failure)  849732K->645748K(1013632K), 0.0195897 secs]
[Full GC (Allocation Failure)  925364K->367723K(1013632K), 0.0721429 secs]
[GC (Allocation Failure)  647339K->452728K(1013632K), 0.0148774 secs]
[GC (Allocation Failure)  732344K->534281K(1013632K), 0.0202873 secs]
[GC (Allocation Failure)  813897K->606433K(1013632K), 0.0178315 secs]
[GC (Allocation Failure)  886049K->681579K(1013632K), 0.0192971 secs]
[Full GC (Allocation Failure)  961195K->399879K(1013632K), 0.0624393 secs]
[GC (Allocation Failure)  679495K->484398K(1013632K), 0.0159236 secs]
[GC (Allocation Failure)  764014K->564134K(1013632K), 0.0239637 secs]
[GC (Allocation Failure)  843750K->652020K(1013632K), 0.0220053 secs]
[Full GC (Allocation Failure)  931636K->402218K(1013632K), 0.0663678 secs]
[GC (Allocation Failure)  681834K->490009K(1013632K), 0.0158250 secs]
[GC (Allocation Failure)  769377K->574603K(1013632K), 0.0213965 secs]
[GC (Allocation Failure)  854219K->657343K(1013632K), 0.0202631 secs]
[Full GC (Allocation Failure)  936959K->402658K(1013632K), 0.0667310 secs]
[GC (Allocation Failure)  682274K->491569K(1013632K), 0.0166895 secs]
[GC (Allocation Failure)  771185K->559482K(1013632K), 0.0192837 secs]
[GC (Allocation Failure)  839098K->635301K(1013632K), 0.0196526 secs]
[Full GC (Allocation Failure)  914917K->371817K(1013632K), 0.0635955 secs]
[GC (Allocation Failure)  651219K->455662K(1013632K), 0.0152182 secs]
[GC (Allocation Failure)  734518K->532885K(1013632K), 0.0206046 secs]
[GC (Allocation Failure)  812501K->611408K(1013632K), 0.0198256 secs]
[GC (Allocation Failure)  891024K->693072K(1013632K), 0.0212486 secs]
[Full GC (Allocation Failure)  972688K->404234K(1013632K), 0.0627495 secs]
[GC (Allocation Failure)  683850K->494688K(1013632K), 0.0169459 secs]
[GC (Allocation Failure)  774304K->570598K(1013632K), 0.0201501 secs]
[GC (Allocation Failure)  850214K->641314K(1013632K), 0.0188692 secs]
[Full GC (Allocation Failure)  920930K->409779K(1013632K), 0.0705213 secs]
[GC (Allocation Failure)  689395K->498487K(1013632K), 0.0180310 secs]
[GC (Allocation Failure)  778103K->588899K(1013632K), 0.0240620 secs]
[GC (Allocation Failure)  868393K->671077K(1013632K), 0.0214528 secs]
[Full GC (Allocation Failure)  950693K->411113K(1013632K), 0.0661926 secs]
[GC (Allocation Failure)  690729K->503116K(1013632K), 0.0177907 secs]
[GC (Allocation Failure)  782732K->580327K(1013632K), 0.0221343 secs]
[GC (Allocation Failure)  859943K->666769K(1013632K), 0.0210970 secs]
[Full GC (Allocation Failure)  946385K->379299K(1013632K), 0.0704878 secs]
[GC (Allocation Failure)  658915K->464351K(1013632K), 0.0152376 secs]
[GC (Allocation Failure)  743967K->541279K(1013632K), 0.0193521 secs]
[GC (Allocation Failure)  820895K->622908K(1013632K), 0.0195933 secs]
[GC (Allocation Failure)  902524K->708637K(1013632K), 0.0201598 secs]
[Full GC (Allocation Failure)  988253K->422777K(1013632K), 0.0782284 secs]
[GC (Allocation Failure)  702393K->509733K(1013632K), 0.0164064 secs]
[GC (Allocation Failure)  789349K->587102K(1013632K), 0.0192422 secs]
[GC (Allocation Failure)  866718K->663981K(1013632K), 0.0187351 secs]
[Full GC (Allocation Failure)  943370K->407725K(1013632K), 0.0644294 secs]
[GC (Allocation Failure)  687341K->496202K(1013632K), 0.0158110 secs]
[GC (Allocation Failure)  775818K->580409K(1013632K), 0.0211857 secs]
[GC (Allocation Failure)  860025K->658427K(1013632K), 0.0202810 secs]
[Full GC (Allocation Failure)  938043K->406260K(1013632K), 0.0655407 secs]
[GC (Allocation Failure)  685724K->494246K(1013632K), 0.0153227 secs]
[GC (Allocation Failure)  773862K->571094K(1013632K), 0.0186063 secs]
[GC (Allocation Failure)  850710K->651700K(1013632K), 0.0244563 secs]
执行结束!共生成对象次数:149124
