Н§н┌о┤лл...timeInterval=10000
[GC (Allocation Failure)  69736K->26090K(253440K), 0.0143848 secs]
[GC (Allocation Failure)  95949K->49702K(253440K), 0.0171420 secs]
[GC (Allocation Failure)  119488K->74952K(253440K), 0.0164824 secs]
[GC (Allocation Failure)  144904K->98616K(253440K), 0.0166642 secs]
[GC (Allocation Failure)  168568K->125196K(253440K), 0.0162181 secs]
[GC (Allocation Failure)  195148K->143063K(253440K), 0.0098675 secs]
[GC (Allocation Failure)  212511K->167316K(253440K), 0.0136606 secs]
[Full GC (Allocation Failure)  237073K->168012K(253440K), 0.0287194 secs]
[Full GC (Allocation Failure)  237964K->184714K(253440K), 0.0296554 secs]
[Full GC (Allocation Failure)  253135K->197169K(253440K), 0.0305181 secs]
[Full GC (Allocation Failure)  253348K->196680K(253440K), 0.0331944 secs]
[Full GC (Allocation Failure)  253339K->215206K(253440K), 0.0162737 secs]
[Full GC (Allocation Failure)  253316K->220336K(253440K), 0.0269579 secs]
[Full GC (Allocation Failure)  253299K->225523K(253440K), 0.0298561 secs]
[Full GC (Allocation Failure)  253199K->224822K(253440K), 0.0384960 secs]
[Full GC (Allocation Failure)  253260K->236601K(253440K), 0.0069680 secs]
[Full GC (Allocation Failure)  253180K->242307K(253440K), 0.0100400 secs]
[Full GC (Allocation Failure)  253422K->246102K(253440K), 0.0211575 secs]
[Full GC (Allocation Failure)  253119K->238966K(253440K), 0.0381334 secs]
[Full GC (Allocation Failure)  253379K->243657K(253440K), 0.0123782 secs]
[Full GC (Allocation Failure)  253131K->245136K(253440K), 0.0096442 secs]
[Full GC (Allocation Failure)  253392K->247902K(253440K), 0.0105869 secs]
[Full GC (Allocation Failure)  253313K->243587K(253440K), 0.0388933 secs]
[Full GC (Allocation Failure)  252955K->246625K(253440K), 0.0104208 secs]
[Full GC (Allocation Failure)  253316K->248476K(253440K), 0.0124589 secs]
[Full GC (Allocation Failure)  253208K->251228K(253440K), 0.0047840 secs]
[Full GC (Allocation Failure)  253303K->247056K(253440K), 0.0379813 secs]
[Full GC (Allocation Failure)  253003K->247966K(253440K), 0.0121223 secs]
[Full GC (Allocation Failure)  253323K->249321K(253440K), 0.0115885 secs]
[Full GC (Allocation Failure)  253272K->250653K(253440K), 0.0053616 secs]
[Full GC (Allocation Failure)  253386K->250144K(253440K), 0.0291995 secs]
[Full GC (Allocation Failure)  253084K->250818K(253440K), 0.0016533 secs]
[Full GC (Allocation Failure)  253151K->251437K(253440K), 0.0032411 secs]
[Full GC (Allocation Failure)  253142K->252772K(253440K), 0.0014993 secs]
[Full GC (Allocation Failure)  252772K->251039K(253440K), 0.0388409 secs]
[Full GC (Allocation Failure)  253384K->251692K(253440K), 0.0014844 secs]
[Full GC (Allocation Failure)  253009K->251361K(253440K), 0.0018398 secs]
[Full GC (Allocation Failure)  253044K->252351K(253440K), 0.0123407 secs]
[Full GC (Allocation Failure)  253190K->251800K(253440K), 0.0302966 secs]
[Full GC (Allocation Failure)  253381K->252418K(253440K), 0.0025443 secs]
[Full GC (Allocation Failure)  253086K->252571K(253440K), 0.0104945 secs]
[Full GC (Allocation Failure)  253410K->253239K(253440K), 0.0017064 secs]
[Full GC (Allocation Failure)  253366K->252024K(253440K), 0.0429701 secs]
[Full GC (Allocation Failure)  253380K->252127K(253440K), 0.0014150 secs]
[Full GC (Allocation Failure)  252896K->252245K(253440K), 0.0017560 secs]
[Full GC (Allocation Failure)  253305K->253288K(253440K), 0.0011891 secs]
[Full GC (Allocation Failure)  253288K->252302K(253440K), 0.0324938 secs]
[Full GC (Allocation Failure)  253219K->252296K(253440K), 0.0101029 secs]
[Full GC (Allocation Failure)  252958K->252445K(253440K), 0.0013817 secs]
[Full GC (Allocation Failure)  253343K->252589K(253440K), 0.0010994 secs]
[Full GC (Allocation Failure)  253350K->252223K(253440K), 0.0233762 secs]
[Full GC (Allocation Failure)  253358K->252643K(253440K), 0.0014137 secs]
[Full GC (Allocation Failure)  252915K->252643K(253440K), 0.0010182 secs]
[Full GC (Allocation Failure)  253247K->253015K(253440K), 0.0116070 secs]
[Full GC (Allocation Failure)  253233K->252444K(253440K), 0.0015688 secs]
[Full GC (Allocation Failure)  252444K->252444K(253440K), 0.0012585 secs]
