Java HotSpot(TM) 64-Bit Server VM (25.231-b11) for windows-amd64 JRE (1.8.0_231-b11), built on Oct  5 2019 03:11:30 by "java_re" with MS VC++ 10.0 (VS2010)
Memory: 4k page, physical 8269996k(3036820k free), swap 21357564k(9829288k free)
CommandLine flags: -XX:InitialHeapSize=2147483648 -XX:MaxHeapSize=2147483648 -XX:+PrintGC -XX:+PrintGCDetails -XX:+PrintGCTimeStamps -XX:-UseAdaptiveSizePolicy -XX:+UseCompressedClassPointers -XX:+UseCompressedOops -XX:-UseLargePagesIndividualAllocation -XX:+UseParallelGC 
1.470: [GC (Metadata GC Threshold) [PSYoungGen: 304389K->15747K(611840K)] 304389K->15771K(2010112K), 0.0176208 secs] [Times: user=0.03 sys=0.00, real=0.02 secs] 
1.488: [Full GC (Metadata GC Threshold) [PSYoungGen: 15747K->0K(611840K)] [ParOldGen: 24K->14856K(1398272K)] 15771K->14856K(2010112K), [Metaspace: 20496K->20496K(1067008K)], 0.0259533 secs] [Times: user=0.06 sys=0.00, real=0.03 secs] 
Heap
 PSYoungGen      total 611840K, used 482831K [0x00000000d5580000, 0x0000000100000000, 0x0000000100000000)
  eden space 524800K, 92% used [0x00000000d5580000,0x00000000f2d03fd8,0x00000000f5600000)
  from space 87040K, 0% used [0x00000000f5600000,0x00000000f5600000,0x00000000fab00000)
  to   space 87040K, 0% used [0x00000000fab00000,0x00000000fab00000,0x0000000100000000)
 ParOldGen       total 1398272K, used 14856K [0x0000000080000000, 0x00000000d5580000, 0x00000000d5580000)
  object space 1398272K, 1% used [0x0000000080000000,0x0000000080e821c0,0x00000000d5580000)
 Metaspace       used 33681K, capacity 35190K, committed 35496K, reserved 1079296K
  class space    used 4373K, capacity 4660K, committed 4776K, reserved 1048576K
