Java HotSpot(TM) 64-Bit Server VM (25.231-b11) for windows-amd64 JRE (1.8.0_231-b11), built on Oct  5 2019 03:11:30 by "java_re" with MS VC++ 10.0 (VS2010)
Memory: 4k page, physical 8269996k(2974412k free), swap 21357564k(9681316k free)
CommandLine flags: -XX:InitialHeapSize=1073741824 -XX:MaxHeapSize=1073741824 -XX:+PrintGC -XX:+PrintGCDetails -XX:+PrintGCTimeStamps -XX:-UseAdaptiveSizePolicy -XX:+UseCompressedClassPointers -XX:+UseCompressedOops -XX:-UseLargePagesIndividualAllocation -XX:+UseParallelGC 
0.917: [GC (Allocation Failure) [PSYoungGen: 262144K->13804K(305664K)] 262144K->13820K(1005056K), 0.0146584 secs] [Times: user=0.03 sys=0.00, real=0.02 secs] 
0.999: [GC (Metadata GC Threshold) [PSYoungGen: 43321K->6988K(305664K)] 43337K->7012K(1005056K), 0.0056124 secs] [Times: user=0.00 sys=0.00, real=0.01 secs] 
1.005: [Full GC (Metadata GC Threshold) [PSYoungGen: 6988K->0K(305664K)] [ParOldGen: 24K->6729K(699392K)] 7012K->6729K(1005056K), [Metaspace: 20535K->20535K(1067008K)], 0.0186276 secs] [Times: user=0.14 sys=0.02, real=0.02 secs] 
1.962: [GC (Allocation Failure) [PSYoungGen: 262144K->15409K(305664K)] 268873K->22211K(1005056K), 0.0130371 secs] [Times: user=0.03 sys=0.00, real=0.01 secs] 
Heap
 PSYoungGen      total 305664K, used 205896K [0x00000000eab00000, 0x0000000100000000, 0x0000000100000000)
  eden space 262144K, 72% used [0x00000000eab00000,0x00000000f6505810,0x00000000fab00000)
  from space 43520K, 35% used [0x00000000fab00000,0x00000000fba0c7f8,0x00000000fd580000)
  to   space 43520K, 0% used [0x00000000fd580000,0x00000000fd580000,0x0000000100000000)
 ParOldGen       total 699392K, used 6801K [0x00000000c0000000, 0x00000000eab00000, 0x00000000eab00000)
  object space 699392K, 0% used [0x00000000c0000000,0x00000000c06a4638,0x00000000eab00000)
 Metaspace       used 33650K, capacity 35190K, committed 35496K, reserved 1079296K
  class space    used 4373K, capacity 4660K, committed 4784K, reserved 1048576K
