Java HotSpot(TM) 64-Bit Server VM (25.231-b11) for windows-amd64 JRE (1.8.0_231-b11), built on Oct  5 2019 03:11:30 by "java_re" with MS VC++ 10.0 (VS2010)
Memory: 4k page, physical 8269996k(3445736k free), swap 21357564k(9883228k free)
CommandLine flags: -XX:InitialHeapSize=4294967296 -XX:MaxHeapSize=4294967296 -XX:MaxNewSize=523452416 -XX:MaxTenuringThreshold=6 -XX:NewSize=523452416 -XX:OldPLABSize=16 -XX:OldSize=1046904832 -XX:+PrintGC -XX:+PrintGCDetails -XX:+PrintGCTimeStamps -XX:-UseAdaptiveSizePolicy -XX:+UseCompressedClassPointers -XX:+UseCompressedOops -XX:+UseConcMarkSweepGC -XX:-UseLargePagesIndividualAllocation -XX:+UseParNewGC 
1.703: [GC (Allocation Failure) 1.704: [ParNew: 409024K->20289K(460096K), 0.0225716 secs] 409024K->20289K(4143232K), 0.0227806 secs] [Times: user=0.09 sys=0.02, real=0.02 secs] 
1.727: [GC (CMS Initial Mark) [1 CMS-initial-mark: 0K(3683136K)] 26670K(4143232K), 0.0019893 secs] [Times: user=0.00 sys=0.00, real=0.00 secs] 
1.729: [CMS-concurrent-mark-start]
1.730: [CMS-concurrent-mark: 0.001/0.001 secs] [Times: user=0.00 sys=0.00, real=0.00 secs] 
1.730: [CMS-concurrent-preclean-start]
1.734: [CMS-concurrent-preclean: 0.004/0.004 secs] [Times: user=0.00 sys=0.00, real=0.00 secs] 
1.734: [CMS-concurrent-abortable-preclean-start]
2.595: [CMS-concurrent-abortable-preclean: 0.550/0.861 secs] [Times: user=2.77 sys=0.09, real=0.86 secs] 
2.595: [GC (CMS Final Remark) [YG occupancy: 253524 K (460096 K)]2.595: [Rescan (parallel) , 0.0147040 secs]2.610: [weak refs processing, 0.0000281 secs]2.610: [class unloading, 0.0044058 secs]2.614: [scrub symbol table, 0.0034417 secs]2.618: [scrub string table, 0.0003014 secs][1 CMS-remark: 0K(3683136K)] 253524K(4143232K), 0.0238081 secs] [Times: user=0.08 sys=0.01, real=0.02 secs] 
2.619: [CMS-concurrent-sweep-start]
2.619: [CMS-concurrent-sweep: 0.000/0.000 secs] [Times: user=0.00 sys=0.00, real=0.00 secs] 
2.619: [CMS-concurrent-reset-start]
2.646: [CMS-concurrent-reset: 0.027/0.027 secs] [Times: user=0.11 sys=0.03, real=0.03 secs] 
Heap
 par new generation   total 460096K, used 387034K [0x00000006c0000000, 0x00000006df330000, 0x00000006df330000)
  eden space 409024K,  89% used [0x00000006c0000000, 0x00000006d6626320, 0x00000006d8f70000)
  from space 51072K,  39% used [0x00000006dc150000, 0x00000006dd5206e0, 0x00000006df330000)
  to   space 51072K,   0% used [0x00000006d8f70000, 0x00000006d8f70000, 0x00000006dc150000)
 concurrent mark-sweep generation total 3683136K, used 0K [0x00000006df330000, 0x00000007c0000000, 0x00000007c0000000)
 Metaspace       used 33679K, capacity 35194K, committed 35296K, reserved 1079296K
  class space    used 4373K, capacity 4660K, committed 4716K, reserved 1048576K
