Java HotSpot(TM) 64-Bit Server VM (25.231-b11) for windows-amd64 JRE (1.8.0_231-b11), built on Oct  5 2019 03:11:30 by "java_re" with MS VC++ 10.0 (VS2010)
Memory: 4k page, physical 8269996k(3345704k free), swap 21357348k(9833792k free)
CommandLine flags: -XX:InitialHeapSize=1073741824 -XX:MaxHeapSize=1073741824 -XX:+PrintGC -XX:+PrintGCDetails -XX:+PrintGCTimeStamps -XX:-UseAdaptiveSizePolicy -XX:+UseCompressedClassPointers -XX:+UseCompressedOops -XX:+UseG1GC -XX:-UseLargePagesIndividualAllocation 
0.518: [GC pause (G1 Evacuation Pause) (young), 0.0050018 secs]
   [Parallel Time: 2.5 ms, GC Workers: 6]
      [GC Worker Start (ms): Min: 518.0, Avg: 518.0, Max: 518.1, Diff: 0.0]
      [Ext Root Scanning (ms): Min: 0.0, Avg: 0.3, Max: 0.9, Diff: 0.9, Sum: 1.6]
      [Update RS (ms): Min: 0.0, Avg: 0.0, Max: 0.0, Diff: 0.0, Sum: 0.0]
         [Processed Buffers: Min: 0, Avg: 0.0, Max: 0, Diff: 0, Sum: 0]
      [Scan RS (ms): Min: 0.0, Avg: 0.0, Max: 0.0, Diff: 0.0, Sum: 0.0]
      [Code Root Scanning (ms): Min: 0.0, Avg: 0.4, Max: 2.0, Diff: 2.0, Sum: 2.5]
      [Object Copy (ms): Min: 0.0, Avg: 1.5, Max: 2.0, Diff: 2.0, Sum: 9.2]
      [Termination (ms): Min: 0.0, Avg: 0.1, Max: 0.2, Diff: 0.2, Sum: 0.6]
         [Termination Attempts: Min: 1, Avg: 17.3, Max: 29, Diff: 28, Sum: 104]
      [GC Worker Other (ms): Min: 0.0, Avg: 0.1, Max: 0.4, Diff: 0.4, Sum: 0.6]
      [GC Worker Total (ms): Min: 2.3, Avg: 2.4, Max: 2.5, Diff: 0.1, Sum: 14.5]
      [GC Worker End (ms): Min: 520.4, Avg: 520.5, Max: 520.5, Diff: 0.1]
   [Code Root Fixup: 0.0 ms]
   [Code Root Purge: 0.0 ms]
   [Clear CT: 0.1 ms]
   [Other: 2.4 ms]
      [Choose CSet: 0.0 ms]
      [Ref Proc: 2.0 ms]
      [Ref Enq: 0.0 ms]
      [Redirty Cards: 0.1 ms]
      [Humongous Register: 0.0 ms]
      [Humongous Reclaim: 0.0 ms]
      [Free CSet: 0.1 ms]
   [Eden: 51.0M(51.0M)->0.0B(56.0M) Survivors: 0.0B->5120.0K Heap: 51.0M(1024.0M)->4106.1K(1024.0M)]
 [Times: user=0.00 sys=0.00, real=0.01 secs] 
0.676: [GC pause (G1 Evacuation Pause) (young), 0.0051353 secs]
   [Parallel Time: 3.0 ms, GC Workers: 6]
      [GC Worker Start (ms): Min: 675.6, Avg: 675.7, Max: 676.5, Diff: 0.9]
      [Ext Root Scanning (ms): Min: 0.0, Avg: 0.3, Max: 1.0, Diff: 1.0, Sum: 2.1]
      [Update RS (ms): Min: 0.0, Avg: 0.0, Max: 0.0, Diff: 0.0, Sum: 0.0]
         [Processed Buffers: Min: 0, Avg: 0.0, Max: 0, Diff: 0, Sum: 0]
      [Scan RS (ms): Min: 0.0, Avg: 0.0, Max: 0.0, Diff: 0.0, Sum: 0.0]
      [Code Root Scanning (ms): Min: 0.0, Avg: 0.1, Max: 0.6, Diff: 0.6, Sum: 0.7]
      [Object Copy (ms): Min: 1.9, Avg: 2.2, Max: 2.7, Diff: 0.8, Sum: 13.4]
      [Termination (ms): Min: 0.0, Avg: 0.0, Max: 0.1, Diff: 0.1, Sum: 0.3]
         [Termination Attempts: Min: 1, Avg: 27.8, Max: 47, Diff: 46, Sum: 167]
      [GC Worker Other (ms): Min: 0.0, Avg: 0.0, Max: 0.0, Diff: 0.0, Sum: 0.0]
      [GC Worker Total (ms): Min: 2.0, Avg: 2.8, Max: 2.9, Diff: 0.9, Sum: 16.5]
      [GC Worker End (ms): Min: 678.5, Avg: 678.5, Max: 678.5, Diff: 0.1]
   [Code Root Fixup: 0.1 ms]
   [Code Root Purge: 0.0 ms]
   [Clear CT: 0.1 ms]
   [Other: 2.0 ms]
      [Choose CSet: 0.0 ms]
      [Ref Proc: 1.7 ms]
      [Ref Enq: 0.0 ms]
      [Redirty Cards: 0.0 ms]
      [Humongous Register: 0.0 ms]
      [Humongous Reclaim: 0.0 ms]
      [Free CSet: 0.1 ms]
   [Eden: 56.0M(56.0M)->0.0B(607.0M) Survivors: 5120.0K->7168.0K Heap: 60.0M(1024.0M)->7168.0K(1024.0M)]
 [Times: user=0.00 sys=0.00, real=0.01 secs] 
1.166: [GC pause (Metadata GC Threshold) (young) (initial-mark), 0.0168877 secs]
   [Parallel Time: 8.0 ms, GC Workers: 6]
      [GC Worker Start (ms): Min: 1166.0, Avg: 1166.6, Max: 1167.3, Diff: 1.3]
      [Ext Root Scanning (ms): Min: 1.0, Avg: 1.5, Max: 2.2, Diff: 1.2, Sum: 9.3]
      [Update RS (ms): Min: 0.0, Avg: 0.0, Max: 0.0, Diff: 0.0, Sum: 0.0]
         [Processed Buffers: Min: 0, Avg: 0.0, Max: 0, Diff: 0, Sum: 0]
      [Scan RS (ms): Min: 0.0, Avg: 0.0, Max: 0.1, Diff: 0.1, Sum: 0.2]
      [Code Root Scanning (ms): Min: 0.0, Avg: 1.8, Max: 4.9, Diff: 4.9, Sum: 10.7]
      [Object Copy (ms): Min: 0.7, Avg: 3.9, Max: 5.8, Diff: 5.1, Sum: 23.3]
      [Termination (ms): Min: 0.0, Avg: 0.0, Max: 0.0, Diff: 0.0, Sum: 0.0]
         [Termination Attempts: Min: 1, Avg: 25.3, Max: 40, Diff: 39, Sum: 152]
      [GC Worker Other (ms): Min: 0.0, Avg: 0.0, Max: 0.0, Diff: 0.0, Sum: 0.1]
      [GC Worker Total (ms): Min: 6.6, Avg: 7.3, Max: 7.9, Diff: 1.3, Sum: 43.6]
      [GC Worker End (ms): Min: 1173.9, Avg: 1173.9, Max: 1173.9, Diff: 0.0]
   [Code Root Fixup: 0.1 ms]
   [Code Root Purge: 0.0 ms]
   [Clear CT: 0.1 ms]
   [Other: 8.7 ms]
      [Choose CSet: 0.0 ms]
      [Ref Proc: 8.0 ms]
      [Ref Enq: 0.1 ms]
      [Redirty Cards: 0.0 ms]
      [Humongous Register: 0.0 ms]
      [Humongous Reclaim: 0.0 ms]
      [Free CSet: 0.2 ms]
   [Eden: 158.0M(607.0M)->0.0B(600.0M) Survivors: 7168.0K->14.0M Heap: 165.0M(1024.0M)->13.5M(1024.0M)]
 [Times: user=0.08 sys=0.00, real=0.02 secs] 
1.183: [GC concurrent-root-region-scan-start]
1.187: [GC concurrent-root-region-scan-end, 0.0045357 secs]
1.187: [GC concurrent-mark-start]
1.188: [GC concurrent-mark-end, 0.0005787 secs]
1.188: [GC remark 1.188: [Finalize Marking, 0.0000766 secs] 1.188: [GC ref-proc, 0.0002401 secs] 1.189: [Unloading, 0.0022871 secs], 0.0028502 secs]
 [Times: user=0.00 sys=0.00, real=0.00 secs] 
1.192: [GC cleanup 14M->14M(1024M), 0.0004987 secs]
 [Times: user=0.00 sys=0.00, real=0.00 secs] 
Heap
 garbage-first heap   total 1048576K, used 449023K [0x00000000c0000000, 0x00000000c0102000, 0x0000000100000000)
  region size 1024K, 440 young (450560K), 14 survivors (14336K)
 Metaspace       used 33666K, capacity 35182K, committed 35504K, reserved 1079296K
  class space    used 4372K, capacity 4660K, committed 4784K, reserved 1048576K
