Java HotSpot(TM) 64-Bit Server VM (25.231-b11) for windows-amd64 JRE (1.8.0_231-b11), built on Oct  5 2019 03:11:30 by "java_re" with MS VC++ 10.0 (VS2010)
Memory: 4k page, physical 8269996k(3241708k free), swap 21357348k(9746504k free)
CommandLine flags: -XX:InitialHeapSize=4294967296 -XX:MaxHeapSize=4294967296 -XX:+PrintGC -XX:+PrintGCDetails -XX:+PrintGCTimeStamps -XX:-UseAdaptiveSizePolicy -XX:+UseCompressedClassPointers -XX:+UseCompressedOops -XX:+UseG1GC -XX:-UseLargePagesIndividualAllocation 
1.025: [GC pause (G1 Evacuation Pause) (young), 0.0119380 secs]
   [Parallel Time: 4.8 ms, GC Workers: 6]
      [GC Worker Start (ms): Min: 1025.5, Avg: 1025.5, Max: 1025.5, Diff: 0.0]
      [Ext Root Scanning (ms): Min: 0.2, Avg: 0.5, Max: 1.6, Diff: 1.5, Sum: 2.8]
      [Update RS (ms): Min: 0.0, Avg: 0.0, Max: 0.0, Diff: 0.0, Sum: 0.0]
         [Processed Buffers: Min: 0, Avg: 0.0, Max: 0, Diff: 0, Sum: 0]
      [Scan RS (ms): Min: 0.0, Avg: 0.0, Max: 0.0, Diff: 0.0, Sum: 0.1]
      [Code Root Scanning (ms): Min: 0.0, Avg: 1.5, Max: 4.3, Diff: 4.3, Sum: 9.2]
      [Object Copy (ms): Min: 0.2, Avg: 2.6, Max: 4.2, Diff: 4.0, Sum: 15.7]
      [Termination (ms): Min: 0.0, Avg: 0.1, Max: 0.1, Diff: 0.1, Sum: 0.4]
         [Termination Attempts: Min: 1, Avg: 9.0, Max: 19, Diff: 18, Sum: 54]
      [GC Worker Other (ms): Min: 0.0, Avg: 0.0, Max: 0.0, Diff: 0.0, Sum: 0.1]
      [GC Worker Total (ms): Min: 4.7, Avg: 4.7, Max: 4.7, Diff: 0.1, Sum: 28.3]
      [GC Worker End (ms): Min: 1030.2, Avg: 1030.2, Max: 1030.2, Diff: 0.0]
   [Code Root Fixup: 0.1 ms]
   [Code Root Purge: 0.0 ms]
   [Clear CT: 0.1 ms]
   [Other: 6.9 ms]
      [Choose CSet: 0.0 ms]
      [Ref Proc: 6.4 ms]
      [Ref Enq: 0.1 ms]
      [Redirty Cards: 0.0 ms]
      [Humongous Register: 0.1 ms]
      [Humongous Reclaim: 0.0 ms]
      [Free CSet: 0.1 ms]
   [Eden: 204.0M(204.0M)->0.0B(192.0M) Survivors: 0.0B->12.0M Heap: 204.0M(4096.0M)->10.6M(4096.0M)]
 [Times: user=0.06 sys=0.01, real=0.01 secs] 
1.251: [GC pause (Metadata GC Threshold) (young) (initial-mark), 0.0070674 secs]
   [Parallel Time: 5.2 ms, GC Workers: 6]
      [GC Worker Start (ms): Min: 1251.0, Avg: 1251.2, Max: 1251.4, Diff: 0.5]
      [Ext Root Scanning (ms): Min: 0.8, Avg: 1.0, Max: 1.3, Diff: 0.5, Sum: 6.3]
      [Update RS (ms): Min: 0.0, Avg: 0.0, Max: 0.0, Diff: 0.0, Sum: 0.0]
         [Processed Buffers: Min: 0, Avg: 0.0, Max: 0, Diff: 0, Sum: 0]
      [Scan RS (ms): Min: 0.0, Avg: 0.0, Max: 0.0, Diff: 0.0, Sum: 0.0]
      [Code Root Scanning (ms): Min: 0.0, Avg: 0.8, Max: 3.8, Diff: 3.8, Sum: 4.9]
      [Object Copy (ms): Min: 0.0, Avg: 2.9, Max: 3.8, Diff: 3.8, Sum: 17.7]
      [Termination (ms): Min: 0.0, Avg: 0.1, Max: 0.2, Diff: 0.1, Sum: 0.6]
         [Termination Attempts: Min: 1, Avg: 132.8, Max: 217, Diff: 216, Sum: 797]
      [GC Worker Other (ms): Min: 0.0, Avg: 0.0, Max: 0.0, Diff: 0.0, Sum: 0.0]
      [GC Worker Total (ms): Min: 4.7, Avg: 4.9, Max: 5.2, Diff: 0.5, Sum: 29.6]
      [GC Worker End (ms): Min: 1256.1, Avg: 1256.1, Max: 1256.1, Diff: 0.0]
   [Code Root Fixup: 0.1 ms]
   [Code Root Purge: 0.0 ms]
   [Clear CT: 0.1 ms]
   [Other: 1.7 ms]
      [Choose CSet: 0.0 ms]
      [Ref Proc: 1.2 ms]
      [Ref Enq: 0.0 ms]
      [Redirty Cards: 0.1 ms]
      [Humongous Register: 0.0 ms]
      [Humongous Reclaim: 0.0 ms]
      [Free CSet: 0.1 ms]
   [Eden: 68.0M(192.0M)->0.0B(228.0M) Survivors: 12.0M->14.0M Heap: 77.6M(4096.0M)->13.0M(4096.0M)]
 [Times: user=0.00 sys=0.00, real=0.01 secs] 
1.258: [GC concurrent-root-region-scan-start]
1.263: [GC concurrent-root-region-scan-end, 0.0051893 secs]
1.263: [GC concurrent-mark-start]
1.264: [GC concurrent-mark-end, 0.0007703 secs]
1.264: [GC remark 1.264: [Finalize Marking, 0.0001333 secs] 1.265: [GC ref-proc, 0.0002709 secs] 1.265: [Unloading, 0.0032777 secs], 0.0039947 secs]
 [Times: user=0.00 sys=0.00, real=0.00 secs] 
1.269: [GC cleanup 16M->16M(4096M), 0.0013274 secs]
 [Times: user=0.00 sys=0.00, real=0.00 secs] 
2.338: [GC pause (G1 Evacuation Pause) (young), 0.0161112 secs]
   [Parallel Time: 11.6 ms, GC Workers: 6]
      [GC Worker Start (ms): Min: 2338.2, Avg: 2338.5, Max: 2339.4, Diff: 1.1]
      [Ext Root Scanning (ms): Min: 0.0, Avg: 1.0, Max: 3.3, Diff: 3.2, Sum: 6.1]
      [Update RS (ms): Min: 0.0, Avg: 0.0, Max: 0.0, Diff: 0.0, Sum: 0.0]
         [Processed Buffers: Min: 0, Avg: 0.0, Max: 0, Diff: 0, Sum: 0]
      [Scan RS (ms): Min: 0.0, Avg: 0.0, Max: 0.0, Diff: 0.0, Sum: 0.1]
      [Code Root Scanning (ms): Min: 0.0, Avg: 1.7, Max: 6.0, Diff: 6.0, Sum: 10.5]
      [Object Copy (ms): Min: 4.4, Avg: 8.5, Max: 10.2, Diff: 5.8, Sum: 51.1]
      [Termination (ms): Min: 0.0, Avg: 0.0, Max: 0.0, Diff: 0.0, Sum: 0.0]
         [Termination Attempts: Min: 1, Avg: 42.2, Max: 63, Diff: 62, Sum: 253]
      [GC Worker Other (ms): Min: 0.0, Avg: 0.0, Max: 0.0, Diff: 0.0, Sum: 0.1]
      [GC Worker Total (ms): Min: 10.4, Avg: 11.3, Max: 11.5, Diff: 1.1, Sum: 67.9]
      [GC Worker End (ms): Min: 2349.8, Avg: 2349.8, Max: 2349.8, Diff: 0.0]
   [Code Root Fixup: 0.3 ms]
   [Code Root Purge: 0.0 ms]
   [Clear CT: 0.1 ms]
   [Other: 4.2 ms]
      [Choose CSet: 0.0 ms]
      [Ref Proc: 3.6 ms]
      [Ref Enq: 0.0 ms]
      [Redirty Cards: 0.0 ms]
      [Humongous Register: 0.1 ms]
      [Humongous Reclaim: 0.0 ms]
      [Free CSet: 0.2 ms]
   [Eden: 228.0M(228.0M)->0.0B(696.0M) Survivors: 14.0M->22.0M Heap: 241.0M(4096.0M)->22.0M(4096.0M)]
 [Times: user=0.08 sys=0.02, real=0.02 secs] 
Heap
 garbage-first heap   total 4194304K, used 223231K [0x00000006c0000000, 0x00000006c0204000, 0x00000007c0000000)
  region size 2048K, 110 young (225280K), 11 survivors (22528K)
 Metaspace       used 33684K, capacity 35178K, committed 35504K, reserved 1079296K
  class space    used 4372K, capacity 4660K, committed 4784K, reserved 1048576K
