Java HotSpot(TM) 64-Bit Server VM (25.231-b11) for windows-amd64 JRE (1.8.0_231-b11), built on Oct  5 2019 03:11:30 by "java_re" with MS VC++ 10.0 (VS2010)
Memory: 4k page, physical 8269996k(3112240k free), swap 21357564k(9938928k free)
CommandLine flags: -XX:InitialHeapSize=4294967296 -XX:MaxHeapSize=4294967296 -XX:+PrintGC -XX:+PrintGCDetails -XX:+PrintGCTimeStamps -XX:-UseAdaptiveSizePolicy -XX:+UseCompressedClassPointers -XX:+UseCompressedOops -XX:-UseLargePagesIndividualAllocation -XX:+UseParallelGC 
1.066: [GC (Metadata GC Threshold) [PSYoungGen: 335547K->15708K(1223168K)] 335547K->15732K(4019712K), 0.0137504 secs] [Times: user=0.08 sys=0.02, real=0.01 secs] 
1.080: [Full GC (Metadata GC Threshold) [PSYoungGen: 15708K->0K(1223168K)] [ParOldGen: 24K->14819K(2796544K)] 15732K->14819K(4019712K), [Metaspace: 20542K->20542K(1067008K)], 0.0234468 secs] [Times: user=0.17 sys=0.00, real=0.02 secs] 
Heap
 PSYoungGen      total 1223168K, used 531292K [0x000000076ab00000, 0x00000007c0000000, 0x00000007c0000000)
  eden space 1048576K, 50% used [0x000000076ab00000,0x000000078b1d73f8,0x00000007aab00000)
  from space 174592K, 0% used [0x00000007aab00000,0x00000007aab00000,0x00000007b5580000)
  to   space 174592K, 0% used [0x00000007b5580000,0x00000007b5580000,0x00000007c0000000)
 ParOldGen       total 2796544K, used 14819K [0x00000006c0000000, 0x000000076ab00000, 0x000000076ab00000)
  object space 2796544K, 0% used [0x00000006c0000000,0x00000006c0e78d70,0x000000076ab00000)
 Metaspace       used 33683K, capacity 35183K, committed 35496K, reserved 1079296K
  class space    used 4376K, capacity 4661K, committed 4776K, reserved 1048576K
