Java HotSpot(TM) 64-Bit Server VM (25.231-b11) for windows-amd64 JRE (1.8.0_231-b11), built on Oct  5 2019 03:11:30 by "java_re" with MS VC++ 10.0 (VS2010)
Memory: 4k page, physical 8269996k(3032236k free), swap 21357564k(9744820k free)
CommandLine flags: -XX:InitialHeapSize=268435456 -XX:MaxHeapSize=268435456 -XX:+PrintGC -XX:+PrintGCDetails -XX:+PrintGCTimeStamps -XX:-UseAdaptiveSizePolicy -XX:+UseCompressedClassPointers -XX:+UseCompressedOops -XX:-UseLargePagesIndividualAllocation -XX:+UseParallelGC 
0.542: [GC (Allocation Failure) [PSYoungGen: 65536K->4663K(76288K)] 65536K->4679K(251392K), 0.0067257 secs] [Times: user=0.08 sys=0.00, real=0.01 secs] 
0.703: [GC (Allocation Failure) [PSYoungGen: 70199K->5634K(76288K)] 70215K->5658K(251392K), 0.0059913 secs] [Times: user=0.00 sys=0.00, real=0.01 secs] 
0.828: [GC (Allocation Failure) [PSYoungGen: 71170K->6569K(76288K)] 71194K->6601K(251392K), 0.0051582 secs] [Times: user=0.00 sys=0.00, real=0.00 secs] 
0.997: [GC (Allocation Failure) [PSYoungGen: 72105K->9121K(76288K)] 72137K->9161K(251392K), 0.0064257 secs] [Times: user=0.00 sys=0.00, real=0.01 secs] 
1.044: [GC (Metadata GC Threshold) [PSYoungGen: 20216K->5889K(76288K)] 20256K->5937K(251392K), 0.0060040 secs] [Times: user=0.00 sys=0.00, real=0.01 secs] 
1.050: [Full GC (Metadata GC Threshold) [PSYoungGen: 5889K->0K(76288K)] [ParOldGen: 48K->5715K(175104K)] 5937K->5715K(251392K), [Metaspace: 20502K->20502K(1067008K)], 0.0244527 secs] [Times: user=0.06 sys=0.00, real=0.02 secs] 
1.315: [GC (Allocation Failure) [PSYoungGen: 65536K->3446K(76288K)] 71251K->9234K(251392K), 0.0029344 secs] [Times: user=0.00 sys=0.00, real=0.00 secs] 
1.639: [GC (Allocation Failure) [PSYoungGen: 68982K->5051K(76288K)] 74770K->10847K(251392K), 0.0034091 secs] [Times: user=0.00 sys=0.00, real=0.00 secs] 
1.982: [GC (Allocation Failure) [PSYoungGen: 70587K->6076K(76288K)] 76383K->11879K(251392K), 0.0065857 secs] [Times: user=0.00 sys=0.00, real=0.01 secs] 
2.259: [GC (Allocation Failure) [PSYoungGen: 71612K->10721K(76288K)] 77415K->17626K(251392K), 0.0069109 secs] [Times: user=0.09 sys=0.00, real=0.01 secs] 
2.423: [GC (Allocation Failure) [PSYoungGen: 76257K->10749K(76288K)] 83162K->19011K(251392K), 0.0059583 secs] [Times: user=0.00 sys=0.00, real=0.01 secs] 
2.619: [GC (Allocation Failure) [PSYoungGen: 76285K->10720K(76288K)] 84547K->21652K(251392K), 0.0124160 secs] [Times: user=0.08 sys=0.00, real=0.01 secs] 
Heap
 PSYoungGen      total 76288K, used 57027K [0x00000000fab00000, 0x0000000100000000, 0x0000000100000000)
  eden space 65536K, 70% used [0x00000000fab00000,0x00000000fd838c70,0x00000000feb00000)
  from space 10752K, 99% used [0x00000000feb00000,0x00000000ff578050,0x00000000ff580000)
  to   space 10752K, 0% used [0x00000000ff580000,0x00000000ff580000,0x0000000100000000)
 ParOldGen       total 175104K, used 10932K [0x00000000f0000000, 0x00000000fab00000, 0x00000000fab00000)
  object space 175104K, 6% used [0x00000000f0000000,0x00000000f0aad0c8,0x00000000fab00000)
 Metaspace       used 33702K, capacity 35191K, committed 35496K, reserved 1079296K
  class space    used 4376K, capacity 4661K, committed 4776K, reserved 1048576K
