Java HotSpot(TM) 64-Bit Server VM (25.231-b11) for windows-amd64 JRE (1.8.0_231-b11), built on Oct  5 2019 03:11:30 by "java_re" with MS VC++ 10.0 (VS2010)
Memory: 4k page, physical 8269996k(3313164k free), swap 21357348k(9802908k free)
CommandLine flags: -XX:InitialHeapSize=2147483648 -XX:MaxHeapSize=2147483648 -XX:+PrintGC -XX:+PrintGCDetails -XX:+PrintGCTimeStamps -XX:-UseAdaptiveSizePolicy -XX:+UseCompressedClassPointers -XX:+UseCompressedOops -XX:+UseG1GC -XX:-UseLargePagesIndividualAllocation 
0.662: [GC pause (G1 Evacuation Pause) (young), 0.0065497 secs]
   [Parallel Time: 3.1 ms, GC Workers: 6]
      [GC Worker Start (ms): Min: 662.3, Avg: 662.3, Max: 662.4, Diff: 0.1]
      [Ext Root Scanning (ms): Min: 0.1, Avg: 0.5, Max: 1.2, Diff: 1.1, Sum: 2.8]
      [Update RS (ms): Min: 0.0, Avg: 0.0, Max: 0.0, Diff: 0.0, Sum: 0.0]
         [Processed Buffers: Min: 0, Avg: 0.0, Max: 0, Diff: 0, Sum: 0]
      [Scan RS (ms): Min: 0.0, Avg: 0.0, Max: 0.0, Diff: 0.0, Sum: 0.1]
      [Code Root Scanning (ms): Min: 0.0, Avg: 0.4, Max: 1.9, Diff: 1.9, Sum: 2.6]
      [Object Copy (ms): Min: 0.9, Avg: 2.1, Max: 2.6, Diff: 1.8, Sum: 12.5]
      [Termination (ms): Min: 0.0, Avg: 0.0, Max: 0.0, Diff: 0.0, Sum: 0.0]
         [Termination Attempts: Min: 1, Avg: 32.8, Max: 45, Diff: 44, Sum: 197]
      [GC Worker Other (ms): Min: 0.0, Avg: 0.0, Max: 0.0, Diff: 0.0, Sum: 0.2]
      [GC Worker Total (ms): Min: 3.0, Avg: 3.0, Max: 3.1, Diff: 0.1, Sum: 18.3]
      [GC Worker End (ms): Min: 665.4, Avg: 665.4, Max: 665.4, Diff: 0.0]
   [Code Root Fixup: 0.0 ms]
   [Code Root Purge: 0.0 ms]
   [Clear CT: 0.1 ms]
   [Other: 3.3 ms]
      [Choose CSet: 0.0 ms]
      [Ref Proc: 2.8 ms]
      [Ref Enq: 0.0 ms]
      [Redirty Cards: 0.0 ms]
      [Humongous Register: 0.1 ms]
      [Humongous Reclaim: 0.0 ms]
      [Free CSet: 0.1 ms]
   [Eden: 102.0M(102.0M)->0.0B(103.0M) Survivors: 0.0B->7168.0K Heap: 102.0M(2048.0M)->6719.2K(2048.0M)]
 [Times: user=0.06 sys=0.02, real=0.01 secs] 
0.888: [GC pause (G1 Evacuation Pause) (young), 0.0068717 secs]
   [Parallel Time: 3.4 ms, GC Workers: 6]
      [GC Worker Start (ms): Min: 888.3, Avg: 888.4, Max: 888.4, Diff: 0.0]
      [Ext Root Scanning (ms): Min: 0.1, Avg: 0.4, Max: 1.4, Diff: 1.2, Sum: 2.4]
      [Update RS (ms): Min: 0.0, Avg: 0.0, Max: 0.0, Diff: 0.0, Sum: 0.0]
         [Processed Buffers: Min: 0, Avg: 0.0, Max: 0, Diff: 0, Sum: 0]
      [Scan RS (ms): Min: 0.0, Avg: 0.0, Max: 0.0, Diff: 0.0, Sum: 0.1]
      [Code Root Scanning (ms): Min: 0.0, Avg: 0.2, Max: 0.8, Diff: 0.8, Sum: 1.4]
      [Object Copy (ms): Min: 2.0, Avg: 2.7, Max: 3.1, Diff: 1.1, Sum: 16.4]
      [Termination (ms): Min: 0.0, Avg: 0.0, Max: 0.0, Diff: 0.0, Sum: 0.0]
         [Termination Attempts: Min: 1, Avg: 41.5, Max: 57, Diff: 56, Sum: 249]
      [GC Worker Other (ms): Min: 0.0, Avg: 0.0, Max: 0.0, Diff: 0.0, Sum: 0.1]
      [GC Worker Total (ms): Min: 3.4, Avg: 3.4, Max: 3.4, Diff: 0.0, Sum: 20.2]
      [GC Worker End (ms): Min: 891.7, Avg: 891.7, Max: 891.7, Diff: 0.0]
   [Code Root Fixup: 0.1 ms]
   [Code Root Purge: 0.0 ms]
   [Clear CT: 0.1 ms]
   [Other: 3.2 ms]
      [Choose CSet: 0.0 ms]
      [Ref Proc: 2.6 ms]
      [Ref Enq: 0.0 ms]
      [Redirty Cards: 0.0 ms]
      [Humongous Register: 0.1 ms]
      [Humongous Reclaim: 0.0 ms]
      [Free CSet: 0.1 ms]
   [Eden: 103.0M(103.0M)->0.0B(151.0M) Survivors: 7168.0K->9216.0K Heap: 109.6M(2048.0M)->9216.0K(2048.0M)]
 [Times: user=0.00 sys=0.00, real=0.01 secs] 
1.045: [GC pause (Metadata GC Threshold) (young) (initial-mark), 0.0068650 secs]
   [Parallel Time: 4.2 ms, GC Workers: 6]
      [GC Worker Start (ms): Min: 1045.3, Avg: 1045.3, Max: 1045.4, Diff: 0.0]
      [Ext Root Scanning (ms): Min: 1.1, Avg: 1.1, Max: 1.2, Diff: 0.2, Sum: 6.7]
      [Update RS (ms): Min: 0.0, Avg: 0.0, Max: 0.0, Diff: 0.0, Sum: 0.0]
         [Processed Buffers: Min: 0, Avg: 0.0, Max: 0, Diff: 0, Sum: 0]
      [Scan RS (ms): Min: 0.0, Avg: 0.0, Max: 0.0, Diff: 0.0, Sum: 0.0]
      [Code Root Scanning (ms): Min: 0.0, Avg: 0.2, Max: 0.3, Diff: 0.3, Sum: 1.1]
      [Object Copy (ms): Min: 2.6, Avg: 2.8, Max: 3.0, Diff: 0.3, Sum: 16.6]
      [Termination (ms): Min: 0.0, Avg: 0.0, Max: 0.0, Diff: 0.0, Sum: 0.0]
         [Termination Attempts: Min: 1, Avg: 46.7, Max: 61, Diff: 60, Sum: 280]
      [GC Worker Other (ms): Min: 0.0, Avg: 0.0, Max: 0.0, Diff: 0.0, Sum: 0.1]
      [GC Worker Total (ms): Min: 4.1, Avg: 4.1, Max: 4.1, Diff: 0.0, Sum: 24.5]
      [GC Worker End (ms): Min: 1049.4, Avg: 1049.4, Max: 1049.4, Diff: 0.0]
   [Code Root Fixup: 0.1 ms]
   [Code Root Purge: 0.0 ms]
   [Clear CT: 0.1 ms]
   [Other: 2.6 ms]
      [Choose CSet: 0.0 ms]
      [Ref Proc: 1.9 ms]
      [Ref Enq: 0.0 ms]
      [Redirty Cards: 0.0 ms]
      [Humongous Register: 0.0 ms]
      [Humongous Reclaim: 0.0 ms]
      [Free CSet: 0.1 ms]
   [Eden: 60.0M(151.0M)->0.0B(227.0M) Survivors: 9216.0K->11.0M Heap: 68.5M(2048.0M)->10.5M(2048.0M)]
 [Times: user=0.00 sys=0.00, real=0.01 secs] 
1.052: [GC concurrent-root-region-scan-start]
1.056: [GC concurrent-root-region-scan-end, 0.0039427 secs]
1.056: [GC concurrent-mark-start]
1.059: [GC concurrent-mark-end, 0.0009340 secs]
1.059: [GC remark 1.059: [Finalize Marking, 0.0000865 secs] 1.059: [GC ref-proc, 0.0002397 secs] 1.059: [Unloading, 0.0022859 secs], 0.0028406 secs]
 [Times: user=0.00 sys=0.00, real=0.00 secs] 
1.065: [GC cleanup 12M->12M(2048M), 0.0010296 secs]
 [Times: user=0.00 sys=0.00, real=0.00 secs] 
2.030: [GC pause (G1 Evacuation Pause) (young), 0.0137841 secs]
   [Parallel Time: 9.1 ms, GC Workers: 6]
      [GC Worker Start (ms): Min: 2030.0, Avg: 2030.0, Max: 2030.1, Diff: 0.1]
      [Ext Root Scanning (ms): Min: 0.2, Avg: 0.8, Max: 2.3, Diff: 2.2, Sum: 5.0]
      [Update RS (ms): Min: 0.0, Avg: 0.0, Max: 0.0, Diff: 0.0, Sum: 0.0]
         [Processed Buffers: Min: 0, Avg: 0.0, Max: 0, Diff: 0, Sum: 0]
      [Scan RS (ms): Min: 0.0, Avg: 0.0, Max: 0.0, Diff: 0.0, Sum: 0.1]
      [Code Root Scanning (ms): Min: 0.0, Avg: 0.5, Max: 0.9, Diff: 0.9, Sum: 2.9]
      [Object Copy (ms): Min: 6.7, Avg: 7.6, Max: 8.4, Diff: 1.7, Sum: 45.6]
      [Termination (ms): Min: 0.0, Avg: 0.0, Max: 0.1, Diff: 0.1, Sum: 0.1]
         [Termination Attempts: Min: 1, Avg: 101.7, Max: 144, Diff: 143, Sum: 610]
      [GC Worker Other (ms): Min: 0.0, Avg: 0.0, Max: 0.0, Diff: 0.0, Sum: 0.1]
      [GC Worker Total (ms): Min: 8.9, Avg: 9.0, Max: 9.0, Diff: 0.1, Sum: 53.8]
      [GC Worker End (ms): Min: 2039.0, Avg: 2039.0, Max: 2039.0, Diff: 0.0]
   [Code Root Fixup: 0.3 ms]
   [Code Root Purge: 0.0 ms]
   [Clear CT: 0.1 ms]
   [Other: 4.3 ms]
      [Choose CSet: 0.0 ms]
      [Ref Proc: 3.6 ms]
      [Ref Enq: 0.0 ms]
      [Redirty Cards: 0.0 ms]
      [Humongous Register: 0.1 ms]
      [Humongous Reclaim: 0.0 ms]
      [Free CSet: 0.3 ms]
   [Eden: 227.0M(227.0M)->0.0B(1164.0M) Survivors: 11.0M->21.0M Heap: 237.5M(2048.0M)->20.5M(2048.0M)]
 [Times: user=0.02 sys=0.00, real=0.01 secs] 
Heap
 garbage-first heap   total 2097152K, used 225791K [0x0000000080000000, 0x0000000080104000, 0x0000000100000000)
  region size 1024K, 222 young (227328K), 21 survivors (21504K)
 Metaspace       used 33669K, capacity 35197K, committed 35452K, reserved 1079296K
  class space    used 4373K, capacity 4662K, committed 4784K, reserved 1048576K
