Java HotSpot(TM) 64-Bit Server VM (25.231-b11) for windows-amd64 JRE (1.8.0_231-b11), built on Oct  5 2019 03:11:30 by "java_re" with MS VC++ 10.0 (VS2010)
Memory: 4k page, physical 8269996k(3328932k free), swap 21357564k(9821252k free)
CommandLine flags: -XX:InitialHeapSize=536870912 -XX:MaxHeapSize=536870912 -XX:+PrintGC -XX:+PrintGCDetails -XX:+PrintGCTimeStamps -XX:-UseAdaptiveSizePolicy -XX:+UseCompressedClassPointers -XX:+UseCompressedOops -XX:+UseG1GC -XX:-UseLargePagesIndividualAllocation 
0.404: [GC pause (G1 Evacuation Pause) (young), 0.0027771 secs]
   [Parallel Time: 1.8 ms, GC Workers: 6]
      [GC Worker Start (ms): Min: 403.9, Avg: 404.0, Max: 404.0, Diff: 0.0]
      [Ext Root Scanning (ms): Min: 0.1, Avg: 0.4, Max: 0.8, Diff: 0.7, Sum: 2.3]
      [Update RS (ms): Min: 0.0, Avg: 0.0, Max: 0.0, Diff: 0.0, Sum: 0.0]
         [Processed Buffers: Min: 0, Avg: 0.0, Max: 0, Diff: 0, Sum: 0]
      [Scan RS (ms): Min: 0.0, Avg: 0.0, Max: 0.0, Diff: 0.0, Sum: 0.0]
      [Code Root Scanning (ms): Min: 0.0, Avg: 0.1, Max: 0.4, Diff: 0.4, Sum: 0.8]
      [Object Copy (ms): Min: 0.8, Avg: 1.1, Max: 1.3, Diff: 0.5, Sum: 6.7]
      [Termination (ms): Min: 0.0, Avg: 0.0, Max: 0.0, Diff: 0.0, Sum: 0.1]
         [Termination Attempts: Min: 1, Avg: 19.8, Max: 30, Diff: 29, Sum: 119]
      [GC Worker Other (ms): Min: 0.0, Avg: 0.0, Max: 0.1, Diff: 0.1, Sum: 0.3]
      [GC Worker Total (ms): Min: 1.7, Avg: 1.7, Max: 1.7, Diff: 0.0, Sum: 10.3]
      [GC Worker End (ms): Min: 405.7, Avg: 405.7, Max: 405.7, Diff: 0.0]
   [Code Root Fixup: 0.0 ms]
   [Code Root Purge: 0.0 ms]
   [Clear CT: 0.1 ms]
   [Other: 0.9 ms]
      [Choose CSet: 0.0 ms]
      [Ref Proc: 0.6 ms]
      [Ref Enq: 0.0 ms]
      [Redirty Cards: 0.1 ms]
      [Humongous Register: 0.1 ms]
      [Humongous Reclaim: 0.0 ms]
      [Free CSet: 0.0 ms]
   [Eden: 25.0M(25.0M)->0.0B(32.0M) Survivors: 0.0B->4096.0K Heap: 25.0M(512.0M)->3104.0K(512.0M)]
 [Times: user=0.00 sys=0.00, real=0.00 secs] 
0.550: [GC pause (G1 Evacuation Pause) (young), 0.0035220 secs]
   [Parallel Time: 2.5 ms, GC Workers: 6]
      [GC Worker Start (ms): Min: 550.5, Avg: 551.1, Max: 552.9, Diff: 2.4]
      [Ext Root Scanning (ms): Min: 0.0, Avg: 0.3, Max: 0.8, Diff: 0.8, Sum: 1.5]
      [Update RS (ms): Min: 0.0, Avg: 0.0, Max: 0.0, Diff: 0.0, Sum: 0.0]
         [Processed Buffers: Min: 0, Avg: 0.0, Max: 0, Diff: 0, Sum: 0]
      [Scan RS (ms): Min: 0.0, Avg: 0.0, Max: 0.0, Diff: 0.0, Sum: 0.0]
      [Code Root Scanning (ms): Min: 0.0, Avg: 0.1, Max: 0.5, Diff: 0.5, Sum: 0.6]
      [Object Copy (ms): Min: 0.0, Avg: 1.3, Max: 1.9, Diff: 1.9, Sum: 7.7]
      [Termination (ms): Min: 0.0, Avg: 0.0, Max: 0.1, Diff: 0.1, Sum: 0.2]
         [Termination Attempts: Min: 1, Avg: 20.8, Max: 34, Diff: 33, Sum: 125]
      [GC Worker Other (ms): Min: 0.0, Avg: 0.1, Max: 0.6, Diff: 0.6, Sum: 0.6]
      [GC Worker Total (ms): Min: 0.0, Avg: 1.8, Max: 2.4, Diff: 2.4, Sum: 10.7]
      [GC Worker End (ms): Min: 552.9, Avg: 552.9, Max: 552.9, Diff: 0.0]
   [Code Root Fixup: 0.0 ms]
   [Code Root Purge: 0.0 ms]
   [Clear CT: 0.0 ms]
   [Other: 1.0 ms]
      [Choose CSet: 0.0 ms]
      [Ref Proc: 0.7 ms]
      [Ref Enq: 0.0 ms]
      [Redirty Cards: 0.0 ms]
      [Humongous Register: 0.0 ms]
      [Humongous Reclaim: 0.0 ms]
      [Free CSet: 0.0 ms]
   [Eden: 32.0M(32.0M)->0.0B(302.0M) Survivors: 4096.0K->5120.0K Heap: 35.0M(512.0M)->5474.5K(512.0M)]
 [Times: user=0.06 sys=0.00, real=0.00 secs] 
1.146: [GC pause (Metadata GC Threshold) (young) (initial-mark), 0.0130356 secs]
   [Parallel Time: 6.6 ms, GC Workers: 6]
      [GC Worker Start (ms): Min: 1146.2, Avg: 1146.2, Max: 1146.2, Diff: 0.0]
      [Ext Root Scanning (ms): Min: 1.2, Avg: 1.4, Max: 1.6, Diff: 0.3, Sum: 8.2]
      [Update RS (ms): Min: 0.0, Avg: 0.0, Max: 0.0, Diff: 0.0, Sum: 0.0]
         [Processed Buffers: Min: 0, Avg: 0.2, Max: 1, Diff: 1, Sum: 1]
      [Scan RS (ms): Min: 0.0, Avg: 0.0, Max: 0.0, Diff: 0.0, Sum: 0.1]
      [Code Root Scanning (ms): Min: 0.0, Avg: 1.6, Max: 5.0, Diff: 5.0, Sum: 9.4]
      [Object Copy (ms): Min: 0.1, Avg: 3.4, Max: 5.2, Diff: 5.0, Sum: 20.7]
      [Termination (ms): Min: 0.0, Avg: 0.1, Max: 0.1, Diff: 0.1, Sum: 0.4]
         [Termination Attempts: Min: 1, Avg: 103.0, Max: 147, Diff: 146, Sum: 618]
      [GC Worker Other (ms): Min: 0.0, Avg: 0.0, Max: 0.0, Diff: 0.0, Sum: 0.1]
      [GC Worker Total (ms): Min: 6.5, Avg: 6.5, Max: 6.5, Diff: 0.1, Sum: 38.9]
      [GC Worker End (ms): Min: 1152.6, Avg: 1152.7, Max: 1152.7, Diff: 0.0]
   [Code Root Fixup: 0.0 ms]
   [Code Root Purge: 0.0 ms]
   [Clear CT: 0.1 ms]
   [Other: 6.3 ms]
      [Choose CSet: 0.0 ms]
      [Ref Proc: 5.9 ms]
      [Ref Enq: 0.0 ms]
      [Redirty Cards: 0.0 ms]
      [Humongous Register: 0.0 ms]
      [Humongous Reclaim: 0.0 ms]
      [Free CSet: 0.1 ms]
   [Eden: 208.0M(302.0M)->0.0B(291.0M) Survivors: 5120.0K->16.0M Heap: 213.3M(512.0M)->15.8M(512.0M)]
 [Times: user=0.00 sys=0.00, real=0.01 secs] 
1.159: [GC concurrent-root-region-scan-start]
1.164: [GC concurrent-root-region-scan-end, 0.0046257 secs]
1.164: [GC concurrent-mark-start]
1.164: [GC concurrent-mark-end, 0.0003259 secs]
1.165: [GC remark 1.165: [Finalize Marking, 0.0001403 secs] 1.165: [GC ref-proc, 0.0002442 secs] 1.166: [Unloading, 0.0027940 secs], 0.0033738 secs]
 [Times: user=0.00 sys=0.00, real=0.00 secs] 
1.169: [GC cleanup 16M->16M(512M), 0.0003813 secs]
 [Times: user=0.00 sys=0.00, real=0.00 secs] 
1.169: [GC concurrent-cleanup-start]
1.169: [GC concurrent-cleanup-end, 0.0000081 secs]
2.920: [GC pause (G1 Evacuation Pause) (young), 0.0179151 secs]
   [Parallel Time: 12.9 ms, GC Workers: 6]
      [GC Worker Start (ms): Min: 2920.1, Avg: 2920.2, Max: 2920.2, Diff: 0.0]
      [Ext Root Scanning (ms): Min: 0.1, Avg: 0.8, Max: 2.9, Diff: 2.8, Sum: 5.0]
      [Update RS (ms): Min: 0.0, Avg: 0.0, Max: 0.0, Diff: 0.0, Sum: 0.0]
         [Processed Buffers: Min: 0, Avg: 0.2, Max: 1, Diff: 1, Sum: 1]
      [Scan RS (ms): Min: 0.0, Avg: 0.0, Max: 0.0, Diff: 0.0, Sum: 0.2]
      [Code Root Scanning (ms): Min: 0.0, Avg: 0.7, Max: 1.3, Diff: 1.3, Sum: 4.4]
      [Object Copy (ms): Min: 8.7, Avg: 10.0, Max: 10.8, Diff: 2.1, Sum: 59.9]
      [Termination (ms): Min: 0.0, Avg: 0.4, Max: 1.3, Diff: 1.3, Sum: 2.6]
         [Termination Attempts: Min: 1, Avg: 47.7, Max: 73, Diff: 72, Sum: 286]
      [GC Worker Other (ms): Min: 0.0, Avg: 0.2, Max: 0.9, Diff: 0.9, Sum: 1.1]
      [GC Worker Total (ms): Min: 11.7, Avg: 12.2, Max: 12.9, Diff: 1.2, Sum: 73.2]
      [GC Worker End (ms): Min: 2931.9, Avg: 2932.4, Max: 2933.0, Diff: 1.2]
   [Code Root Fixup: 0.2 ms]
   [Code Root Purge: 0.0 ms]
   [Clear CT: 0.1 ms]
   [Other: 4.6 ms]
      [Choose CSet: 0.0 ms]
      [Ref Proc: 4.2 ms]
      [Ref Enq: 0.0 ms]
      [Redirty Cards: 0.0 ms]
      [Humongous Register: 0.0 ms]
      [Humongous Reclaim: 0.0 ms]
      [Free CSet: 0.2 ms]
   [Eden: 291.0M(291.0M)->0.0B(283.0M) Survivors: 16.0M->24.0M Heap: 306.5M(512.0M)->23.5M(512.0M)]
 [Times: user=0.08 sys=0.02, real=0.02 secs] 
Heap
 garbage-first heap   total 524288K, used 160255K [0x00000000e0000000, 0x00000000e0101000, 0x0000000100000000)
  region size 1024K, 158 young (161792K), 24 survivors (24576K)
 Metaspace       used 33702K, capacity 35194K, committed 35504K, reserved 1079296K
  class space    used 4372K, capacity 4660K, committed 4784K, reserved 1048576K
