Java HotSpot(TM) 64-Bit Server VM (25.231-b11) for windows-amd64 JRE (1.8.0_231-b11), built on Oct  5 2019 03:11:30 by "java_re" with MS VC++ 10.0 (VS2010)
Memory: 4k page, physical 8269996k(3122548k free), swap 21357564k(9958492k free)
CommandLine flags: -XX:InitialHeapSize=536870912 -XX:MaxHeapSize=536870912 -XX:MaxNewSize=178958336 -XX:MaxTenuringThreshold=6 -XX:NewSize=178958336 -XX:OldPLABSize=16 -XX:OldSize=357912576 -XX:+PrintGC -XX:+PrintGCDetails -XX:+PrintGCTimeStamps -XX:-UseAdaptiveSizePolicy -XX:+UseCompressedClassPointers -XX:+UseCompressedOops -XX:+UseConcMarkSweepGC -XX:-UseLargePagesIndividualAllocation -XX:+UseParNewGC 
0.681: [GC (Allocation Failure) 0.681: [ParNew: 139776K->7557K(157248K), 0.0067709 secs] 139776K->7557K(506816K), 0.0069907 secs] [Times: user=0.05 sys=0.00, real=0.01 secs] 
1.091: [GC (Allocation Failure) 1.091: [ParNew: 147333K->12672K(157248K), 0.0167286 secs] 147333K->12672K(506816K), 0.0169261 secs] [Times: user=0.00 sys=0.02, real=0.02 secs] 
1.110: [GC (CMS Initial Mark) [1 CMS-initial-mark: 0K(349568K)] 14480K(506816K), 0.0017551 secs] [Times: user=0.00 sys=0.00, real=0.00 secs] 
1.112: [CMS-concurrent-mark-start]
1.112: [CMS-concurrent-mark: 0.000/0.000 secs] [Times: user=0.00 sys=0.00, real=0.00 secs] 
1.112: [CMS-concurrent-preclean-start]
1.113: [CMS-concurrent-preclean: 0.001/0.001 secs] [Times: user=0.00 sys=0.00, real=0.00 secs] 
1.113: [CMS-concurrent-abortable-preclean-start]
1.589: [CMS-concurrent-abortable-preclean: 0.198/0.476 secs] [Times: user=1.19 sys=0.08, real=0.48 secs] 
1.589: [GC (CMS Final Remark) [YG occupancy: 84635 K (157248 K)]1.589: [Rescan (parallel) , 0.0066014 secs]1.596: [weak refs processing, 0.0000258 secs]1.596: [class unloading, 0.0045386 secs]1.600: [scrub symbol table, 0.0040848 secs]1.604: [scrub string table, 0.0002590 secs][1 CMS-remark: 0K(349568K)] 84635K(506816K), 0.0165704 secs] [Times: user=0.08 sys=0.00, real=0.02 secs] 
1.606: [CMS-concurrent-sweep-start]
1.606: [CMS-concurrent-sweep: 0.000/0.000 secs] [Times: user=0.00 sys=0.00, real=0.00 secs] 
1.606: [CMS-concurrent-reset-start]
1.609: [CMS-concurrent-reset: 0.003/0.003 secs] [Times: user=0.02 sys=0.02, real=0.00 secs] 
1.902: [GC (Allocation Failure) 1.902: [ParNew: 152448K->10073K(157248K), 0.0147528 secs] 152448K->13827K(506816K), 0.0148763 secs] [Times: user=0.08 sys=0.00, real=0.02 secs] 
2.486: [GC (Allocation Failure) 2.486: [ParNew: 149849K->15757K(157248K), 0.0071401 secs] 153603K->19511K(506816K), 0.0072354 secs] [Times: user=0.00 sys=0.00, real=0.01 secs] 
2.844: [GC (Allocation Failure) 2.844: [ParNew: 155533K->11316K(157248K), 0.0139767 secs] 159287K->26991K(506816K), 0.0141120 secs] [Times: user=0.03 sys=0.00, real=0.01 secs] 
Heap
 par new generation   total 157248K, used 35856K [0x00000000e0000000, 0x00000000eaaa0000, 0x00000000eaaa0000)
  eden space 139776K,  17% used [0x00000000e0000000, 0x00000000e17f6ed8, 0x00000000e8880000)
  from space 17472K,  64% used [0x00000000e9990000, 0x00000000ea49d240, 0x00000000eaaa0000)
  to   space 17472K,   0% used [0x00000000e8880000, 0x00000000e8880000, 0x00000000e9990000)
 concurrent mark-sweep generation total 349568K, used 15674K [0x00000000eaaa0000, 0x0000000100000000, 0x0000000100000000)
 Metaspace       used 33704K, capacity 35190K, committed 35424K, reserved 1079296K
  class space    used 4370K, capacity 4660K, committed 4704K, reserved 1048576K
